Loading python/3.11.9-gcc-11.5.0-lcos74i
  Loading requirement: glibc/2.34-gcc-11.5.0-pvxzd7x
    gcc-runtime/11.5.0-gcc-11.5.0-ummhigh bzip2/1.0.8-gcc-11.5.0-zflzmmu
    libmd/1.0.4-gcc-11.5.0-55erl6z libbsd/0.12.2-gcc-11.5.0-vi5swmx
    expat/2.6.4-gcc-11.5.0-l7c6mcr ncurses/6.5-gcc-11.5.0-dmolxwk
    readline/8.2-gcc-11.5.0-xfzlvrx gdbm/1.23-gcc-11.5.0-az3qhor
    xz/5.4.6-gcc-11.5.0-pd2qfl7 zlib/1.3.1-gcc-11.5.0-4lchq6k
    libxml2/2.13.4-gcc-11.5.0-yqs2dzp pigz/2.8-gcc-11.5.0-4mldkdl
    zstd/1.5.6-gcc-11.5.0-rbv3mbv tar/1.34-gcc-11.5.0-cq5xmvr
    gettext/0.22.5-gcc-11.5.0-trruhow libffi/3.4.6-gcc-11.5.0-axqykin
    libxcrypt/4.4.35-gcc-11.5.0-ibrefxr openssl/3.4.0-gcc-11.5.0-jz6o2m7
    sqlite/3.46.0-gcc-11.5.0-wfqbdy2 util-linux-uuid/2.40.2-gcc-11.5.0-wl67vxg
Finding 1000 valid volumes...
Final Counts -> Train: 702, Val: 148, Test: 150
/scratch/19335683/vlm3d_challenge/dl_env/lib64/python3.9/site-packages/monai/utils/deprecate_utils.py:321: FutureWarning: monai.transforms.spatial.dictionary Orientationd.__init__:labels: Current default value of argument `labels=(('L', 'R'), ('P', 'A'), ('I', 'S'))` was changed in version None from `labels=(('L', 'R'), ('P', 'A'), ('I', 'S'))` to `labels=None`. Default value changed to None meaning that the transform now uses the 'space' of a meta-tensor, if applicable, to determine appropriate axis labels.
  warn_deprecated(argname, msg, warning_category)
Building 3D ResNet50 on: cuda
Calculated Class Weights: tensor([ 9.0286,  2.3429,  7.0690, 11.1034,  2.8571,  5.6226,  4.0504,  4.2388,
         2.8152,  1.1534,  2.0000,  4.1618,  9.1739, 13.0400,  9.0286,  4.5714,
         9.1739, 13.6250], device='cuda:0')
Starting Training...
Epoch 1/30 | Train Loss: 1.1179
Epoch 1/30 | Val Loss: 1.0540 | AUROC: 0.6279 | PR-AUC: 0.3151 | F1: 0.2183
Val loss improved from inf to 1.0540. Saving model
Epoch 2/30 | Train Loss: 1.0718
Epoch 2/30 | Val Loss: 1.0790 | AUROC: 0.6422 | PR-AUC: 0.3004 | F1: 0.2983
Epoch 3/30 | Train Loss: 1.0543
Epoch 3/30 | Val Loss: 1.1127 | AUROC: 0.6355 | PR-AUC: 0.3126 | F1: 0.2682
Epoch 4/30 | Train Loss: 1.0495
Epoch 4/30 | Val Loss: 1.1372 | AUROC: 0.6139 | PR-AUC: 0.3217 | F1: 0.2621
Epoch 5/30 | Train Loss: 1.0321
Epoch 5/30 | Val Loss: 1.0432 | AUROC: 0.6203 | PR-AUC: 0.3327 | F1: 0.2664
Val loss improved from 1.0540 to 1.0432. Saving model
Epoch 6/30 | Train Loss: 1.0157
Epoch 6/30 | Val Loss: 1.0527 | AUROC: 0.6262 | PR-AUC: 0.3122 | F1: 0.2772
Epoch 7/30 | Train Loss: 0.9978
Epoch 7/30 | Val Loss: 1.0417 | AUROC: 0.6452 | PR-AUC: 0.3406 | F1: 0.2966
Val loss improved from 1.0432 to 1.0417. Saving model
Epoch 8/30 | Train Loss: 0.9886
Epoch 8/30 | Val Loss: 1.0479 | AUROC: 0.6217 | PR-AUC: 0.3056 | F1: 0.2894
Epoch 9/30 | Train Loss: 0.9416
Epoch 9/30 | Val Loss: 1.0874 | AUROC: 0.6505 | PR-AUC: 0.2870 | F1: 0.2885
Epoch 10/30 | Train Loss: 0.9342
Epoch 10/30 | Val Loss: 1.1349 | AUROC: 0.6351 | PR-AUC: 0.3294 | F1: 0.2665
Epoch 11/30 | Train Loss: 0.8835
Epoch 11/30 | Val Loss: 1.1652 | AUROC: 0.6490 | PR-AUC: 0.2938 | F1: 0.3034
Epoch 12/30 | Train Loss: 0.8362
Epoch 12/30 | Val Loss: 1.1308 | AUROC: 0.6557 | PR-AUC: 0.3209 | F1: 0.2767
Epoch 13/30 | Train Loss: 0.7848
Epoch 13/30 | Val Loss: 1.1944 | AUROC: 0.6389 | PR-AUC: 0.2902 | F1: 0.2907
Epoch 14/30 | Train Loss: 0.7156
Epoch 14/30 | Val Loss: 1.1970 | AUROC: 0.6373 | PR-AUC: 0.2815 | F1: 0.3059
Epoch 15/30 | Train Loss: 0.6448
Epoch 15/30 | Val Loss: 1.3260 | AUROC: 0.6521 | PR-AUC: 0.2707 | F1: 0.2611
Epoch 16/30 | Train Loss: 0.6158
Epoch 16/30 | Val Loss: 1.7331 | AUROC: 0.6663 | PR-AUC: 0.2840 | F1: 0.2270
Epoch 17/30 | Train Loss: 0.5634
slurmstepd: error: *** JOB 373652 ON sonicgpu6 CANCELLED AT 2026-05-16T14:28:42 ***
