Loading python/3.11.9-gcc-11.5.0-lcos74i
  Loading requirement: glibc/2.34-gcc-11.5.0-pvxzd7x
    gcc-runtime/11.5.0-gcc-11.5.0-ummhigh bzip2/1.0.8-gcc-11.5.0-zflzmmu
    libmd/1.0.4-gcc-11.5.0-55erl6z libbsd/0.12.2-gcc-11.5.0-vi5swmx
    expat/2.6.4-gcc-11.5.0-l7c6mcr ncurses/6.5-gcc-11.5.0-dmolxwk
    readline/8.2-gcc-11.5.0-xfzlvrx gdbm/1.23-gcc-11.5.0-az3qhor
    xz/5.4.6-gcc-11.5.0-pd2qfl7 zlib/1.3.1-gcc-11.5.0-4lchq6k
    libxml2/2.13.4-gcc-11.5.0-yqs2dzp pigz/2.8-gcc-11.5.0-4mldkdl
    zstd/1.5.6-gcc-11.5.0-rbv3mbv tar/1.34-gcc-11.5.0-cq5xmvr
    gettext/0.22.5-gcc-11.5.0-trruhow libffi/3.4.6-gcc-11.5.0-axqykin
    libxcrypt/4.4.35-gcc-11.5.0-ibrefxr openssl/3.4.0-gcc-11.5.0-jz6o2m7
    sqlite/3.46.0-gcc-11.5.0-wfqbdy2 util-linux-uuid/2.40.2-gcc-11.5.0-wl67vxg
Finding 1000 valid volumes...
Final Counts -> Train: 702, Val: 148, Test: 150
/scratch/19335683/vlm3d_challenge/dl_env/lib64/python3.9/site-packages/monai/utils/deprecate_utils.py:321: FutureWarning: monai.transforms.spatial.dictionary Orientationd.__init__:labels: Current default value of argument `labels=(('L', 'R'), ('P', 'A'), ('I', 'S'))` was changed in version None from `labels=(('L', 'R'), ('P', 'A'), ('I', 'S'))` to `labels=None`. Default value changed to None meaning that the transform now uses the 'space' of a meta-tensor, if applicable, to determine appropriate axis labels.
  warn_deprecated(argname, msg, warning_category)
Building 3D ResNet50 on: cuda
Calculated Class Weights: tensor([ 9.0286,  2.3429,  7.0690, 11.1034,  2.8571,  5.6226,  4.0504,  4.2388,
         2.8152,  1.1534,  2.0000,  4.1618,  9.1739, 13.0400,  9.0286,  4.5714,
         9.1739, 13.6250], device='cuda:0')
Starting Training...
Epoch 1: Batch 0/176 processed...
Epoch 1: Batch 10/176 processed...
Epoch 1: Batch 20/176 processed...
Epoch 1: Batch 30/176 processed...
Epoch 1: Batch 40/176 processed...
Epoch 1: Batch 50/176 processed...
Epoch 1: Batch 60/176 processed...
Epoch 1: Batch 70/176 processed...
Epoch 1: Batch 80/176 processed...
Epoch 1: Batch 90/176 processed...
Epoch 1: Batch 100/176 processed...
Epoch 1: Batch 110/176 processed...
Epoch 1: Batch 120/176 processed...
Epoch 1: Batch 130/176 processed...
Epoch 1: Batch 140/176 processed...
Epoch 1: Batch 150/176 processed...
Epoch 1: Batch 160/176 processed...
Epoch 1: Batch 170/176 processed...
Epoch 1/30 | Train Loss: 1.0678
Epoch 1/30 | Val Loss: 1.1251 | AUROC: 0.6900 | PR-AUC: 0.3177 | F1: 0.2246
Val loss improved from inf to 1.1251. Saving model
Epoch 2: Batch 0/176 processed...
Epoch 2: Batch 10/176 processed...
Epoch 2: Batch 20/176 processed...
Epoch 2: Batch 30/176 processed...
Epoch 2: Batch 40/176 processed...
Epoch 2: Batch 50/176 processed...
Epoch 2: Batch 60/176 processed...
Epoch 2: Batch 70/176 processed...
Epoch 2: Batch 80/176 processed...
Epoch 2: Batch 90/176 processed...
Epoch 2: Batch 100/176 processed...
Epoch 2: Batch 110/176 processed...
Epoch 2: Batch 120/176 processed...
Epoch 2: Batch 130/176 processed...
Epoch 2: Batch 140/176 processed...
Epoch 2: Batch 150/176 processed...
Epoch 2: Batch 160/176 processed...
Epoch 2: Batch 170/176 processed...
Epoch 2/30 | Train Loss: 1.0471
Epoch 2/30 | Val Loss: 1.2693 | AUROC: 0.6882 | PR-AUC: 0.3274 | F1: 0.2577
Epoch 3: Batch 0/176 processed...
Epoch 3: Batch 10/176 processed...
Epoch 3: Batch 20/176 processed...
Epoch 3: Batch 30/176 processed...
Epoch 3: Batch 40/176 processed...
Epoch 3: Batch 50/176 processed...
Epoch 3: Batch 60/176 processed...
Epoch 3: Batch 70/176 processed...
Epoch 3: Batch 80/176 processed...
Epoch 3: Batch 90/176 processed...
Epoch 3: Batch 100/176 processed...
Epoch 3: Batch 110/176 processed...
Epoch 3: Batch 120/176 processed...
Epoch 3: Batch 130/176 processed...
Epoch 3: Batch 140/176 processed...
Epoch 3: Batch 150/176 processed...
Epoch 3: Batch 160/176 processed...
Epoch 3: Batch 170/176 processed...
Epoch 3/30 | Train Loss: 1.0215
Epoch 3/30 | Val Loss: 0.9709 | AUROC: 0.6937 | PR-AUC: 0.3119 | F1: 0.3562
Val loss improved from 1.1251 to 0.9709. Saving model
Epoch 4: Batch 0/176 processed...
Epoch 4: Batch 10/176 processed...
Epoch 4: Batch 20/176 processed...
Epoch 4: Batch 30/176 processed...
Epoch 4: Batch 40/176 processed...
Epoch 4: Batch 50/176 processed...
Epoch 4: Batch 60/176 processed...
Epoch 4: Batch 70/176 processed...
Epoch 4: Batch 80/176 processed...
Epoch 4: Batch 90/176 processed...
Epoch 4: Batch 100/176 processed...
Epoch 4: Batch 110/176 processed...
Epoch 4: Batch 120/176 processed...
Epoch 4: Batch 130/176 processed...
Epoch 4: Batch 140/176 processed...
Epoch 4: Batch 150/176 processed...
Epoch 4: Batch 160/176 processed...
Epoch 4: Batch 170/176 processed...
Epoch 4/30 | Train Loss: 1.0084
Epoch 4/30 | Val Loss: 0.9897 | AUROC: 0.6852 | PR-AUC: 0.3594 | F1: 0.3570
Epoch 5: Batch 0/176 processed...
Epoch 5: Batch 10/176 processed...
Epoch 5: Batch 20/176 processed...
Epoch 5: Batch 30/176 processed...
Epoch 5: Batch 40/176 processed...
Epoch 5: Batch 50/176 processed...
Epoch 5: Batch 60/176 processed...
Epoch 5: Batch 70/176 processed...
Epoch 5: Batch 80/176 processed...
Epoch 5: Batch 90/176 processed...
Epoch 5: Batch 100/176 processed...
Epoch 5: Batch 110/176 processed...
Epoch 5: Batch 120/176 processed...
Epoch 5: Batch 130/176 processed...
Epoch 5: Batch 140/176 processed...
Epoch 5: Batch 150/176 processed...
Epoch 5: Batch 160/176 processed...
Epoch 5: Batch 170/176 processed...
Epoch 5/30 | Train Loss: 0.9703
Epoch 5/30 | Val Loss: 0.9630 | AUROC: 0.6975 | PR-AUC: 0.3212 | F1: 0.3683
Val loss improved from 0.9709 to 0.9630. Saving model
Epoch 6: Batch 0/176 processed...
Epoch 6: Batch 10/176 processed...
Epoch 6: Batch 20/176 processed...
Epoch 6: Batch 30/176 processed...
Epoch 6: Batch 40/176 processed...
Epoch 6: Batch 50/176 processed...
Epoch 6: Batch 60/176 processed...
Epoch 6: Batch 70/176 processed...
Epoch 6: Batch 80/176 processed...
Epoch 6: Batch 90/176 processed...
Epoch 6: Batch 100/176 processed...
Epoch 6: Batch 110/176 processed...
Epoch 6: Batch 120/176 processed...
Epoch 6: Batch 130/176 processed...
Epoch 6: Batch 140/176 processed...
Epoch 6: Batch 150/176 processed...
Epoch 6: Batch 160/176 processed...
Epoch 6: Batch 170/176 processed...
Epoch 6/30 | Train Loss: 0.9441
Epoch 6/30 | Val Loss: 1.0569 | AUROC: 0.7050 | PR-AUC: 0.3008 | F1: 0.3288
Epoch 7: Batch 0/176 processed...
Epoch 7: Batch 10/176 processed...
Epoch 7: Batch 20/176 processed...
Epoch 7: Batch 30/176 processed...
Epoch 7: Batch 40/176 processed...
Epoch 7: Batch 50/176 processed...
Epoch 7: Batch 60/176 processed...
Epoch 7: Batch 70/176 processed...
Epoch 7: Batch 80/176 processed...
Epoch 7: Batch 90/176 processed...
Epoch 7: Batch 100/176 processed...
Epoch 7: Batch 110/176 processed...
Epoch 7: Batch 120/176 processed...
Epoch 7: Batch 130/176 processed...
Epoch 7: Batch 140/176 processed...
Epoch 7: Batch 150/176 processed...
Epoch 7: Batch 160/176 processed...
Epoch 7: Batch 170/176 processed...
Epoch 7/30 | Train Loss: 0.9150
Epoch 7/30 | Val Loss: 1.0806 | AUROC: 0.6756 | PR-AUC: 0.3200 | F1: 0.3272
Epoch 8: Batch 0/176 processed...
Epoch 8: Batch 10/176 processed...
Epoch 8: Batch 20/176 processed...
Epoch 8: Batch 30/176 processed...
Epoch 8: Batch 40/176 processed...
Epoch 8: Batch 50/176 processed...
Epoch 8: Batch 60/176 processed...
Epoch 8: Batch 70/176 processed...
Epoch 8: Batch 80/176 processed...
Epoch 8: Batch 90/176 processed...
Epoch 8: Batch 100/176 processed...
Epoch 8: Batch 110/176 processed...
Epoch 8: Batch 120/176 processed...
Epoch 8: Batch 130/176 processed...
Epoch 8: Batch 140/176 processed...
Epoch 8: Batch 150/176 processed...
Epoch 8: Batch 160/176 processed...
Epoch 8: Batch 170/176 processed...
Epoch 8/30 | Train Loss: 0.8465
Epoch 8/30 | Val Loss: 1.0923 | AUROC: 0.6839 | PR-AUC: 0.3297 | F1: 0.3189
Epoch 9: Batch 0/176 processed...
Epoch 9: Batch 10/176 processed...
Epoch 9: Batch 20/176 processed...
Epoch 9: Batch 30/176 processed...
Epoch 9: Batch 40/176 processed...
Epoch 9: Batch 50/176 processed...
Epoch 9: Batch 60/176 processed...
Epoch 9: Batch 70/176 processed...
Epoch 9: Batch 80/176 processed...
Epoch 9: Batch 90/176 processed...
Epoch 9: Batch 100/176 processed...
Epoch 9: Batch 110/176 processed...
Epoch 9: Batch 120/176 processed...
Epoch 9: Batch 130/176 processed...
Epoch 9: Batch 140/176 processed...
Epoch 9: Batch 150/176 processed...
Epoch 9: Batch 160/176 processed...
Epoch 9: Batch 170/176 processed...
Epoch 9/30 | Train Loss: 0.7916
Epoch 9/30 | Val Loss: 1.3396 | AUROC: 0.6212 | PR-AUC: 0.2708 | F1: 0.2945
Epoch 10: Batch 0/176 processed...
Epoch 10: Batch 10/176 processed...
Epoch 10: Batch 20/176 processed...
Epoch 10: Batch 30/176 processed...
Epoch 10: Batch 40/176 processed...
Epoch 10: Batch 50/176 processed...
Epoch 10: Batch 60/176 processed...
Epoch 10: Batch 70/176 processed...
Epoch 10: Batch 80/176 processed...
Epoch 10: Batch 90/176 processed...
Epoch 10: Batch 100/176 processed...
Epoch 10: Batch 110/176 processed...
Epoch 10: Batch 120/176 processed...
Epoch 10: Batch 130/176 processed...
Epoch 10: Batch 140/176 processed...
Epoch 10: Batch 150/176 processed...
Epoch 10: Batch 160/176 processed...
Epoch 10: Batch 170/176 processed...
Epoch 10/30 | Train Loss: 0.7924
Epoch 10/30 | Val Loss: 1.1578 | AUROC: 0.6783 | PR-AUC: 0.3629 | F1: 0.3065
Epoch 11: Batch 0/176 processed...
Epoch 11: Batch 10/176 processed...
Epoch 11: Batch 20/176 processed...
Epoch 11: Batch 30/176 processed...
Epoch 11: Batch 40/176 processed...
Epoch 11: Batch 50/176 processed...
Epoch 11: Batch 60/176 processed...
Epoch 11: Batch 70/176 processed...
Epoch 11: Batch 80/176 processed...
Epoch 11: Batch 90/176 processed...
Epoch 11: Batch 100/176 processed...
Epoch 11: Batch 110/176 processed...
Epoch 11: Batch 120/176 processed...
Epoch 11: Batch 130/176 processed...
Epoch 11: Batch 140/176 processed...
Epoch 11: Batch 150/176 processed...
Epoch 11: Batch 160/176 processed...
Epoch 11: Batch 170/176 processed...
Epoch 11/30 | Train Loss: 0.7293
Epoch 11/30 | Val Loss: 1.2560 | AUROC: 0.6851 | PR-AUC: 0.3559 | F1: 0.3280
Epoch 12: Batch 0/176 processed...
Epoch 12: Batch 10/176 processed...
Epoch 12: Batch 20/176 processed...
Epoch 12: Batch 30/176 processed...
Epoch 12: Batch 40/176 processed...
Epoch 12: Batch 50/176 processed...
Epoch 12: Batch 60/176 processed...
Epoch 12: Batch 70/176 processed...
Epoch 12: Batch 80/176 processed...
Epoch 12: Batch 90/176 processed...
Epoch 12: Batch 100/176 processed...
Epoch 12: Batch 110/176 processed...
Epoch 12: Batch 120/176 processed...
Epoch 12: Batch 130/176 processed...
Epoch 12: Batch 140/176 processed...
Epoch 12: Batch 150/176 processed...
Epoch 12: Batch 160/176 processed...
Epoch 12: Batch 170/176 processed...
Epoch 12/30 | Train Loss: 0.6683
Epoch 12/30 | Val Loss: 1.5426 | AUROC: 0.6846 | PR-AUC: 0.3351 | F1: 0.2604
Epoch 13: Batch 0/176 processed...
Epoch 13: Batch 10/176 processed...
Epoch 13: Batch 20/176 processed...
Epoch 13: Batch 30/176 processed...
Epoch 13: Batch 40/176 processed...
Epoch 13: Batch 50/176 processed...
Epoch 13: Batch 60/176 processed...
Epoch 13: Batch 70/176 processed...
Epoch 13: Batch 80/176 processed...
Epoch 13: Batch 90/176 processed...
Epoch 13: Batch 100/176 processed...
Epoch 13: Batch 110/176 processed...
Epoch 13: Batch 120/176 processed...
Epoch 13: Batch 130/176 processed...
Epoch 13: Batch 140/176 processed...
Epoch 13: Batch 150/176 processed...
Epoch 13: Batch 160/176 processed...
Epoch 13: Batch 170/176 processed...
Epoch 13/30 | Train Loss: 0.6353
Epoch 13/30 | Val Loss: 1.3952 | AUROC: 0.6650 | PR-AUC: 0.3257 | F1: 0.2811
Epoch 14: Batch 0/176 processed...
Epoch 14: Batch 10/176 processed...
Epoch 14: Batch 20/176 processed...
Epoch 14: Batch 30/176 processed...
Epoch 14: Batch 40/176 processed...
Epoch 14: Batch 50/176 processed...
Epoch 14: Batch 60/176 processed...
Epoch 14: Batch 70/176 processed...
Epoch 14: Batch 80/176 processed...
Epoch 14: Batch 90/176 processed...
Epoch 14: Batch 100/176 processed...
Epoch 14: Batch 110/176 processed...
Epoch 14: Batch 120/176 processed...
Epoch 14: Batch 130/176 processed...
Epoch 14: Batch 140/176 processed...
Epoch 14: Batch 150/176 processed...
Epoch 14: Batch 160/176 processed...
Epoch 14: Batch 170/176 processed...
Epoch 14/30 | Train Loss: 0.5682
Epoch 14/30 | Val Loss: 1.4037 | AUROC: 0.6354 | PR-AUC: 0.2836 | F1: 0.2709
Epoch 15: Batch 0/176 processed...
Epoch 15: Batch 10/176 processed...
Epoch 15: Batch 20/176 processed...
Epoch 15: Batch 30/176 processed...
Epoch 15: Batch 40/176 processed...
Epoch 15: Batch 50/176 processed...
Epoch 15: Batch 60/176 processed...
Epoch 15: Batch 70/176 processed...
Epoch 15: Batch 80/176 processed...
Epoch 15: Batch 90/176 processed...
Epoch 15: Batch 100/176 processed...
Epoch 15: Batch 110/176 processed...
Epoch 15: Batch 120/176 processed...
Epoch 15: Batch 130/176 processed...
Epoch 15: Batch 140/176 processed...
Epoch 15: Batch 150/176 processed...
Epoch 15: Batch 160/176 processed...
Epoch 15: Batch 170/176 processed...
Epoch 15/30 | Train Loss: 0.5176
Epoch 15/30 | Val Loss: 1.5852 | AUROC: 0.6553 | PR-AUC: 0.3233 | F1: 0.2918
Epoch 16: Batch 0/176 processed...
Epoch 16: Batch 10/176 processed...
Epoch 16: Batch 20/176 processed...
Epoch 16: Batch 30/176 processed...
Epoch 16: Batch 40/176 processed...
Epoch 16: Batch 50/176 processed...
Epoch 16: Batch 60/176 processed...
Epoch 16: Batch 70/176 processed...
Epoch 16: Batch 80/176 processed...
Epoch 16: Batch 90/176 processed...
Epoch 16: Batch 100/176 processed...
Epoch 16: Batch 110/176 processed...
Epoch 16: Batch 120/176 processed...
Epoch 16: Batch 130/176 processed...
Epoch 16: Batch 140/176 processed...
Epoch 16: Batch 150/176 processed...
Epoch 16: Batch 160/176 processed...
Epoch 16: Batch 170/176 processed...
Epoch 16/30 | Train Loss: 0.4923
Epoch 16/30 | Val Loss: 2.1029 | AUROC: 0.6404 | PR-AUC: 0.3083 | F1: 0.2387
Epoch 17: Batch 0/176 processed...
Epoch 17: Batch 10/176 processed...
Epoch 17: Batch 20/176 processed...
Epoch 17: Batch 30/176 processed...
Epoch 17: Batch 40/176 processed...
Epoch 17: Batch 50/176 processed...
Epoch 17: Batch 60/176 processed...
Epoch 17: Batch 70/176 processed...
Epoch 17: Batch 80/176 processed...
Epoch 17: Batch 90/176 processed...
Epoch 17: Batch 100/176 processed...
Epoch 17: Batch 110/176 processed...
Epoch 17: Batch 120/176 processed...
Epoch 17: Batch 130/176 processed...
Epoch 17: Batch 140/176 processed...
Epoch 17: Batch 150/176 processed...
Epoch 17: Batch 160/176 processed...
Epoch 17: Batch 170/176 processed...
Epoch 17/30 | Train Loss: 0.4488
Epoch 17/30 | Val Loss: 1.9785 | AUROC: 0.6617 | PR-AUC: 0.3329 | F1: 0.2729
Epoch 18: Batch 0/176 processed...
Epoch 18: Batch 10/176 processed...
Epoch 18: Batch 20/176 processed...
Epoch 18: Batch 30/176 processed...
Epoch 18: Batch 40/176 processed...
Epoch 18: Batch 50/176 processed...
Epoch 18: Batch 60/176 processed...
Epoch 18: Batch 70/176 processed...
Epoch 18: Batch 80/176 processed...
slurmstepd: error: *** JOB 373642 ON sonicgpu6 CANCELLED AT 2026-05-16T14:28:42 ***
