Loading python/3.11.9-gcc-11.5.0-lcos74i
  Loading requirement: glibc/2.34-gcc-11.5.0-pvxzd7x
    gcc-runtime/11.5.0-gcc-11.5.0-ummhigh bzip2/1.0.8-gcc-11.5.0-zflzmmu
    libmd/1.0.4-gcc-11.5.0-55erl6z libbsd/0.12.2-gcc-11.5.0-vi5swmx
    expat/2.6.4-gcc-11.5.0-l7c6mcr ncurses/6.5-gcc-11.5.0-dmolxwk
    readline/8.2-gcc-11.5.0-xfzlvrx gdbm/1.23-gcc-11.5.0-az3qhor
    xz/5.4.6-gcc-11.5.0-pd2qfl7 zlib/1.3.1-gcc-11.5.0-4lchq6k
    libxml2/2.13.4-gcc-11.5.0-yqs2dzp pigz/2.8-gcc-11.5.0-4mldkdl
    zstd/1.5.6-gcc-11.5.0-rbv3mbv tar/1.34-gcc-11.5.0-cq5xmvr
    gettext/0.22.5-gcc-11.5.0-trruhow libffi/3.4.6-gcc-11.5.0-axqykin
    libxcrypt/4.4.35-gcc-11.5.0-ibrefxr openssl/3.4.0-gcc-11.5.0-jz6o2m7
    sqlite/3.46.0-gcc-11.5.0-wfqbdy2 util-linux-uuid/2.40.2-gcc-11.5.0-wl67vxg
Config: EPOCHS=30, BATCH_SIZE=2, LR=0.0001
Finding 1000 valid volumes...
Final Counts -> Train: 702, Val: 148, Test: 150
/scratch/19335683/vlm3d_challenge/dl_env/lib64/python3.9/site-packages/monai/utils/deprecate_utils.py:321: FutureWarning: monai.transforms.spatial.dictionary Orientationd.__init__:labels: Current default value of argument `labels=(('L', 'R'), ('P', 'A'), ('I', 'S'))` was changed in version None from `labels=(('L', 'R'), ('P', 'A'), ('I', 'S'))` to `labels=None`. Default value changed to None meaning that the transform now uses the 'space' of a meta-tensor, if applicable, to determine appropriate axis labels.
  warn_deprecated(argname, msg, warning_category)
Building 3D ResNet50 (multi-window, 3-channel input) on: cuda
Calculated Class Weights: tensor([ 9.0286,  2.3429,  7.0690, 11.1034,  2.8571,  5.6226,  4.0504,  4.2388,
         2.8152,  1.1534,  2.0000,  4.1618,  9.1739, 13.0400,  9.0286,  4.5714,
         9.1739, 13.6250], device='cuda:0')
Starting Training...
Epoch 1: Batch 0/351 processed...
Epoch 1: Batch 10/351 processed...
Epoch 1: Batch 20/351 processed...
Epoch 1: Batch 30/351 processed...
Epoch 1: Batch 40/351 processed...
Epoch 1: Batch 50/351 processed...
Epoch 1: Batch 60/351 processed...
Epoch 1: Batch 70/351 processed...
Epoch 1: Batch 80/351 processed...
Epoch 1: Batch 90/351 processed...
Epoch 1: Batch 100/351 processed...
Epoch 1: Batch 110/351 processed...
Epoch 1: Batch 120/351 processed...
Epoch 1: Batch 130/351 processed...
Epoch 1: Batch 140/351 processed...
Epoch 1: Batch 150/351 processed...
Epoch 1: Batch 160/351 processed...
Epoch 1: Batch 170/351 processed...
Epoch 1: Batch 180/351 processed...
Epoch 1: Batch 190/351 processed...
Epoch 1: Batch 200/351 processed...
Epoch 1: Batch 210/351 processed...
Epoch 1: Batch 220/351 processed...
Epoch 1: Batch 230/351 processed...
Epoch 1: Batch 240/351 processed...
Epoch 1: Batch 250/351 processed...
Epoch 1: Batch 260/351 processed...
Epoch 1: Batch 270/351 processed...
Epoch 1: Batch 280/351 processed...
Epoch 1: Batch 290/351 processed...
Epoch 1: Batch 300/351 processed...
Epoch 1: Batch 310/351 processed...
Epoch 1: Batch 320/351 processed...
Epoch 1: Batch 330/351 processed...
Epoch 1: Batch 340/351 processed...
Epoch 1: Batch 350/351 processed...
Epoch 1/30 | Train Loss: 1.1353
Epoch 1/30 | Val Loss: 1.0493 | AUROC: 0.6523 | PR-AUC: 0.2972 | F1: 0.2243
Val loss improved from inf to 1.0493. Saving model
Epoch 2: Batch 0/351 processed...
Epoch 2: Batch 10/351 processed...
Epoch 2: Batch 20/351 processed...
Epoch 2: Batch 30/351 processed...
Epoch 2: Batch 40/351 processed...
Epoch 2: Batch 50/351 processed...
Epoch 2: Batch 60/351 processed...
Epoch 2: Batch 70/351 processed...
Epoch 2: Batch 80/351 processed...
Epoch 2: Batch 90/351 processed...
Epoch 2: Batch 100/351 processed...
Epoch 2: Batch 110/351 processed...
Epoch 2: Batch 120/351 processed...
Epoch 2: Batch 130/351 processed...
Epoch 2: Batch 140/351 processed...
Epoch 2: Batch 150/351 processed...
Epoch 2: Batch 160/351 processed...
Epoch 2: Batch 170/351 processed...
Epoch 2: Batch 180/351 processed...
Epoch 2: Batch 190/351 processed...
Epoch 2: Batch 200/351 processed...
Epoch 2: Batch 210/351 processed...
Epoch 2: Batch 220/351 processed...
Epoch 2: Batch 230/351 processed...
Epoch 2: Batch 240/351 processed...
Epoch 2: Batch 250/351 processed...
Epoch 2: Batch 260/351 processed...
Epoch 2: Batch 270/351 processed...
Epoch 2: Batch 280/351 processed...
Epoch 2: Batch 290/351 processed...
Epoch 2: Batch 300/351 processed...
Epoch 2: Batch 310/351 processed...
Epoch 2: Batch 320/351 processed...
Epoch 2: Batch 330/351 processed...
Epoch 2: Batch 340/351 processed...
Epoch 2: Batch 350/351 processed...
Epoch 2/30 | Train Loss: 1.1018
Epoch 2/30 | Val Loss: 1.0752 | AUROC: 0.6624 | PR-AUC: 0.2849 | F1: 0.2447
Epoch 3: Batch 0/351 processed...
Epoch 3: Batch 10/351 processed...
Epoch 3: Batch 20/351 processed...
Epoch 3: Batch 30/351 processed...
Epoch 3: Batch 40/351 processed...
Epoch 3: Batch 50/351 processed...
Epoch 3: Batch 60/351 processed...
Epoch 3: Batch 70/351 processed...
Epoch 3: Batch 80/351 processed...
Epoch 3: Batch 90/351 processed...
Epoch 3: Batch 100/351 processed...
Epoch 3: Batch 110/351 processed...
Epoch 3: Batch 120/351 processed...
Epoch 3: Batch 130/351 processed...
Epoch 3: Batch 140/351 processed...
Epoch 3: Batch 150/351 processed...
Epoch 3: Batch 160/351 processed...
Epoch 3: Batch 170/351 processed...
Epoch 3: Batch 180/351 processed...
Epoch 3: Batch 190/351 processed...
Epoch 3: Batch 200/351 processed...
Epoch 3: Batch 210/351 processed...
Epoch 3: Batch 220/351 processed...
Epoch 3: Batch 230/351 processed...
Epoch 3: Batch 240/351 processed...
Epoch 3: Batch 250/351 processed...
Epoch 3: Batch 260/351 processed...
Epoch 3: Batch 270/351 processed...
Epoch 3: Batch 280/351 processed...
Epoch 3: Batch 290/351 processed...
Epoch 3: Batch 300/351 processed...
Epoch 3: Batch 310/351 processed...
Epoch 3: Batch 320/351 processed...
Epoch 3: Batch 330/351 processed...
Epoch 3: Batch 340/351 processed...
Epoch 3: Batch 350/351 processed...
Epoch 3/30 | Train Loss: 1.0896
Epoch 3/30 | Val Loss: 1.2178 | AUROC: 0.6590 | PR-AUC: 0.3081 | F1: 0.2218
Epoch 4: Batch 0/351 processed...
Epoch 4: Batch 10/351 processed...
Epoch 4: Batch 20/351 processed...
Epoch 4: Batch 30/351 processed...
Epoch 4: Batch 40/351 processed...
Epoch 4: Batch 50/351 processed...
Epoch 4: Batch 60/351 processed...
Epoch 4: Batch 70/351 processed...
Epoch 4: Batch 80/351 processed...
Epoch 4: Batch 90/351 processed...
Epoch 4: Batch 100/351 processed...
Epoch 4: Batch 110/351 processed...
Epoch 4: Batch 120/351 processed...
Epoch 4: Batch 130/351 processed...
Epoch 4: Batch 140/351 processed...
Epoch 4: Batch 150/351 processed...
Epoch 4: Batch 160/351 processed...
Epoch 4: Batch 170/351 processed...
Epoch 4: Batch 180/351 processed...
Epoch 4: Batch 190/351 processed...
Epoch 4: Batch 200/351 processed...
Epoch 4: Batch 210/351 processed...
Epoch 4: Batch 220/351 processed...
Epoch 4: Batch 230/351 processed...
Epoch 4: Batch 240/351 processed...
Epoch 4: Batch 250/351 processed...
Epoch 4: Batch 260/351 processed...
Epoch 4: Batch 270/351 processed...
Epoch 4: Batch 280/351 processed...
Epoch 4: Batch 290/351 processed...
Epoch 4: Batch 300/351 processed...
Epoch 4: Batch 310/351 processed...
Epoch 4: Batch 320/351 processed...
Epoch 4: Batch 330/351 processed...
Epoch 4: Batch 340/351 processed...
Epoch 4: Batch 350/351 processed...
Epoch 4/30 | Train Loss: 1.0667
Epoch 4/30 | Val Loss: 3.0024 | AUROC: 0.6408 | PR-AUC: 0.3314 | F1: 0.1058
Epoch 5: Batch 0/351 processed...
Epoch 5: Batch 10/351 processed...
Epoch 5: Batch 20/351 processed...
Epoch 5: Batch 30/351 processed...
Epoch 5: Batch 40/351 processed...
Epoch 5: Batch 50/351 processed...
Epoch 5: Batch 60/351 processed...
Epoch 5: Batch 70/351 processed...
Epoch 5: Batch 80/351 processed...
Epoch 5: Batch 90/351 processed...
Epoch 5: Batch 100/351 processed...
Epoch 5: Batch 110/351 processed...
Epoch 5: Batch 120/351 processed...
Epoch 5: Batch 130/351 processed...
Epoch 5: Batch 140/351 processed...
Epoch 5: Batch 150/351 processed...
Epoch 5: Batch 160/351 processed...
Epoch 5: Batch 170/351 processed...
Epoch 5: Batch 180/351 processed...
Epoch 5: Batch 190/351 processed...
Epoch 5: Batch 200/351 processed...
Epoch 5: Batch 210/351 processed...
Epoch 5: Batch 220/351 processed...
Epoch 5: Batch 230/351 processed...
Epoch 5: Batch 240/351 processed...
Epoch 5: Batch 250/351 processed...
Epoch 5: Batch 260/351 processed...
Epoch 5: Batch 270/351 processed...
Epoch 5: Batch 280/351 processed...
Epoch 5: Batch 290/351 processed...
Epoch 5: Batch 300/351 processed...
Epoch 5: Batch 310/351 processed...
Epoch 5: Batch 320/351 processed...
Epoch 5: Batch 330/351 processed...
Epoch 5: Batch 340/351 processed...
Epoch 5: Batch 350/351 processed...
Epoch 5/30 | Train Loss: 1.0618
Epoch 5/30 | Val Loss: 0.9963 | AUROC: 0.6764 | PR-AUC: 0.3085 | F1: 0.3038
Val loss improved from 1.0493 to 0.9963. Saving model
Epoch 6: Batch 0/351 processed...
Epoch 6: Batch 10/351 processed...
Epoch 6: Batch 20/351 processed...
Epoch 6: Batch 30/351 processed...
Epoch 6: Batch 40/351 processed...
Epoch 6: Batch 50/351 processed...
Epoch 6: Batch 60/351 processed...
Epoch 6: Batch 70/351 processed...
Epoch 6: Batch 80/351 processed...
Epoch 6: Batch 90/351 processed...
Epoch 6: Batch 100/351 processed...
Epoch 6: Batch 110/351 processed...
Epoch 6: Batch 120/351 processed...
Epoch 6: Batch 130/351 processed...
Epoch 6: Batch 140/351 processed...
Epoch 6: Batch 150/351 processed...
Epoch 6: Batch 160/351 processed...
Epoch 6: Batch 170/351 processed...
Epoch 6: Batch 180/351 processed...
Epoch 6: Batch 190/351 processed...
Epoch 6: Batch 200/351 processed...
Epoch 6: Batch 210/351 processed...
Epoch 6: Batch 220/351 processed...
Epoch 6: Batch 230/351 processed...
Epoch 6: Batch 240/351 processed...
Epoch 6: Batch 250/351 processed...
Epoch 6: Batch 260/351 processed...
Epoch 6: Batch 270/351 processed...
Epoch 6: Batch 280/351 processed...
Epoch 6: Batch 290/351 processed...
Epoch 6: Batch 300/351 processed...
Epoch 6: Batch 310/351 processed...
Epoch 6: Batch 320/351 processed...
Epoch 6: Batch 330/351 processed...
Epoch 6: Batch 340/351 processed...
Epoch 6: Batch 350/351 processed...
Epoch 6/30 | Train Loss: 1.0452
Epoch 6/30 | Val Loss: 1.1824 | AUROC: 0.6483 | PR-AUC: 0.2874 | F1: 0.2648
Epoch 7: Batch 0/351 processed...
Epoch 7: Batch 10/351 processed...
Epoch 7: Batch 20/351 processed...
Epoch 7: Batch 30/351 processed...
Epoch 7: Batch 40/351 processed...
Epoch 7: Batch 50/351 processed...
Epoch 7: Batch 60/351 processed...
Epoch 7: Batch 70/351 processed...
Epoch 7: Batch 80/351 processed...
Epoch 7: Batch 90/351 processed...
Epoch 7: Batch 100/351 processed...
Epoch 7: Batch 110/351 processed...
Epoch 7: Batch 120/351 processed...
Epoch 7: Batch 130/351 processed...
Epoch 7: Batch 140/351 processed...
Epoch 7: Batch 150/351 processed...
Epoch 7: Batch 160/351 processed...
Epoch 7: Batch 170/351 processed...
Epoch 7: Batch 180/351 processed...
Epoch 7: Batch 190/351 processed...
Epoch 7: Batch 200/351 processed...
Epoch 7: Batch 210/351 processed...
Epoch 7: Batch 220/351 processed...
Epoch 7: Batch 230/351 processed...
Epoch 7: Batch 240/351 processed...
Epoch 7: Batch 250/351 processed...
Epoch 7: Batch 260/351 processed...
Epoch 7: Batch 270/351 processed...
Epoch 7: Batch 280/351 processed...
Epoch 7: Batch 290/351 processed...
Epoch 7: Batch 300/351 processed...
Epoch 7: Batch 310/351 processed...
Epoch 7: Batch 320/351 processed...
Epoch 7: Batch 330/351 processed...
Epoch 7: Batch 340/351 processed...
Epoch 7: Batch 350/351 processed...
Epoch 7/30 | Train Loss: 1.0320
Epoch 7/30 | Val Loss: 1.0338 | AUROC: 0.6670 | PR-AUC: 0.3032 | F1: 0.3002
Epoch 8: Batch 0/351 processed...
Epoch 8: Batch 10/351 processed...
Epoch 8: Batch 20/351 processed...
Epoch 8: Batch 30/351 processed...
Epoch 8: Batch 40/351 processed...
Epoch 8: Batch 50/351 processed...
Epoch 8: Batch 60/351 processed...
Epoch 8: Batch 70/351 processed...
Epoch 8: Batch 80/351 processed...
Epoch 8: Batch 90/351 processed...
Epoch 8: Batch 100/351 processed...
Epoch 8: Batch 110/351 processed...
Epoch 8: Batch 120/351 processed...
Epoch 8: Batch 130/351 processed...
Epoch 8: Batch 140/351 processed...
Epoch 8: Batch 150/351 processed...
Epoch 8: Batch 160/351 processed...
Epoch 8: Batch 170/351 processed...
Epoch 8: Batch 180/351 processed...
Epoch 8: Batch 190/351 processed...
Epoch 8: Batch 200/351 processed...
Epoch 8: Batch 210/351 processed...
Epoch 8: Batch 220/351 processed...
Epoch 8: Batch 230/351 processed...
Epoch 8: Batch 240/351 processed...
Epoch 8: Batch 250/351 processed...
Epoch 8: Batch 260/351 processed...
Epoch 8: Batch 270/351 processed...
Epoch 8: Batch 280/351 processed...
Epoch 8: Batch 290/351 processed...
Epoch 8: Batch 300/351 processed...
Epoch 8: Batch 310/351 processed...
Epoch 8: Batch 320/351 processed...
Epoch 8: Batch 330/351 processed...
Epoch 8: Batch 340/351 processed...
Epoch 8: Batch 350/351 processed...
Epoch 8/30 | Train Loss: 1.0353
Epoch 8/30 | Val Loss: 0.9991 | AUROC: 0.6825 | PR-AUC: 0.3097 | F1: 0.3066
Epoch 9: Batch 0/351 processed...
Epoch 9: Batch 10/351 processed...
Epoch 9: Batch 20/351 processed...
Epoch 9: Batch 30/351 processed...
Epoch 9: Batch 40/351 processed...
Epoch 9: Batch 50/351 processed...
Epoch 9: Batch 60/351 processed...
Epoch 9: Batch 70/351 processed...
Epoch 9: Batch 80/351 processed...
Epoch 9: Batch 90/351 processed...
Epoch 9: Batch 100/351 processed...
Epoch 9: Batch 110/351 processed...
Epoch 9: Batch 120/351 processed...
Epoch 9: Batch 130/351 processed...
Epoch 9: Batch 140/351 processed...
Epoch 9: Batch 150/351 processed...
Epoch 9: Batch 160/351 processed...
Epoch 9: Batch 170/351 processed...
Epoch 9: Batch 180/351 processed...
Epoch 9: Batch 190/351 processed...
Epoch 9: Batch 200/351 processed...
Epoch 9: Batch 210/351 processed...
Epoch 9: Batch 220/351 processed...
Epoch 9: Batch 230/351 processed...
Epoch 9: Batch 240/351 processed...
Epoch 9: Batch 250/351 processed...
Epoch 9: Batch 260/351 processed...
Epoch 9: Batch 270/351 processed...
Epoch 9: Batch 280/351 processed...
Epoch 9: Batch 290/351 processed...
Epoch 9: Batch 300/351 processed...
Epoch 9: Batch 310/351 processed...
Epoch 9: Batch 320/351 processed...
Epoch 9: Batch 330/351 processed...
Epoch 9: Batch 340/351 processed...
Epoch 9: Batch 350/351 processed...
Epoch 9/30 | Train Loss: 1.0129
Epoch 9/30 | Val Loss: 1.1007 | AUROC: 0.6736 | PR-AUC: 0.3265 | F1: 0.2561
Epoch 10: Batch 0/351 processed...
Epoch 10: Batch 10/351 processed...
Epoch 10: Batch 20/351 processed...
Epoch 10: Batch 30/351 processed...
Epoch 10: Batch 40/351 processed...
Epoch 10: Batch 50/351 processed...
Epoch 10: Batch 60/351 processed...
Epoch 10: Batch 70/351 processed...
Epoch 10: Batch 80/351 processed...
Epoch 10: Batch 90/351 processed...
Epoch 10: Batch 100/351 processed...
Epoch 10: Batch 110/351 processed...
Epoch 10: Batch 120/351 processed...
Epoch 10: Batch 130/351 processed...
Epoch 10: Batch 140/351 processed...
Epoch 10: Batch 150/351 processed...
Epoch 10: Batch 160/351 processed...
Epoch 10: Batch 170/351 processed...
Epoch 10: Batch 180/351 processed...
Epoch 10: Batch 190/351 processed...
Epoch 10: Batch 200/351 processed...
Epoch 10: Batch 210/351 processed...
Epoch 10: Batch 220/351 processed...
Epoch 10: Batch 230/351 processed...
Epoch 10: Batch 240/351 processed...
Epoch 10: Batch 250/351 processed...
Epoch 10: Batch 260/351 processed...
Epoch 10: Batch 270/351 processed...
Epoch 10: Batch 280/351 processed...
Epoch 10: Batch 290/351 processed...
Epoch 10: Batch 300/351 processed...
Epoch 10: Batch 310/351 processed...
Epoch 10: Batch 320/351 processed...
Epoch 10: Batch 330/351 processed...
Epoch 10: Batch 340/351 processed...
Epoch 10: Batch 350/351 processed...
Epoch 10/30 | Train Loss: 0.9908
Epoch 10/30 | Val Loss: 1.1408 | AUROC: 0.6738 | PR-AUC: 0.3219 | F1: 0.2957
Epoch 11: Batch 0/351 processed...
Epoch 11: Batch 10/351 processed...
Epoch 11: Batch 20/351 processed...
Epoch 11: Batch 30/351 processed...
Epoch 11: Batch 40/351 processed...
Epoch 11: Batch 50/351 processed...
Epoch 11: Batch 60/351 processed...
Epoch 11: Batch 70/351 processed...
Epoch 11: Batch 80/351 processed...
Epoch 11: Batch 90/351 processed...
Epoch 11: Batch 100/351 processed...
Epoch 11: Batch 110/351 processed...
Epoch 11: Batch 120/351 processed...
Epoch 11: Batch 130/351 processed...
Epoch 11: Batch 140/351 processed...
Epoch 11: Batch 150/351 processed...
Epoch 11: Batch 160/351 processed...
Epoch 11: Batch 170/351 processed...
Epoch 11: Batch 180/351 processed...
Epoch 11: Batch 190/351 processed...
Epoch 11: Batch 200/351 processed...
Epoch 11: Batch 210/351 processed...
Epoch 11: Batch 220/351 processed...
Epoch 11: Batch 230/351 processed...
Epoch 11: Batch 240/351 processed...
Epoch 11: Batch 250/351 processed...
Epoch 11: Batch 260/351 processed...
Epoch 11: Batch 270/351 processed...
Epoch 11: Batch 280/351 processed...
Epoch 11: Batch 290/351 processed...
Epoch 11: Batch 300/351 processed...
Epoch 11: Batch 310/351 processed...
Epoch 11: Batch 320/351 processed...
Epoch 11: Batch 330/351 processed...
Epoch 11: Batch 340/351 processed...
Epoch 11: Batch 350/351 processed...
Epoch 11/30 | Train Loss: 0.9796
Epoch 11/30 | Val Loss: 0.9932 | AUROC: 0.6713 | PR-AUC: 0.3054 | F1: 0.2958
Val loss improved from 0.9963 to 0.9932. Saving model
Epoch 12: Batch 0/351 processed...
Epoch 12: Batch 10/351 processed...
Epoch 12: Batch 20/351 processed...
Epoch 12: Batch 30/351 processed...
Epoch 12: Batch 40/351 processed...
Epoch 12: Batch 50/351 processed...
Epoch 12: Batch 60/351 processed...
Epoch 12: Batch 70/351 processed...
Epoch 12: Batch 80/351 processed...
Epoch 12: Batch 90/351 processed...
Epoch 12: Batch 100/351 processed...
Epoch 12: Batch 110/351 processed...
Epoch 12: Batch 120/351 processed...
Epoch 12: Batch 130/351 processed...
Epoch 12: Batch 140/351 processed...
Epoch 12: Batch 150/351 processed...
Epoch 12: Batch 160/351 processed...
Epoch 12: Batch 170/351 processed...
Epoch 12: Batch 180/351 processed...
Epoch 12: Batch 190/351 processed...
Epoch 12: Batch 200/351 processed...
Epoch 12: Batch 210/351 processed...
Epoch 12: Batch 220/351 processed...
Epoch 12: Batch 230/351 processed...
Epoch 12: Batch 240/351 processed...
Epoch 12: Batch 250/351 processed...
Epoch 12: Batch 260/351 processed...
Epoch 12: Batch 270/351 processed...
Epoch 12: Batch 280/351 processed...
Epoch 12: Batch 290/351 processed...
Epoch 12: Batch 300/351 processed...
Epoch 12: Batch 310/351 processed...
Epoch 12: Batch 320/351 processed...
Epoch 12: Batch 330/351 processed...
Epoch 12: Batch 340/351 processed...
Epoch 12: Batch 350/351 processed...
Epoch 12/30 | Train Loss: 0.9800
Epoch 12/30 | Val Loss: 1.0368 | AUROC: 0.6890 | PR-AUC: 0.3486 | F1: 0.3094
Epoch 13: Batch 0/351 processed...
Epoch 13: Batch 10/351 processed...
Epoch 13: Batch 20/351 processed...
Epoch 13: Batch 30/351 processed...
Epoch 13: Batch 40/351 processed...
Epoch 13: Batch 50/351 processed...
Epoch 13: Batch 60/351 processed...
Epoch 13: Batch 70/351 processed...
Epoch 13: Batch 80/351 processed...
Epoch 13: Batch 90/351 processed...
Epoch 13: Batch 100/351 processed...
Epoch 13: Batch 110/351 processed...
Epoch 13: Batch 120/351 processed...
Epoch 13: Batch 130/351 processed...
Epoch 13: Batch 140/351 processed...
Epoch 13: Batch 150/351 processed...
Epoch 13: Batch 160/351 processed...
Epoch 13: Batch 170/351 processed...
Epoch 13: Batch 180/351 processed...
Epoch 13: Batch 190/351 processed...
Epoch 13: Batch 200/351 processed...
Epoch 13: Batch 210/351 processed...
Epoch 13: Batch 220/351 processed...
Epoch 13: Batch 230/351 processed...
Epoch 13: Batch 240/351 processed...
Epoch 13: Batch 250/351 processed...
Epoch 13: Batch 260/351 processed...
Epoch 13: Batch 270/351 processed...
Epoch 13: Batch 280/351 processed...
Epoch 13: Batch 290/351 processed...
Epoch 13: Batch 300/351 processed...
Epoch 13: Batch 310/351 processed...
Epoch 13: Batch 320/351 processed...
Epoch 13: Batch 330/351 processed...
Epoch 13: Batch 340/351 processed...
Epoch 13: Batch 350/351 processed...
Epoch 13/30 | Train Loss: 0.9740
Epoch 13/30 | Val Loss: 0.9497 | AUROC: 0.6887 | PR-AUC: 0.3146 | F1: 0.3634
Val loss improved from 0.9932 to 0.9497. Saving model
Epoch 14: Batch 0/351 processed...
Epoch 14: Batch 10/351 processed...
Epoch 14: Batch 20/351 processed...
Epoch 14: Batch 30/351 processed...
Epoch 14: Batch 40/351 processed...
Epoch 14: Batch 50/351 processed...
Epoch 14: Batch 60/351 processed...
Epoch 14: Batch 70/351 processed...
Epoch 14: Batch 80/351 processed...
Epoch 14: Batch 90/351 processed...
Epoch 14: Batch 100/351 processed...
Epoch 14: Batch 110/351 processed...
Epoch 14: Batch 120/351 processed...
Epoch 14: Batch 130/351 processed...
Epoch 14: Batch 140/351 processed...
Epoch 14: Batch 150/351 processed...
Epoch 14: Batch 160/351 processed...
Epoch 14: Batch 170/351 processed...
Epoch 14: Batch 180/351 processed...
Epoch 14: Batch 190/351 processed...
Epoch 14: Batch 200/351 processed...
Epoch 14: Batch 210/351 processed...
Epoch 14: Batch 220/351 processed...
Epoch 14: Batch 230/351 processed...
Epoch 14: Batch 240/351 processed...
Epoch 14: Batch 250/351 processed...
Epoch 14: Batch 260/351 processed...
Epoch 14: Batch 270/351 processed...
Epoch 14: Batch 280/351 processed...
Epoch 14: Batch 290/351 processed...
Epoch 14: Batch 300/351 processed...
Epoch 14: Batch 310/351 processed...
Epoch 14: Batch 320/351 processed...
Epoch 14: Batch 330/351 processed...
Epoch 14: Batch 340/351 processed...
Epoch 14: Batch 350/351 processed...
Epoch 14/30 | Train Loss: 0.9770
Epoch 14/30 | Val Loss: 1.0360 | AUROC: 0.6931 | PR-AUC: 0.3119 | F1: 0.3258
Epoch 15: Batch 0/351 processed...
Epoch 15: Batch 10/351 processed...
Epoch 15: Batch 20/351 processed...
Epoch 15: Batch 30/351 processed...
Epoch 15: Batch 40/351 processed...
Epoch 15: Batch 50/351 processed...
Epoch 15: Batch 60/351 processed...
Epoch 15: Batch 70/351 processed...
Epoch 15: Batch 80/351 processed...
Epoch 15: Batch 90/351 processed...
Epoch 15: Batch 100/351 processed...
Epoch 15: Batch 110/351 processed...
Epoch 15: Batch 120/351 processed...
Epoch 15: Batch 130/351 processed...
Epoch 15: Batch 140/351 processed...
Epoch 15: Batch 150/351 processed...
Epoch 15: Batch 160/351 processed...
Epoch 15: Batch 170/351 processed...
Epoch 15: Batch 180/351 processed...
Epoch 15: Batch 190/351 processed...
Epoch 15: Batch 200/351 processed...
Epoch 15: Batch 210/351 processed...
Epoch 15: Batch 220/351 processed...
Epoch 15: Batch 230/351 processed...
Epoch 15: Batch 240/351 processed...
Epoch 15: Batch 250/351 processed...
Epoch 15: Batch 260/351 processed...
Epoch 15: Batch 270/351 processed...
Epoch 15: Batch 280/351 processed...
Epoch 15: Batch 290/351 processed...
Epoch 15: Batch 300/351 processed...
Epoch 15: Batch 310/351 processed...
Epoch 15: Batch 320/351 processed...
Epoch 15: Batch 330/351 processed...
Epoch 15: Batch 340/351 processed...
Epoch 15: Batch 350/351 processed...
Epoch 15/30 | Train Loss: 0.9340
Epoch 15/30 | Val Loss: 1.0189 | AUROC: 0.6976 | PR-AUC: 0.4005 | F1: 0.3269
Epoch 16: Batch 0/351 processed...
Epoch 16: Batch 10/351 processed...
Epoch 16: Batch 20/351 processed...
Epoch 16: Batch 30/351 processed...
Epoch 16: Batch 40/351 processed...
Epoch 16: Batch 50/351 processed...
Epoch 16: Batch 60/351 processed...
Epoch 16: Batch 70/351 processed...
Epoch 16: Batch 80/351 processed...
Epoch 16: Batch 90/351 processed...
Epoch 16: Batch 100/351 processed...
Epoch 16: Batch 110/351 processed...
Epoch 16: Batch 120/351 processed...
Epoch 16: Batch 130/351 processed...
Epoch 16: Batch 140/351 processed...
Epoch 16: Batch 150/351 processed...
Epoch 16: Batch 160/351 processed...
Epoch 16: Batch 170/351 processed...
Epoch 16: Batch 180/351 processed...
Epoch 16: Batch 190/351 processed...
Epoch 16: Batch 200/351 processed...
Epoch 16: Batch 210/351 processed...
Epoch 16: Batch 220/351 processed...
Epoch 16: Batch 230/351 processed...
Epoch 16: Batch 240/351 processed...
Epoch 16: Batch 250/351 processed...
Epoch 16: Batch 260/351 processed...
Epoch 16: Batch 270/351 processed...
Epoch 16: Batch 280/351 processed...
Epoch 16: Batch 290/351 processed...
Epoch 16: Batch 300/351 processed...
Epoch 16: Batch 310/351 processed...
Epoch 16: Batch 320/351 processed...
Epoch 16: Batch 330/351 processed...
Epoch 16: Batch 340/351 processed...
Epoch 16: Batch 350/351 processed...
Epoch 16/30 | Train Loss: 0.9103
Epoch 16/30 | Val Loss: 1.0281 | AUROC: 0.6987 | PR-AUC: 0.3193 | F1: 0.3340
Epoch 17: Batch 0/351 processed...
Epoch 17: Batch 10/351 processed...
Epoch 17: Batch 20/351 processed...
Epoch 17: Batch 30/351 processed...
Epoch 17: Batch 40/351 processed...
Epoch 17: Batch 50/351 processed...
Epoch 17: Batch 60/351 processed...
Epoch 17: Batch 70/351 processed...
Epoch 17: Batch 80/351 processed...
Epoch 17: Batch 90/351 processed...
Epoch 17: Batch 100/351 processed...
Epoch 17: Batch 110/351 processed...
Epoch 17: Batch 120/351 processed...
Epoch 17: Batch 130/351 processed...
Epoch 17: Batch 140/351 processed...
Epoch 17: Batch 150/351 processed...
Epoch 17: Batch 160/351 processed...
Epoch 17: Batch 170/351 processed...
Epoch 17: Batch 180/351 processed...
Epoch 17: Batch 190/351 processed...
Epoch 17: Batch 200/351 processed...
Epoch 17: Batch 210/351 processed...
Epoch 17: Batch 220/351 processed...
Epoch 17: Batch 230/351 processed...
Epoch 17: Batch 240/351 processed...
Epoch 17: Batch 250/351 processed...
Epoch 17: Batch 260/351 processed...
Epoch 17: Batch 270/351 processed...
Epoch 17: Batch 280/351 processed...
Epoch 17: Batch 290/351 processed...
Epoch 17: Batch 300/351 processed...
Epoch 17: Batch 310/351 processed...
Epoch 17: Batch 320/351 processed...
Epoch 17: Batch 330/351 processed...
Epoch 17: Batch 340/351 processed...
Epoch 17: Batch 350/351 processed...
Epoch 17/30 | Train Loss: 0.8714
Epoch 17/30 | Val Loss: 0.9894 | AUROC: 0.6874 | PR-AUC: 0.3498 | F1: 0.3408
Epoch 18: Batch 0/351 processed...
Epoch 18: Batch 10/351 processed...
Epoch 18: Batch 20/351 processed...
Epoch 18: Batch 30/351 processed...
Epoch 18: Batch 40/351 processed...
Epoch 18: Batch 50/351 processed...
Epoch 18: Batch 60/351 processed...
Epoch 18: Batch 70/351 processed...
Epoch 18: Batch 80/351 processed...
Epoch 18: Batch 90/351 processed...
Epoch 18: Batch 100/351 processed...
Epoch 18: Batch 110/351 processed...
Epoch 18: Batch 120/351 processed...
Epoch 18: Batch 130/351 processed...
Epoch 18: Batch 140/351 processed...
Epoch 18: Batch 150/351 processed...
Epoch 18: Batch 160/351 processed...
Epoch 18: Batch 170/351 processed...
Epoch 18: Batch 180/351 processed...
Epoch 18: Batch 190/351 processed...
Epoch 18: Batch 200/351 processed...
Epoch 18: Batch 210/351 processed...
Epoch 18: Batch 220/351 processed...
Epoch 18: Batch 230/351 processed...
Epoch 18: Batch 240/351 processed...
Epoch 18: Batch 250/351 processed...
Epoch 18: Batch 260/351 processed...
Epoch 18: Batch 270/351 processed...
Epoch 18: Batch 280/351 processed...
Epoch 18: Batch 290/351 processed...
Epoch 18: Batch 300/351 processed...
Epoch 18: Batch 310/351 processed...
Epoch 18: Batch 320/351 processed...
Epoch 18: Batch 330/351 processed...
Epoch 18: Batch 340/351 processed...
Epoch 18: Batch 350/351 processed...
Epoch 18/30 | Train Loss: 0.8638
Epoch 18/30 | Val Loss: 1.1056 | AUROC: 0.6733 | PR-AUC: 0.3298 | F1: 0.3261
Epoch 19: Batch 0/351 processed...
Epoch 19: Batch 10/351 processed...
Epoch 19: Batch 20/351 processed...
Epoch 19: Batch 30/351 processed...
Epoch 19: Batch 40/351 processed...
Epoch 19: Batch 50/351 processed...
Epoch 19: Batch 60/351 processed...
Epoch 19: Batch 70/351 processed...
Epoch 19: Batch 80/351 processed...
Epoch 19: Batch 90/351 processed...
Epoch 19: Batch 100/351 processed...
Epoch 19: Batch 110/351 processed...
Epoch 19: Batch 120/351 processed...
Epoch 19: Batch 130/351 processed...
Epoch 19: Batch 140/351 processed...
Epoch 19: Batch 150/351 processed...
Epoch 19: Batch 160/351 processed...
Epoch 19: Batch 170/351 processed...
Epoch 19: Batch 180/351 processed...
Epoch 19: Batch 190/351 processed...
Epoch 19: Batch 200/351 processed...
Epoch 19: Batch 210/351 processed...
Epoch 19: Batch 220/351 processed...
Epoch 19: Batch 230/351 processed...
Epoch 19: Batch 240/351 processed...
Epoch 19: Batch 250/351 processed...
Epoch 19: Batch 260/351 processed...
Epoch 19: Batch 270/351 processed...
Epoch 19: Batch 280/351 processed...
Epoch 19: Batch 290/351 processed...
Epoch 19: Batch 300/351 processed...
Epoch 19: Batch 310/351 processed...
Epoch 19: Batch 320/351 processed...
Epoch 19: Batch 330/351 processed...
Epoch 19: Batch 340/351 processed...
Epoch 19: Batch 350/351 processed...
Epoch 19/30 | Train Loss: 0.8223
Epoch 19/30 | Val Loss: 1.0567 | AUROC: 0.6570 | PR-AUC: 0.2922 | F1: 0.3291
Epoch 20: Batch 0/351 processed...
Epoch 20: Batch 10/351 processed...
Epoch 20: Batch 20/351 processed...
Epoch 20: Batch 30/351 processed...
Epoch 20: Batch 40/351 processed...
Epoch 20: Batch 50/351 processed...
Epoch 20: Batch 60/351 processed...
Epoch 20: Batch 70/351 processed...
Epoch 20: Batch 80/351 processed...
Epoch 20: Batch 90/351 processed...
Epoch 20: Batch 100/351 processed...
Epoch 20: Batch 110/351 processed...
Epoch 20: Batch 120/351 processed...
Epoch 20: Batch 130/351 processed...
Epoch 20: Batch 140/351 processed...
Epoch 20: Batch 150/351 processed...
Epoch 20: Batch 160/351 processed...
Epoch 20: Batch 170/351 processed...
Epoch 20: Batch 180/351 processed...
Epoch 20: Batch 190/351 processed...
Epoch 20: Batch 200/351 processed...
Epoch 20: Batch 210/351 processed...
Epoch 20: Batch 220/351 processed...
Epoch 20: Batch 230/351 processed...
Epoch 20: Batch 240/351 processed...
Epoch 20: Batch 250/351 processed...
Epoch 20: Batch 260/351 processed...
Epoch 20: Batch 270/351 processed...
Epoch 20: Batch 280/351 processed...
Epoch 20: Batch 290/351 processed...
Epoch 20: Batch 300/351 processed...
Epoch 20: Batch 310/351 processed...
Epoch 20: Batch 320/351 processed...
Epoch 20: Batch 330/351 processed...
Epoch 20: Batch 340/351 processed...
Epoch 20: Batch 350/351 processed...
Epoch 20/30 | Train Loss: 0.8063
Epoch 20/30 | Val Loss: 1.1103 | AUROC: 0.6477 | PR-AUC: 0.3042 | F1: 0.3347
Epoch 21: Batch 0/351 processed...
Epoch 21: Batch 10/351 processed...
Epoch 21: Batch 20/351 processed...
Epoch 21: Batch 30/351 processed...
Epoch 21: Batch 40/351 processed...
Epoch 21: Batch 50/351 processed...
Epoch 21: Batch 60/351 processed...
Epoch 21: Batch 70/351 processed...
Epoch 21: Batch 80/351 processed...
Epoch 21: Batch 90/351 processed...
Epoch 21: Batch 100/351 processed...
Epoch 21: Batch 110/351 processed...
Epoch 21: Batch 120/351 processed...
Epoch 21: Batch 130/351 processed...
Epoch 21: Batch 140/351 processed...
Epoch 21: Batch 150/351 processed...
Epoch 21: Batch 160/351 processed...
Epoch 21: Batch 170/351 processed...
Epoch 21: Batch 180/351 processed...
Epoch 21: Batch 190/351 processed...
Epoch 21: Batch 200/351 processed...
Epoch 21: Batch 210/351 processed...
Epoch 21: Batch 220/351 processed...
Epoch 21: Batch 230/351 processed...
Epoch 21: Batch 240/351 processed...
Epoch 21: Batch 250/351 processed...
Epoch 21: Batch 260/351 processed...
Epoch 21: Batch 270/351 processed...
Epoch 21: Batch 280/351 processed...
Epoch 21: Batch 290/351 processed...
Epoch 21: Batch 300/351 processed...
Epoch 21: Batch 310/351 processed...
Epoch 21: Batch 320/351 processed...
Epoch 21: Batch 330/351 processed...
Epoch 21: Batch 340/351 processed...
Epoch 21: Batch 350/351 processed...
Epoch 21/30 | Train Loss: 0.7580
Epoch 21/30 | Val Loss: 1.1916 | AUROC: 0.6797 | PR-AUC: 0.3149 | F1: 0.3670
Epoch 22: Batch 0/351 processed...
Epoch 22: Batch 10/351 processed...
Epoch 22: Batch 20/351 processed...
Epoch 22: Batch 30/351 processed...
Epoch 22: Batch 40/351 processed...
Epoch 22: Batch 50/351 processed...
Epoch 22: Batch 60/351 processed...
Epoch 22: Batch 70/351 processed...
Epoch 22: Batch 80/351 processed...
Epoch 22: Batch 90/351 processed...
Epoch 22: Batch 100/351 processed...
Epoch 22: Batch 110/351 processed...
Epoch 22: Batch 120/351 processed...
Epoch 22: Batch 130/351 processed...
Epoch 22: Batch 140/351 processed...
Epoch 22: Batch 150/351 processed...
Epoch 22: Batch 160/351 processed...
Epoch 22: Batch 170/351 processed...
Epoch 22: Batch 180/351 processed...
Epoch 22: Batch 190/351 processed...
Epoch 22: Batch 200/351 processed...
Epoch 22: Batch 210/351 processed...
Epoch 22: Batch 220/351 processed...
Epoch 22: Batch 230/351 processed...
Epoch 22: Batch 240/351 processed...
Epoch 22: Batch 250/351 processed...
Epoch 22: Batch 260/351 processed...
Epoch 22: Batch 270/351 processed...
Epoch 22: Batch 280/351 processed...
Epoch 22: Batch 290/351 processed...
Epoch 22: Batch 300/351 processed...
Epoch 22: Batch 310/351 processed...
Epoch 22: Batch 320/351 processed...
Epoch 22: Batch 330/351 processed...
Epoch 22: Batch 340/351 processed...
Epoch 22: Batch 350/351 processed...
Epoch 22/30 | Train Loss: 0.7467
Epoch 22/30 | Val Loss: 1.1603 | AUROC: 0.6859 | PR-AUC: 0.3268 | F1: 0.3212
Epoch 23: Batch 0/351 processed...
Epoch 23: Batch 10/351 processed...
Epoch 23: Batch 20/351 processed...
Epoch 23: Batch 30/351 processed...
Epoch 23: Batch 40/351 processed...
Epoch 23: Batch 50/351 processed...
Epoch 23: Batch 60/351 processed...
Epoch 23: Batch 70/351 processed...
Epoch 23: Batch 80/351 processed...
Epoch 23: Batch 90/351 processed...
Epoch 23: Batch 100/351 processed...
Epoch 23: Batch 110/351 processed...
Epoch 23: Batch 120/351 processed...
Epoch 23: Batch 130/351 processed...
Epoch 23: Batch 140/351 processed...
Epoch 23: Batch 150/351 processed...
Epoch 23: Batch 160/351 processed...
Epoch 23: Batch 170/351 processed...
Epoch 23: Batch 180/351 processed...
Epoch 23: Batch 190/351 processed...
Epoch 23: Batch 200/351 processed...
Epoch 23: Batch 210/351 processed...
Epoch 23: Batch 220/351 processed...
Epoch 23: Batch 230/351 processed...
Epoch 23: Batch 240/351 processed...
Epoch 23: Batch 250/351 processed...
Epoch 23: Batch 260/351 processed...
Epoch 23: Batch 270/351 processed...
Epoch 23: Batch 280/351 processed...
Epoch 23: Batch 290/351 processed...
Epoch 23: Batch 300/351 processed...
Epoch 23: Batch 310/351 processed...
Epoch 23: Batch 320/351 processed...
Epoch 23: Batch 330/351 processed...
Epoch 23: Batch 340/351 processed...
Epoch 23: Batch 350/351 processed...
Epoch 23/30 | Train Loss: 0.7058
Epoch 23/30 | Val Loss: 1.1710 | AUROC: 0.6757 | PR-AUC: 0.3421 | F1: 0.3269
Epoch 24: Batch 0/351 processed...
Epoch 24: Batch 10/351 processed...
Epoch 24: Batch 20/351 processed...
Epoch 24: Batch 30/351 processed...
Epoch 24: Batch 40/351 processed...
Epoch 24: Batch 50/351 processed...
Epoch 24: Batch 60/351 processed...
Epoch 24: Batch 70/351 processed...
Epoch 24: Batch 80/351 processed...
Epoch 24: Batch 90/351 processed...
Epoch 24: Batch 100/351 processed...
Epoch 24: Batch 110/351 processed...
Epoch 24: Batch 120/351 processed...
Epoch 24: Batch 130/351 processed...
Epoch 24: Batch 140/351 processed...
Epoch 24: Batch 150/351 processed...
Epoch 24: Batch 160/351 processed...
Epoch 24: Batch 170/351 processed...
Epoch 24: Batch 180/351 processed...
Epoch 24: Batch 190/351 processed...
Epoch 24: Batch 200/351 processed...
Epoch 24: Batch 210/351 processed...
Epoch 24: Batch 220/351 processed...
Epoch 24: Batch 230/351 processed...
Epoch 24: Batch 240/351 processed...
Epoch 24: Batch 250/351 processed...
Epoch 24: Batch 260/351 processed...
Epoch 24: Batch 270/351 processed...
Epoch 24: Batch 280/351 processed...
Epoch 24: Batch 290/351 processed...
Epoch 24: Batch 300/351 processed...
Epoch 24: Batch 310/351 processed...
Epoch 24: Batch 320/351 processed...
Epoch 24: Batch 330/351 processed...
Epoch 24: Batch 340/351 processed...
Epoch 24: Batch 350/351 processed...
Epoch 24/30 | Train Loss: 0.6560
Epoch 24/30 | Val Loss: 1.4733 | AUROC: 0.6098 | PR-AUC: 0.3007 | F1: 0.2799
Epoch 25: Batch 0/351 processed...
Epoch 25: Batch 10/351 processed...
Epoch 25: Batch 20/351 processed...
Epoch 25: Batch 30/351 processed...
Epoch 25: Batch 40/351 processed...
Epoch 25: Batch 50/351 processed...
Epoch 25: Batch 60/351 processed...
Epoch 25: Batch 70/351 processed...
Epoch 25: Batch 80/351 processed...
Epoch 25: Batch 90/351 processed...
Epoch 25: Batch 100/351 processed...
Epoch 25: Batch 110/351 processed...
Epoch 25: Batch 120/351 processed...
Epoch 25: Batch 130/351 processed...
Epoch 25: Batch 140/351 processed...
Epoch 25: Batch 150/351 processed...
Epoch 25: Batch 160/351 processed...
Epoch 25: Batch 170/351 processed...
Epoch 25: Batch 180/351 processed...
Epoch 25: Batch 190/351 processed...
Epoch 25: Batch 200/351 processed...
Epoch 25: Batch 210/351 processed...
Epoch 25: Batch 220/351 processed...
Epoch 25: Batch 230/351 processed...
Epoch 25: Batch 240/351 processed...
Epoch 25: Batch 250/351 processed...
Epoch 25: Batch 260/351 processed...
Epoch 25: Batch 270/351 processed...
Epoch 25: Batch 280/351 processed...
Epoch 25: Batch 290/351 processed...
Epoch 25: Batch 300/351 processed...
Epoch 25: Batch 310/351 processed...
Epoch 25: Batch 320/351 processed...
Epoch 25: Batch 330/351 processed...
Epoch 25: Batch 340/351 processed...
Epoch 25: Batch 350/351 processed...
Epoch 25/30 | Train Loss: 0.6468
Epoch 25/30 | Val Loss: 1.2849 | AUROC: 0.6655 | PR-AUC: 0.3352 | F1: 0.3449
Epoch 26: Batch 0/351 processed...
Epoch 26: Batch 10/351 processed...
Epoch 26: Batch 20/351 processed...
Epoch 26: Batch 30/351 processed...
Epoch 26: Batch 40/351 processed...
Epoch 26: Batch 50/351 processed...
Epoch 26: Batch 60/351 processed...
Epoch 26: Batch 70/351 processed...
Epoch 26: Batch 80/351 processed...
Epoch 26: Batch 90/351 processed...
Epoch 26: Batch 100/351 processed...
Epoch 26: Batch 110/351 processed...
Epoch 26: Batch 120/351 processed...
Epoch 26: Batch 130/351 processed...
Epoch 26: Batch 140/351 processed...
Epoch 26: Batch 150/351 processed...
Epoch 26: Batch 160/351 processed...
Epoch 26: Batch 170/351 processed...
Epoch 26: Batch 180/351 processed...
Epoch 26: Batch 190/351 processed...
Epoch 26: Batch 200/351 processed...
Epoch 26: Batch 210/351 processed...
Epoch 26: Batch 220/351 processed...
Epoch 26: Batch 230/351 processed...
Epoch 26: Batch 240/351 processed...
Epoch 26: Batch 250/351 processed...
Epoch 26: Batch 260/351 processed...
Epoch 26: Batch 270/351 processed...
Epoch 26: Batch 280/351 processed...
Epoch 26: Batch 290/351 processed...
Epoch 26: Batch 300/351 processed...
Epoch 26: Batch 310/351 processed...
Epoch 26: Batch 320/351 processed...
Epoch 26: Batch 330/351 processed...
Epoch 26: Batch 340/351 processed...
Epoch 26: Batch 350/351 processed...
Epoch 26/30 | Train Loss: 0.6345
Epoch 26/30 | Val Loss: 1.3733 | AUROC: 0.6541 | PR-AUC: 0.3706 | F1: 0.3487
Epoch 27: Batch 0/351 processed...
Epoch 27: Batch 10/351 processed...
Epoch 27: Batch 20/351 processed...
Epoch 27: Batch 30/351 processed...
Epoch 27: Batch 40/351 processed...
Epoch 27: Batch 50/351 processed...
Epoch 27: Batch 60/351 processed...
Epoch 27: Batch 70/351 processed...
Epoch 27: Batch 80/351 processed...
Epoch 27: Batch 90/351 processed...
Epoch 27: Batch 100/351 processed...
Epoch 27: Batch 110/351 processed...
Epoch 27: Batch 120/351 processed...
Epoch 27: Batch 130/351 processed...
Epoch 27: Batch 140/351 processed...
Epoch 27: Batch 150/351 processed...
Epoch 27: Batch 160/351 processed...
Epoch 27: Batch 170/351 processed...
Epoch 27: Batch 180/351 processed...
Epoch 27: Batch 190/351 processed...
Epoch 27: Batch 200/351 processed...
Epoch 27: Batch 210/351 processed...
Epoch 27: Batch 220/351 processed...
Epoch 27: Batch 230/351 processed...
Epoch 27: Batch 240/351 processed...
Epoch 27: Batch 250/351 processed...
Epoch 27: Batch 260/351 processed...
Epoch 27: Batch 270/351 processed...
Epoch 27: Batch 280/351 processed...
Epoch 27: Batch 290/351 processed...
Epoch 27: Batch 300/351 processed...
Epoch 27: Batch 310/351 processed...
Epoch 27: Batch 320/351 processed...
Epoch 27: Batch 330/351 processed...
Epoch 27: Batch 340/351 processed...
Epoch 27: Batch 350/351 processed...
Epoch 27/30 | Train Loss: 0.5618
Epoch 27/30 | Val Loss: 1.4116 | AUROC: 0.6705 | PR-AUC: 0.3973 | F1: 0.3037
Epoch 28: Batch 0/351 processed...
Epoch 28: Batch 10/351 processed...
Epoch 28: Batch 20/351 processed...
Epoch 28: Batch 30/351 processed...
Epoch 28: Batch 40/351 processed...
Epoch 28: Batch 50/351 processed...
Epoch 28: Batch 60/351 processed...
Epoch 28: Batch 70/351 processed...
Epoch 28: Batch 80/351 processed...
Epoch 28: Batch 90/351 processed...
Epoch 28: Batch 100/351 processed...
Epoch 28: Batch 110/351 processed...
Epoch 28: Batch 120/351 processed...
Epoch 28: Batch 130/351 processed...
Epoch 28: Batch 140/351 processed...
Epoch 28: Batch 150/351 processed...
Epoch 28: Batch 160/351 processed...
Epoch 28: Batch 170/351 processed...
Epoch 28: Batch 180/351 processed...
Epoch 28: Batch 190/351 processed...
Epoch 28: Batch 200/351 processed...
Epoch 28: Batch 210/351 processed...
Epoch 28: Batch 220/351 processed...
Epoch 28: Batch 230/351 processed...
Epoch 28: Batch 240/351 processed...
Epoch 28: Batch 250/351 processed...
Epoch 28: Batch 260/351 processed...
Epoch 28: Batch 270/351 processed...
Epoch 28: Batch 280/351 processed...
Epoch 28: Batch 290/351 processed...
Epoch 28: Batch 300/351 processed...
Epoch 28: Batch 310/351 processed...
Epoch 28: Batch 320/351 processed...
Epoch 28: Batch 330/351 processed...
Epoch 28: Batch 340/351 processed...
Epoch 28: Batch 350/351 processed...
Epoch 28/30 | Train Loss: 0.5384
Epoch 28/30 | Val Loss: 1.3960 | AUROC: 0.6670 | PR-AUC: 0.3609 | F1: 0.3374
Epoch 29: Batch 0/351 processed...
Epoch 29: Batch 10/351 processed...
Epoch 29: Batch 20/351 processed...
Epoch 29: Batch 30/351 processed...
Epoch 29: Batch 40/351 processed...
Epoch 29: Batch 50/351 processed...
Epoch 29: Batch 60/351 processed...
Epoch 29: Batch 70/351 processed...
Epoch 29: Batch 80/351 processed...
Epoch 29: Batch 90/351 processed...
Epoch 29: Batch 100/351 processed...
Epoch 29: Batch 110/351 processed...
Epoch 29: Batch 120/351 processed...
Epoch 29: Batch 130/351 processed...
Epoch 29: Batch 140/351 processed...
Epoch 29: Batch 150/351 processed...
Epoch 29: Batch 160/351 processed...
Epoch 29: Batch 170/351 processed...
Epoch 29: Batch 180/351 processed...
Epoch 29: Batch 190/351 processed...
Epoch 29: Batch 200/351 processed...
Epoch 29: Batch 210/351 processed...
Epoch 29: Batch 220/351 processed...
Epoch 29: Batch 230/351 processed...
Epoch 29: Batch 240/351 processed...
Epoch 29: Batch 250/351 processed...
Epoch 29: Batch 260/351 processed...
Epoch 29: Batch 270/351 processed...
Epoch 29: Batch 280/351 processed...
Epoch 29: Batch 290/351 processed...
Epoch 29: Batch 300/351 processed...
Epoch 29: Batch 310/351 processed...
Epoch 29: Batch 320/351 processed...
Epoch 29: Batch 330/351 processed...
Epoch 29: Batch 340/351 processed...
Epoch 29: Batch 350/351 processed...
Epoch 29/30 | Train Loss: 0.5243
Epoch 29/30 | Val Loss: 1.3554 | AUROC: 0.6655 | PR-AUC: 0.3873 | F1: 0.3467
Epoch 30: Batch 0/351 processed...
Epoch 30: Batch 10/351 processed...
Epoch 30: Batch 20/351 processed...
Epoch 30: Batch 30/351 processed...
Epoch 30: Batch 40/351 processed...
Epoch 30: Batch 50/351 processed...
Epoch 30: Batch 60/351 processed...
Epoch 30: Batch 70/351 processed...
Epoch 30: Batch 80/351 processed...
Epoch 30: Batch 90/351 processed...
Epoch 30: Batch 100/351 processed...
Epoch 30: Batch 110/351 processed...
Epoch 30: Batch 120/351 processed...
Epoch 30: Batch 130/351 processed...
Epoch 30: Batch 140/351 processed...
Epoch 30: Batch 150/351 processed...
Epoch 30: Batch 160/351 processed...
Epoch 30: Batch 170/351 processed...
Epoch 30: Batch 180/351 processed...
Epoch 30: Batch 190/351 processed...
Epoch 30: Batch 200/351 processed...
Epoch 30: Batch 210/351 processed...
Epoch 30: Batch 220/351 processed...
Epoch 30: Batch 230/351 processed...
Epoch 30: Batch 240/351 processed...
Epoch 30: Batch 250/351 processed...
Epoch 30: Batch 260/351 processed...
Epoch 30: Batch 270/351 processed...
Epoch 30: Batch 280/351 processed...
Epoch 30: Batch 290/351 processed...
Epoch 30: Batch 300/351 processed...
Epoch 30: Batch 310/351 processed...
Epoch 30: Batch 320/351 processed...
Epoch 30: Batch 330/351 processed...
Epoch 30: Batch 340/351 processed...
Epoch 30: Batch 350/351 processed...
Epoch 30/30 | Train Loss: 0.5175
Epoch 30/30 | Val Loss: 1.5198 | AUROC: 0.6670 | PR-AUC: 0.3704 | F1: 0.3755
Training Complete. Model saved to resnet50_multiwindow_best.pth
