Loading python/3.11.9-gcc-11.5.0-lcos74i
  Loading requirement: glibc/2.34-gcc-11.5.0-pvxzd7x
    gcc-runtime/11.5.0-gcc-11.5.0-ummhigh bzip2/1.0.8-gcc-11.5.0-zflzmmu
    libmd/1.0.4-gcc-11.5.0-55erl6z libbsd/0.12.2-gcc-11.5.0-vi5swmx
    expat/2.6.4-gcc-11.5.0-l7c6mcr ncurses/6.5-gcc-11.5.0-dmolxwk
    readline/8.2-gcc-11.5.0-xfzlvrx gdbm/1.23-gcc-11.5.0-az3qhor
    xz/5.4.6-gcc-11.5.0-pd2qfl7 zlib/1.3.1-gcc-11.5.0-4lchq6k
    libxml2/2.13.4-gcc-11.5.0-yqs2dzp pigz/2.8-gcc-11.5.0-4mldkdl
    zstd/1.5.6-gcc-11.5.0-rbv3mbv tar/1.34-gcc-11.5.0-cq5xmvr
    gettext/0.22.5-gcc-11.5.0-trruhow libffi/3.4.6-gcc-11.5.0-axqykin
    libxcrypt/4.4.35-gcc-11.5.0-ibrefxr openssl/3.4.0-gcc-11.5.0-jz6o2m7
    sqlite/3.46.0-gcc-11.5.0-wfqbdy2 util-linux-uuid/2.40.2-gcc-11.5.0-wl67vxg
Config: NUM_SLICES=32, FREEZE_BACKBONE=True, POOLING=attention, USE_MULTIWINDOW=True, EPOCHS=30
Finding 1000 valid volumes...
Final Counts -> Train: 702, Val: 148, Test: 150
/scratch/19335683/vlm3d_challenge/dl_env/lib64/python3.9/site-packages/monai/utils/deprecate_utils.py:321: FutureWarning: monai.transforms.spatial.dictionary Orientationd.__init__:labels: Current default value of argument `labels=(('L', 'R'), ('P', 'A'), ('I', 'S'))` was changed in version None from `labels=(('L', 'R'), ('P', 'A'), ('I', 'S'))` to `labels=None`. Default value changed to None meaning that the transform now uses the 'space' of a meta-tensor, if applicable, to determine appropriate axis labels.
  warn_deprecated(argname, msg, warning_category)
Building Slice2DClassifier (freeze_backbone=True, pooling=attention) on: cuda
Calculated Class Weights: tensor([ 9.0286,  2.3429,  7.0690, 11.1034,  2.8571,  5.6226,  4.0504,  4.2388,
         2.8152,  1.1534,  2.0000,  4.1618,  9.1739, 13.0400,  9.0286,  4.5714,
         9.1739, 13.6250], device='cuda:0')
Starting Training...
Epoch 1: Batch 0/176 processed...
Epoch 1: Batch 10/176 processed...
Epoch 1: Batch 20/176 processed...
Epoch 1: Batch 30/176 processed...
Epoch 1: Batch 40/176 processed...
Epoch 1: Batch 50/176 processed...
Epoch 1: Batch 60/176 processed...
Epoch 1: Batch 70/176 processed...
Epoch 1: Batch 80/176 processed...
Epoch 1: Batch 90/176 processed...
Epoch 1: Batch 100/176 processed...
Epoch 1: Batch 110/176 processed...
Epoch 1: Batch 120/176 processed...
Epoch 1: Batch 130/176 processed...
Epoch 1: Batch 140/176 processed...
Epoch 1: Batch 150/176 processed...
Epoch 1: Batch 160/176 processed...
Epoch 1: Batch 170/176 processed...
Epoch 1/30 | Train Loss: 1.1378
Epoch 1/30 | Val Loss: 1.0660 | AUROC: 0.5744 | PR-AUC: 0.2619 | F1: 0.2690
Val loss improved from inf to 1.0660. Saving model
Epoch 2: Batch 0/176 processed...
Epoch 2: Batch 10/176 processed...
Epoch 2: Batch 20/176 processed...
Epoch 2: Batch 30/176 processed...
Epoch 2: Batch 40/176 processed...
Epoch 2: Batch 50/176 processed...
Epoch 2: Batch 60/176 processed...
Epoch 2: Batch 70/176 processed...
Epoch 2: Batch 80/176 processed...
Epoch 2: Batch 90/176 processed...
Epoch 2: Batch 100/176 processed...
Epoch 2: Batch 110/176 processed...
Epoch 2: Batch 120/176 processed...
Epoch 2: Batch 130/176 processed...
Epoch 2: Batch 140/176 processed...
Epoch 2: Batch 150/176 processed...
Epoch 2: Batch 160/176 processed...
Epoch 2: Batch 170/176 processed...
Epoch 2/30 | Train Loss: 1.1255
Epoch 2/30 | Val Loss: 1.0570 | AUROC: 0.6338 | PR-AUC: 0.2943 | F1: 0.2842
Val loss improved from 1.0660 to 1.0570. Saving model
Epoch 3: Batch 0/176 processed...
Epoch 3: Batch 10/176 processed...
Epoch 3: Batch 20/176 processed...
Epoch 3: Batch 30/176 processed...
Epoch 3: Batch 40/176 processed...
Epoch 3: Batch 50/176 processed...
Epoch 3: Batch 60/176 processed...
Epoch 3: Batch 70/176 processed...
Epoch 3: Batch 80/176 processed...
Epoch 3: Batch 90/176 processed...
Epoch 3: Batch 100/176 processed...
Epoch 3: Batch 110/176 processed...
Epoch 3: Batch 120/176 processed...
Epoch 3: Batch 130/176 processed...
Epoch 3: Batch 140/176 processed...
Epoch 3: Batch 150/176 processed...
Epoch 3: Batch 160/176 processed...
Epoch 3: Batch 170/176 processed...
Epoch 3/30 | Train Loss: 1.1039
Epoch 3/30 | Val Loss: 1.0371 | AUROC: 0.6535 | PR-AUC: 0.3095 | F1: 0.3036
Val loss improved from 1.0570 to 1.0371. Saving model
Epoch 4: Batch 0/176 processed...
Epoch 4: Batch 10/176 processed...
Epoch 4: Batch 20/176 processed...
Epoch 4: Batch 30/176 processed...
Epoch 4: Batch 40/176 processed...
Epoch 4: Batch 50/176 processed...
Epoch 4: Batch 60/176 processed...
Epoch 4: Batch 70/176 processed...
Epoch 4: Batch 80/176 processed...
Epoch 4: Batch 90/176 processed...
Epoch 4: Batch 100/176 processed...
Epoch 4: Batch 110/176 processed...
Epoch 4: Batch 120/176 processed...
Epoch 4: Batch 130/176 processed...
Epoch 4: Batch 140/176 processed...
Epoch 4: Batch 150/176 processed...
Epoch 4: Batch 160/176 processed...
Epoch 4: Batch 170/176 processed...
Epoch 4/30 | Train Loss: 1.0797
Epoch 4/30 | Val Loss: 1.0199 | AUROC: 0.6695 | PR-AUC: 0.3228 | F1: 0.3237
Val loss improved from 1.0371 to 1.0199. Saving model
Epoch 5: Batch 0/176 processed...
Epoch 5: Batch 10/176 processed...
Epoch 5: Batch 20/176 processed...
Epoch 5: Batch 30/176 processed...
Epoch 5: Batch 40/176 processed...
Epoch 5: Batch 50/176 processed...
Epoch 5: Batch 60/176 processed...
Epoch 5: Batch 70/176 processed...
Epoch 5: Batch 80/176 processed...
Epoch 5: Batch 90/176 processed...
Epoch 5: Batch 100/176 processed...
Epoch 5: Batch 110/176 processed...
Epoch 5: Batch 120/176 processed...
Epoch 5: Batch 130/176 processed...
Epoch 5: Batch 140/176 processed...
Epoch 5: Batch 150/176 processed...
Epoch 5: Batch 160/176 processed...
Epoch 5: Batch 170/176 processed...
Epoch 5/30 | Train Loss: 1.0612
Epoch 5/30 | Val Loss: 1.0079 | AUROC: 0.6730 | PR-AUC: 0.3316 | F1: 0.3300
Val loss improved from 1.0199 to 1.0079. Saving model
Epoch 6: Batch 0/176 processed...
Epoch 6: Batch 10/176 processed...
Epoch 6: Batch 20/176 processed...
Epoch 6: Batch 30/176 processed...
Epoch 6: Batch 40/176 processed...
Epoch 6: Batch 50/176 processed...
Epoch 6: Batch 60/176 processed...
Epoch 6: Batch 70/176 processed...
Epoch 6: Batch 80/176 processed...
Epoch 6: Batch 90/176 processed...
Epoch 6: Batch 100/176 processed...
Epoch 6: Batch 110/176 processed...
Epoch 6: Batch 120/176 processed...
Epoch 6: Batch 130/176 processed...
Epoch 6: Batch 140/176 processed...
Epoch 6: Batch 150/176 processed...
Epoch 6: Batch 160/176 processed...
Epoch 6: Batch 170/176 processed...
Epoch 6/30 | Train Loss: 1.0497
Epoch 6/30 | Val Loss: 0.9972 | AUROC: 0.6816 | PR-AUC: 0.3383 | F1: 0.3246
Val loss improved from 1.0079 to 0.9972. Saving model
Epoch 7: Batch 0/176 processed...
Epoch 7: Batch 10/176 processed...
Epoch 7: Batch 20/176 processed...
Epoch 7: Batch 30/176 processed...
Epoch 7: Batch 40/176 processed...
Epoch 7: Batch 50/176 processed...
Epoch 7: Batch 60/176 processed...
Epoch 7: Batch 70/176 processed...
Epoch 7: Batch 80/176 processed...
Epoch 7: Batch 90/176 processed...
Epoch 7: Batch 100/176 processed...
Epoch 7: Batch 110/176 processed...
Epoch 7: Batch 120/176 processed...
Epoch 7: Batch 130/176 processed...
Epoch 7: Batch 140/176 processed...
Epoch 7: Batch 150/176 processed...
Epoch 7: Batch 160/176 processed...
Epoch 7: Batch 170/176 processed...
Epoch 7/30 | Train Loss: 1.0322
Epoch 7/30 | Val Loss: 0.9997 | AUROC: 0.6686 | PR-AUC: 0.3336 | F1: 0.3157
Epoch 8: Batch 0/176 processed...
Epoch 8: Batch 10/176 processed...
Epoch 8: Batch 20/176 processed...
Epoch 8: Batch 30/176 processed...
Epoch 8: Batch 40/176 processed...
Epoch 8: Batch 50/176 processed...
Epoch 8: Batch 60/176 processed...
Epoch 8: Batch 70/176 processed...
Epoch 8: Batch 80/176 processed...
Epoch 8: Batch 90/176 processed...
Epoch 8: Batch 100/176 processed...
Epoch 8: Batch 110/176 processed...
Epoch 8: Batch 120/176 processed...
Epoch 8: Batch 130/176 processed...
Epoch 8: Batch 140/176 processed...
Epoch 8: Batch 150/176 processed...
Epoch 8: Batch 160/176 processed...
Epoch 8: Batch 170/176 processed...
Epoch 8/30 | Train Loss: 1.0266
Epoch 8/30 | Val Loss: 0.9934 | AUROC: 0.6761 | PR-AUC: 0.3361 | F1: 0.3317
Val loss improved from 0.9972 to 0.9934. Saving model
Epoch 9: Batch 0/176 processed...
Epoch 9: Batch 10/176 processed...
Epoch 9: Batch 20/176 processed...
Epoch 9: Batch 30/176 processed...
Epoch 9: Batch 40/176 processed...
Epoch 9: Batch 50/176 processed...
Epoch 9: Batch 60/176 processed...
Epoch 9: Batch 70/176 processed...
Epoch 9: Batch 80/176 processed...
Epoch 9: Batch 90/176 processed...
Epoch 9: Batch 100/176 processed...
Epoch 9: Batch 110/176 processed...
Epoch 9: Batch 120/176 processed...
Epoch 9: Batch 130/176 processed...
Epoch 9: Batch 140/176 processed...
Epoch 9: Batch 150/176 processed...
Epoch 9: Batch 160/176 processed...
Epoch 9: Batch 170/176 processed...
Epoch 9/30 | Train Loss: 1.0094
Epoch 9/30 | Val Loss: 0.9874 | AUROC: 0.6781 | PR-AUC: 0.3523 | F1: 0.3232
Val loss improved from 0.9934 to 0.9874. Saving model
Epoch 10: Batch 0/176 processed...
Epoch 10: Batch 10/176 processed...
Epoch 10: Batch 20/176 processed...
Epoch 10: Batch 30/176 processed...
Epoch 10: Batch 40/176 processed...
Epoch 10: Batch 50/176 processed...
Epoch 10: Batch 60/176 processed...
Epoch 10: Batch 70/176 processed...
Epoch 10: Batch 80/176 processed...
Epoch 10: Batch 90/176 processed...
Epoch 10: Batch 100/176 processed...
Epoch 10: Batch 110/176 processed...
Epoch 10: Batch 120/176 processed...
Epoch 10: Batch 130/176 processed...
Epoch 10: Batch 140/176 processed...
Epoch 10: Batch 150/176 processed...
Epoch 10: Batch 160/176 processed...
Epoch 10: Batch 170/176 processed...
Epoch 10/30 | Train Loss: 1.0119
Epoch 10/30 | Val Loss: 0.9823 | AUROC: 0.6811 | PR-AUC: 0.3426 | F1: 0.3324
Val loss improved from 0.9874 to 0.9823. Saving model
Epoch 11: Batch 0/176 processed...
Epoch 11: Batch 10/176 processed...
Epoch 11: Batch 20/176 processed...
Epoch 11: Batch 30/176 processed...
Epoch 11: Batch 40/176 processed...
Epoch 11: Batch 50/176 processed...
Epoch 11: Batch 60/176 processed...
Epoch 11: Batch 70/176 processed...
Epoch 11: Batch 80/176 processed...
Epoch 11: Batch 90/176 processed...
Epoch 11: Batch 100/176 processed...
Epoch 11: Batch 110/176 processed...
Epoch 11: Batch 120/176 processed...
Epoch 11: Batch 130/176 processed...
Epoch 11: Batch 140/176 processed...
Epoch 11: Batch 150/176 processed...
Epoch 11: Batch 160/176 processed...
Epoch 11: Batch 170/176 processed...
Epoch 11/30 | Train Loss: 1.0127
Epoch 11/30 | Val Loss: 0.9787 | AUROC: 0.6875 | PR-AUC: 0.3471 | F1: 0.3401
Val loss improved from 0.9823 to 0.9787. Saving model
Epoch 12: Batch 0/176 processed...
Epoch 12: Batch 10/176 processed...
Epoch 12: Batch 20/176 processed...
Epoch 12: Batch 30/176 processed...
Epoch 12: Batch 40/176 processed...
Epoch 12: Batch 50/176 processed...
Epoch 12: Batch 60/176 processed...
Epoch 12: Batch 70/176 processed...
Epoch 12: Batch 80/176 processed...
Epoch 12: Batch 90/176 processed...
Epoch 12: Batch 100/176 processed...
Epoch 12: Batch 110/176 processed...
Epoch 12: Batch 120/176 processed...
Epoch 12: Batch 130/176 processed...
Epoch 12: Batch 140/176 processed...
Epoch 12: Batch 150/176 processed...
Epoch 12: Batch 160/176 processed...
Epoch 12: Batch 170/176 processed...
Epoch 12/30 | Train Loss: 1.0021
Epoch 12/30 | Val Loss: 0.9745 | AUROC: 0.6872 | PR-AUC: 0.3427 | F1: 0.3350
Val loss improved from 0.9787 to 0.9745. Saving model
Epoch 13: Batch 0/176 processed...
Epoch 13: Batch 10/176 processed...
Epoch 13: Batch 20/176 processed...
Epoch 13: Batch 30/176 processed...
Epoch 13: Batch 40/176 processed...
Epoch 13: Batch 50/176 processed...
Epoch 13: Batch 60/176 processed...
Epoch 13: Batch 70/176 processed...
Epoch 13: Batch 80/176 processed...
Epoch 13: Batch 90/176 processed...
Epoch 13: Batch 100/176 processed...
Epoch 13: Batch 110/176 processed...
Epoch 13: Batch 120/176 processed...
Epoch 13: Batch 130/176 processed...
Epoch 13: Batch 140/176 processed...
Epoch 13: Batch 150/176 processed...
Epoch 13: Batch 160/176 processed...
Epoch 13: Batch 170/176 processed...
Epoch 13/30 | Train Loss: 0.9931
Epoch 13/30 | Val Loss: 0.9763 | AUROC: 0.6859 | PR-AUC: 0.3641 | F1: 0.3309
Epoch 14: Batch 0/176 processed...
Epoch 14: Batch 10/176 processed...
Epoch 14: Batch 20/176 processed...
Epoch 14: Batch 30/176 processed...
Epoch 14: Batch 40/176 processed...
Epoch 14: Batch 50/176 processed...
Epoch 14: Batch 60/176 processed...
Epoch 14: Batch 70/176 processed...
Epoch 14: Batch 80/176 processed...
Epoch 14: Batch 90/176 processed...
Epoch 14: Batch 100/176 processed...
Epoch 14: Batch 110/176 processed...
Epoch 14: Batch 120/176 processed...
Epoch 14: Batch 130/176 processed...
Epoch 14: Batch 140/176 processed...
Epoch 14: Batch 150/176 processed...
Epoch 14: Batch 160/176 processed...
Epoch 14: Batch 170/176 processed...
Epoch 14/30 | Train Loss: 0.9974
Epoch 14/30 | Val Loss: 0.9725 | AUROC: 0.6864 | PR-AUC: 0.3627 | F1: 0.3423
Val loss improved from 0.9745 to 0.9725. Saving model
Epoch 15: Batch 0/176 processed...
Epoch 15: Batch 10/176 processed...
Epoch 15: Batch 20/176 processed...
Epoch 15: Batch 30/176 processed...
Epoch 15: Batch 40/176 processed...
Epoch 15: Batch 50/176 processed...
Epoch 15: Batch 60/176 processed...
Epoch 15: Batch 70/176 processed...
Epoch 15: Batch 80/176 processed...
Epoch 15: Batch 90/176 processed...
Epoch 15: Batch 100/176 processed...
Epoch 15: Batch 110/176 processed...
Epoch 15: Batch 120/176 processed...
Epoch 15: Batch 130/176 processed...
Epoch 15: Batch 140/176 processed...
Epoch 15: Batch 150/176 processed...
Epoch 15: Batch 160/176 processed...
Epoch 15: Batch 170/176 processed...
Epoch 15/30 | Train Loss: 0.9896
Epoch 15/30 | Val Loss: 0.9732 | AUROC: 0.6885 | PR-AUC: 0.3492 | F1: 0.3489
Epoch 16: Batch 0/176 processed...
Epoch 16: Batch 10/176 processed...
Epoch 16: Batch 20/176 processed...
Epoch 16: Batch 30/176 processed...
Epoch 16: Batch 40/176 processed...
Epoch 16: Batch 50/176 processed...
Epoch 16: Batch 60/176 processed...
Epoch 16: Batch 70/176 processed...
Epoch 16: Batch 80/176 processed...
Epoch 16: Batch 90/176 processed...
Epoch 16: Batch 100/176 processed...
Epoch 16: Batch 110/176 processed...
Epoch 16: Batch 120/176 processed...
Epoch 16: Batch 130/176 processed...
Epoch 16: Batch 140/176 processed...
Epoch 16: Batch 150/176 processed...
Epoch 16: Batch 160/176 processed...
Epoch 16: Batch 170/176 processed...
Epoch 16/30 | Train Loss: 0.9814
Epoch 16/30 | Val Loss: 0.9740 | AUROC: 0.6855 | PR-AUC: 0.3537 | F1: 0.3381
Epoch 17: Batch 0/176 processed...
Epoch 17: Batch 10/176 processed...
Epoch 17: Batch 20/176 processed...
Epoch 17: Batch 30/176 processed...
Epoch 17: Batch 40/176 processed...
Epoch 17: Batch 50/176 processed...
Epoch 17: Batch 60/176 processed...
Epoch 17: Batch 70/176 processed...
Epoch 17: Batch 80/176 processed...
Epoch 17: Batch 90/176 processed...
Epoch 17: Batch 100/176 processed...
Epoch 17: Batch 110/176 processed...
Epoch 17: Batch 120/176 processed...
Epoch 17: Batch 130/176 processed...
Epoch 17: Batch 140/176 processed...
Epoch 17: Batch 150/176 processed...
Epoch 17: Batch 160/176 processed...
Epoch 17: Batch 170/176 processed...
Epoch 17/30 | Train Loss: 0.9724
Epoch 17/30 | Val Loss: 0.9688 | AUROC: 0.6894 | PR-AUC: 0.3608 | F1: 0.3367
Val loss improved from 0.9725 to 0.9688. Saving model
Epoch 18: Batch 0/176 processed...
Epoch 18: Batch 10/176 processed...
Epoch 18: Batch 20/176 processed...
Epoch 18: Batch 30/176 processed...
Epoch 18: Batch 40/176 processed...
Epoch 18: Batch 50/176 processed...
Epoch 18: Batch 60/176 processed...
Epoch 18: Batch 70/176 processed...
Epoch 18: Batch 80/176 processed...
Epoch 18: Batch 90/176 processed...
Epoch 18: Batch 100/176 processed...
Epoch 18: Batch 110/176 processed...
Epoch 18: Batch 120/176 processed...
Epoch 18: Batch 130/176 processed...
Epoch 18: Batch 140/176 processed...
Epoch 18: Batch 150/176 processed...
Epoch 18: Batch 160/176 processed...
Epoch 18: Batch 170/176 processed...
Epoch 18/30 | Train Loss: 0.9689
Epoch 18/30 | Val Loss: 0.9665 | AUROC: 0.6926 | PR-AUC: 0.3470 | F1: 0.3456
Val loss improved from 0.9688 to 0.9665. Saving model
Epoch 19: Batch 0/176 processed...
Epoch 19: Batch 10/176 processed...
Epoch 19: Batch 20/176 processed...
Epoch 19: Batch 30/176 processed...
Epoch 19: Batch 40/176 processed...
Epoch 19: Batch 50/176 processed...
Epoch 19: Batch 60/176 processed...
Epoch 19: Batch 70/176 processed...
Epoch 19: Batch 80/176 processed...
Epoch 19: Batch 90/176 processed...
Epoch 19: Batch 100/176 processed...
Epoch 19: Batch 110/176 processed...
Epoch 19: Batch 120/176 processed...
Epoch 19: Batch 130/176 processed...
Epoch 19: Batch 140/176 processed...
Epoch 19: Batch 150/176 processed...
Epoch 19: Batch 160/176 processed...
Epoch 19: Batch 170/176 processed...
Epoch 19/30 | Train Loss: 0.9724
Epoch 19/30 | Val Loss: 0.9617 | AUROC: 0.6966 | PR-AUC: 0.3600 | F1: 0.3480
Val loss improved from 0.9665 to 0.9617. Saving model
Epoch 20: Batch 0/176 processed...
Epoch 20: Batch 10/176 processed...
Epoch 20: Batch 20/176 processed...
Epoch 20: Batch 30/176 processed...
Epoch 20: Batch 40/176 processed...
Epoch 20: Batch 50/176 processed...
Epoch 20: Batch 60/176 processed...
Epoch 20: Batch 70/176 processed...
Epoch 20: Batch 80/176 processed...
Epoch 20: Batch 90/176 processed...
Epoch 20: Batch 100/176 processed...
Epoch 20: Batch 110/176 processed...
Epoch 20: Batch 120/176 processed...
Epoch 20: Batch 130/176 processed...
Epoch 20: Batch 140/176 processed...
Epoch 20: Batch 150/176 processed...
Epoch 20: Batch 160/176 processed...
Epoch 20: Batch 170/176 processed...
Epoch 20/30 | Train Loss: 0.9629
Epoch 20/30 | Val Loss: 0.9703 | AUROC: 0.6881 | PR-AUC: 0.3483 | F1: 0.3479
Epoch 21: Batch 0/176 processed...
Epoch 21: Batch 10/176 processed...
Epoch 21: Batch 20/176 processed...
Epoch 21: Batch 30/176 processed...
Epoch 21: Batch 40/176 processed...
Epoch 21: Batch 50/176 processed...
Epoch 21: Batch 60/176 processed...
Epoch 21: Batch 70/176 processed...
Epoch 21: Batch 80/176 processed...
Epoch 21: Batch 90/176 processed...
Epoch 21: Batch 100/176 processed...
Epoch 21: Batch 110/176 processed...
Epoch 21: Batch 120/176 processed...
Epoch 21: Batch 130/176 processed...
Epoch 21: Batch 140/176 processed...
Epoch 21: Batch 150/176 processed...
Epoch 21: Batch 160/176 processed...
Epoch 21: Batch 170/176 processed...
Epoch 21/30 | Train Loss: 0.9635
Epoch 21/30 | Val Loss: 0.9660 | AUROC: 0.6946 | PR-AUC: 0.3619 | F1: 0.3462
Epoch 22: Batch 0/176 processed...
Epoch 22: Batch 10/176 processed...
Epoch 22: Batch 20/176 processed...
Epoch 22: Batch 30/176 processed...
Epoch 22: Batch 40/176 processed...
Epoch 22: Batch 50/176 processed...
Epoch 22: Batch 60/176 processed...
Epoch 22: Batch 70/176 processed...
Epoch 22: Batch 80/176 processed...
Epoch 22: Batch 90/176 processed...
Epoch 22: Batch 100/176 processed...
Epoch 22: Batch 110/176 processed...
Epoch 22: Batch 120/176 processed...
Epoch 22: Batch 130/176 processed...
Epoch 22: Batch 140/176 processed...
Epoch 22: Batch 150/176 processed...
Epoch 22: Batch 160/176 processed...
Epoch 22: Batch 170/176 processed...
Epoch 22/30 | Train Loss: 0.9580
Epoch 22/30 | Val Loss: 0.9625 | AUROC: 0.6958 | PR-AUC: 0.3549 | F1: 0.3508
Epoch 23: Batch 0/176 processed...
Epoch 23: Batch 10/176 processed...
Epoch 23: Batch 20/176 processed...
Epoch 23: Batch 30/176 processed...
Epoch 23: Batch 40/176 processed...
Epoch 23: Batch 50/176 processed...
Epoch 23: Batch 60/176 processed...
Epoch 23: Batch 70/176 processed...
Epoch 23: Batch 80/176 processed...
Epoch 23: Batch 90/176 processed...
Epoch 23: Batch 100/176 processed...
Epoch 23: Batch 110/176 processed...
Epoch 23: Batch 120/176 processed...
Epoch 23: Batch 130/176 processed...
Epoch 23: Batch 140/176 processed...
Epoch 23: Batch 150/176 processed...
Epoch 23: Batch 160/176 processed...
Epoch 23: Batch 170/176 processed...
Epoch 23/30 | Train Loss: 0.9668
Epoch 23/30 | Val Loss: 0.9595 | AUROC: 0.6986 | PR-AUC: 0.3554 | F1: 0.3535
Val loss improved from 0.9617 to 0.9595. Saving model
Epoch 24: Batch 0/176 processed...
Epoch 24: Batch 10/176 processed...
Epoch 24: Batch 20/176 processed...
Epoch 24: Batch 30/176 processed...
Epoch 24: Batch 40/176 processed...
Epoch 24: Batch 50/176 processed...
Epoch 24: Batch 60/176 processed...
Epoch 24: Batch 70/176 processed...
Epoch 24: Batch 80/176 processed...
Epoch 24: Batch 90/176 processed...
Epoch 24: Batch 100/176 processed...
Epoch 24: Batch 110/176 processed...
Epoch 24: Batch 120/176 processed...
Epoch 24: Batch 130/176 processed...
Epoch 24: Batch 140/176 processed...
Epoch 24: Batch 150/176 processed...
Epoch 24: Batch 160/176 processed...
Epoch 24: Batch 170/176 processed...
Epoch 24/30 | Train Loss: 0.9561
Epoch 24/30 | Val Loss: 0.9614 | AUROC: 0.7015 | PR-AUC: 0.3600 | F1: 0.3543
Epoch 25: Batch 0/176 processed...
Epoch 25: Batch 10/176 processed...
Epoch 25: Batch 20/176 processed...
Epoch 25: Batch 30/176 processed...
Epoch 25: Batch 40/176 processed...
Epoch 25: Batch 50/176 processed...
Epoch 25: Batch 60/176 processed...
Epoch 25: Batch 70/176 processed...
Epoch 25: Batch 80/176 processed...
Epoch 25: Batch 90/176 processed...
Epoch 25: Batch 100/176 processed...
Epoch 25: Batch 110/176 processed...
Epoch 25: Batch 120/176 processed...
Epoch 25: Batch 130/176 processed...
Epoch 25: Batch 140/176 processed...
Epoch 25: Batch 150/176 processed...
Epoch 25: Batch 160/176 processed...
Epoch 25: Batch 170/176 processed...
Epoch 25/30 | Train Loss: 0.9571
Epoch 25/30 | Val Loss: 0.9592 | AUROC: 0.7006 | PR-AUC: 0.3581 | F1: 0.3511
Val loss improved from 0.9595 to 0.9592. Saving model
Epoch 26: Batch 0/176 processed...
Epoch 26: Batch 10/176 processed...
Epoch 26: Batch 20/176 processed...
Epoch 26: Batch 30/176 processed...
Epoch 26: Batch 40/176 processed...
Epoch 26: Batch 50/176 processed...
Epoch 26: Batch 60/176 processed...
Epoch 26: Batch 70/176 processed...
Epoch 26: Batch 80/176 processed...
Epoch 26: Batch 90/176 processed...
Epoch 26: Batch 100/176 processed...
Epoch 26: Batch 110/176 processed...
Epoch 26: Batch 120/176 processed...
Epoch 26: Batch 130/176 processed...
Epoch 26: Batch 140/176 processed...
Epoch 26: Batch 150/176 processed...
Epoch 26: Batch 160/176 processed...
Epoch 26: Batch 170/176 processed...
Epoch 26/30 | Train Loss: 0.9554
Epoch 26/30 | Val Loss: 0.9648 | AUROC: 0.6934 | PR-AUC: 0.3549 | F1: 0.3542
Epoch 27: Batch 0/176 processed...
Epoch 27: Batch 10/176 processed...
Epoch 27: Batch 20/176 processed...
Epoch 27: Batch 30/176 processed...
Epoch 27: Batch 40/176 processed...
Epoch 27: Batch 50/176 processed...
Epoch 27: Batch 60/176 processed...
Epoch 27: Batch 70/176 processed...
Epoch 27: Batch 80/176 processed...
Epoch 27: Batch 90/176 processed...
Epoch 27: Batch 100/176 processed...
Epoch 27: Batch 110/176 processed...
Epoch 27: Batch 120/176 processed...
Epoch 27: Batch 130/176 processed...
Epoch 27: Batch 140/176 processed...
Epoch 27: Batch 150/176 processed...
Epoch 27: Batch 160/176 processed...
Epoch 27: Batch 170/176 processed...
Epoch 27/30 | Train Loss: 0.9578
Epoch 27/30 | Val Loss: 0.9616 | AUROC: 0.6976 | PR-AUC: 0.3589 | F1: 0.3480
Epoch 28: Batch 0/176 processed...
Epoch 28: Batch 10/176 processed...
Epoch 28: Batch 20/176 processed...
Epoch 28: Batch 30/176 processed...
Epoch 28: Batch 40/176 processed...
Epoch 28: Batch 50/176 processed...
Epoch 28: Batch 60/176 processed...
Epoch 28: Batch 70/176 processed...
Epoch 28: Batch 80/176 processed...
Epoch 28: Batch 90/176 processed...
Epoch 28: Batch 100/176 processed...
Epoch 28: Batch 110/176 processed...
Epoch 28: Batch 120/176 processed...
Epoch 28: Batch 130/176 processed...
Epoch 28: Batch 140/176 processed...
Epoch 28: Batch 150/176 processed...
Epoch 28: Batch 160/176 processed...
Epoch 28: Batch 170/176 processed...
Epoch 28/30 | Train Loss: 0.9413
Epoch 28/30 | Val Loss: 0.9579 | AUROC: 0.6976 | PR-AUC: 0.3479 | F1: 0.3516
Val loss improved from 0.9592 to 0.9579. Saving model
Epoch 29: Batch 0/176 processed...
Epoch 29: Batch 10/176 processed...
Epoch 29: Batch 20/176 processed...
Epoch 29: Batch 30/176 processed...
Epoch 29: Batch 40/176 processed...
Epoch 29: Batch 50/176 processed...
Epoch 29: Batch 60/176 processed...
Epoch 29: Batch 70/176 processed...
Epoch 29: Batch 80/176 processed...
Epoch 29: Batch 90/176 processed...
Epoch 29: Batch 100/176 processed...
Epoch 29: Batch 110/176 processed...
Epoch 29: Batch 120/176 processed...
Epoch 29: Batch 130/176 processed...
Epoch 29: Batch 140/176 processed...
Epoch 29: Batch 150/176 processed...
Epoch 29: Batch 160/176 processed...
Epoch 29: Batch 170/176 processed...
Epoch 29/30 | Train Loss: 0.9437
Epoch 29/30 | Val Loss: 0.9633 | AUROC: 0.6966 | PR-AUC: 0.3660 | F1: 0.3448
Epoch 30: Batch 0/176 processed...
Epoch 30: Batch 10/176 processed...
Epoch 30: Batch 20/176 processed...
Epoch 30: Batch 30/176 processed...
Epoch 30: Batch 40/176 processed...
Epoch 30: Batch 50/176 processed...
Epoch 30: Batch 60/176 processed...
Epoch 30: Batch 70/176 processed...
Epoch 30: Batch 80/176 processed...
Epoch 30: Batch 90/176 processed...
Epoch 30: Batch 100/176 processed...
Epoch 30: Batch 110/176 processed...
Epoch 30: Batch 120/176 processed...
Epoch 30: Batch 130/176 processed...
Epoch 30: Batch 140/176 processed...
Epoch 30: Batch 150/176 processed...
Epoch 30: Batch 160/176 processed...
Epoch 30: Batch 170/176 processed...
Epoch 30/30 | Train Loss: 0.9264
Epoch 30/30 | Val Loss: 0.9635 | AUROC: 0.6919 | PR-AUC: 0.3528 | F1: 0.3477
Training Complete.
