Loading python/3.11.9-gcc-11.5.0-lcos74i
  Loading requirement: glibc/2.34-gcc-11.5.0-pvxzd7x
    gcc-runtime/11.5.0-gcc-11.5.0-ummhigh bzip2/1.0.8-gcc-11.5.0-zflzmmu
    libmd/1.0.4-gcc-11.5.0-55erl6z libbsd/0.12.2-gcc-11.5.0-vi5swmx
    expat/2.6.4-gcc-11.5.0-l7c6mcr ncurses/6.5-gcc-11.5.0-dmolxwk
    readline/8.2-gcc-11.5.0-xfzlvrx gdbm/1.23-gcc-11.5.0-az3qhor
    xz/5.4.6-gcc-11.5.0-pd2qfl7 zlib/1.3.1-gcc-11.5.0-4lchq6k
    libxml2/2.13.4-gcc-11.5.0-yqs2dzp pigz/2.8-gcc-11.5.0-4mldkdl
    zstd/1.5.6-gcc-11.5.0-rbv3mbv tar/1.34-gcc-11.5.0-cq5xmvr
    gettext/0.22.5-gcc-11.5.0-trruhow libffi/3.4.6-gcc-11.5.0-axqykin
    libxcrypt/4.4.35-gcc-11.5.0-ibrefxr openssl/3.4.0-gcc-11.5.0-jz6o2m7
    sqlite/3.46.0-gcc-11.5.0-wfqbdy2 util-linux-uuid/2.40.2-gcc-11.5.0-wl67vxg
Config: NUM_SLICES=32, FREEZE_BACKBONE=True, POOLING=attention, USE_MULTIWINDOW=False, EPOCHS=30
Finding 1000 valid volumes...
Final Counts -> Train: 702, Val: 148, Test: 150
/scratch/19335683/vlm3d_challenge/dl_env/lib64/python3.9/site-packages/monai/utils/deprecate_utils.py:321: FutureWarning: monai.transforms.spatial.dictionary Orientationd.__init__:labels: Current default value of argument `labels=(('L', 'R'), ('P', 'A'), ('I', 'S'))` was changed in version None from `labels=(('L', 'R'), ('P', 'A'), ('I', 'S'))` to `labels=None`. Default value changed to None meaning that the transform now uses the 'space' of a meta-tensor, if applicable, to determine appropriate axis labels.
  warn_deprecated(argname, msg, warning_category)
Building Slice2DClassifier (freeze_backbone=True, pooling=attention) on: cuda
Calculated Class Weights: tensor([ 9.0286,  2.3429,  7.0690, 11.1034,  2.8571,  5.6226,  4.0504,  4.2388,
         2.8152,  1.1534,  2.0000,  4.1618,  9.1739, 13.0400,  9.0286,  4.5714,
         9.1739, 13.6250], device='cuda:0')
Starting Training...
Epoch 1: Batch 0/176 processed...
Epoch 1: Batch 10/176 processed...
Epoch 1: Batch 20/176 processed...
Epoch 1: Batch 30/176 processed...
Epoch 1: Batch 40/176 processed...
Epoch 1: Batch 50/176 processed...
Epoch 1: Batch 60/176 processed...
Epoch 1: Batch 70/176 processed...
Epoch 1: Batch 80/176 processed...
Epoch 1: Batch 90/176 processed...
Epoch 1: Batch 100/176 processed...
Epoch 1: Batch 110/176 processed...
Epoch 1: Batch 120/176 processed...
Epoch 1: Batch 130/176 processed...
Epoch 1: Batch 140/176 processed...
Epoch 1: Batch 150/176 processed...
Epoch 1: Batch 160/176 processed...
Epoch 1: Batch 170/176 processed...
Epoch 1/30 | Train Loss: 1.1377
Epoch 1/30 | Val Loss: 1.0670 | AUROC: 0.5402 | PR-AUC: 0.2535 | F1: 0.2668
Val loss improved from inf to 1.0670. Saving model
Epoch 2: Batch 0/176 processed...
Epoch 2: Batch 10/176 processed...
Epoch 2: Batch 20/176 processed...
Epoch 2: Batch 30/176 processed...
Epoch 2: Batch 40/176 processed...
Epoch 2: Batch 50/176 processed...
Epoch 2: Batch 60/176 processed...
Epoch 2: Batch 70/176 processed...
Epoch 2: Batch 80/176 processed...
Epoch 2: Batch 90/176 processed...
Epoch 2: Batch 100/176 processed...
Epoch 2: Batch 110/176 processed...
Epoch 2: Batch 120/176 processed...
Epoch 2: Batch 130/176 processed...
Epoch 2: Batch 140/176 processed...
Epoch 2: Batch 150/176 processed...
Epoch 2: Batch 160/176 processed...
Epoch 2: Batch 170/176 processed...
Epoch 2/30 | Train Loss: 1.1280
Epoch 2/30 | Val Loss: 1.0630 | AUROC: 0.5745 | PR-AUC: 0.2734 | F1: 0.2586
Val loss improved from 1.0670 to 1.0630. Saving model
Epoch 3: Batch 0/176 processed...
Epoch 3: Batch 10/176 processed...
Epoch 3: Batch 20/176 processed...
Epoch 3: Batch 30/176 processed...
Epoch 3: Batch 40/176 processed...
Epoch 3: Batch 50/176 processed...
Epoch 3: Batch 60/176 processed...
Epoch 3: Batch 70/176 processed...
Epoch 3: Batch 80/176 processed...
Epoch 3: Batch 90/176 processed...
Epoch 3: Batch 100/176 processed...
Epoch 3: Batch 110/176 processed...
Epoch 3: Batch 120/176 processed...
Epoch 3: Batch 130/176 processed...
Epoch 3: Batch 140/176 processed...
Epoch 3: Batch 150/176 processed...
Epoch 3: Batch 160/176 processed...
Epoch 3: Batch 170/176 processed...
Epoch 3/30 | Train Loss: 1.1187
Epoch 3/30 | Val Loss: 1.0533 | AUROC: 0.6061 | PR-AUC: 0.2957 | F1: 0.2825
Val loss improved from 1.0630 to 1.0533. Saving model
Epoch 4: Batch 0/176 processed...
Epoch 4: Batch 10/176 processed...
Epoch 4: Batch 20/176 processed...
Epoch 4: Batch 30/176 processed...
Epoch 4: Batch 40/176 processed...
Epoch 4: Batch 50/176 processed...
Epoch 4: Batch 60/176 processed...
Epoch 4: Batch 70/176 processed...
Epoch 4: Batch 80/176 processed...
Epoch 4: Batch 90/176 processed...
Epoch 4: Batch 100/176 processed...
Epoch 4: Batch 110/176 processed...
Epoch 4: Batch 120/176 processed...
Epoch 4: Batch 130/176 processed...
Epoch 4: Batch 140/176 processed...
Epoch 4: Batch 150/176 processed...
Epoch 4: Batch 160/176 processed...
Epoch 4: Batch 170/176 processed...
Epoch 4/30 | Train Loss: 1.1059
Epoch 4/30 | Val Loss: 1.0427 | AUROC: 0.6190 | PR-AUC: 0.2992 | F1: 0.3155
Val loss improved from 1.0533 to 1.0427. Saving model
Epoch 5: Batch 0/176 processed...
Epoch 5: Batch 10/176 processed...
Epoch 5: Batch 20/176 processed...
Epoch 5: Batch 30/176 processed...
Epoch 5: Batch 40/176 processed...
Epoch 5: Batch 50/176 processed...
Epoch 5: Batch 60/176 processed...
Epoch 5: Batch 70/176 processed...
Epoch 5: Batch 80/176 processed...
Epoch 5: Batch 90/176 processed...
Epoch 5: Batch 100/176 processed...
Epoch 5: Batch 110/176 processed...
Epoch 5: Batch 120/176 processed...
Epoch 5: Batch 130/176 processed...
Epoch 5: Batch 140/176 processed...
Epoch 5: Batch 150/176 processed...
Epoch 5: Batch 160/176 processed...
Epoch 5: Batch 170/176 processed...
Epoch 5/30 | Train Loss: 1.0866
Epoch 5/30 | Val Loss: 1.0322 | AUROC: 0.6345 | PR-AUC: 0.3041 | F1: 0.2987
Val loss improved from 1.0427 to 1.0322. Saving model
Epoch 6: Batch 0/176 processed...
Epoch 6: Batch 10/176 processed...
Epoch 6: Batch 20/176 processed...
Epoch 6: Batch 30/176 processed...
Epoch 6: Batch 40/176 processed...
Epoch 6: Batch 50/176 processed...
Epoch 6: Batch 60/176 processed...
Epoch 6: Batch 70/176 processed...
Epoch 6: Batch 80/176 processed...
Epoch 6: Batch 90/176 processed...
Epoch 6: Batch 100/176 processed...
Epoch 6: Batch 110/176 processed...
Epoch 6: Batch 120/176 processed...
Epoch 6: Batch 130/176 processed...
Epoch 6: Batch 140/176 processed...
Epoch 6: Batch 150/176 processed...
Epoch 6: Batch 160/176 processed...
Epoch 6: Batch 170/176 processed...
Epoch 6/30 | Train Loss: 1.0754
Epoch 6/30 | Val Loss: 1.0283 | AUROC: 0.6267 | PR-AUC: 0.3024 | F1: 0.3055
Val loss improved from 1.0322 to 1.0283. Saving model
Epoch 7: Batch 0/176 processed...
Epoch 7: Batch 10/176 processed...
Epoch 7: Batch 20/176 processed...
Epoch 7: Batch 30/176 processed...
Epoch 7: Batch 40/176 processed...
Epoch 7: Batch 50/176 processed...
Epoch 7: Batch 60/176 processed...
Epoch 7: Batch 70/176 processed...
Epoch 7: Batch 80/176 processed...
Epoch 7: Batch 90/176 processed...
Epoch 7: Batch 100/176 processed...
Epoch 7: Batch 110/176 processed...
Epoch 7: Batch 120/176 processed...
Epoch 7: Batch 130/176 processed...
Epoch 7: Batch 140/176 processed...
Epoch 7: Batch 150/176 processed...
Epoch 7: Batch 160/176 processed...
Epoch 7: Batch 170/176 processed...
Epoch 7/30 | Train Loss: 1.0582
Epoch 7/30 | Val Loss: 1.0282 | AUROC: 0.6218 | PR-AUC: 0.2887 | F1: 0.3059
Val loss improved from 1.0283 to 1.0282. Saving model
Epoch 8: Batch 0/176 processed...
Epoch 8: Batch 10/176 processed...
Epoch 8: Batch 20/176 processed...
Epoch 8: Batch 30/176 processed...
Epoch 8: Batch 40/176 processed...
Epoch 8: Batch 50/176 processed...
Epoch 8: Batch 60/176 processed...
Epoch 8: Batch 70/176 processed...
Epoch 8: Batch 80/176 processed...
Epoch 8: Batch 90/176 processed...
Epoch 8: Batch 100/176 processed...
Epoch 8: Batch 110/176 processed...
Epoch 8: Batch 120/176 processed...
Epoch 8: Batch 130/176 processed...
Epoch 8: Batch 140/176 processed...
Epoch 8: Batch 150/176 processed...
Epoch 8: Batch 160/176 processed...
Epoch 8: Batch 170/176 processed...
Epoch 8/30 | Train Loss: 1.0461
Epoch 8/30 | Val Loss: 1.0254 | AUROC: 0.6296 | PR-AUC: 0.2995 | F1: 0.3292
Val loss improved from 1.0282 to 1.0254. Saving model
Epoch 9: Batch 0/176 processed...
Epoch 9: Batch 10/176 processed...
Epoch 9: Batch 20/176 processed...
Epoch 9: Batch 30/176 processed...
Epoch 9: Batch 40/176 processed...
Epoch 9: Batch 50/176 processed...
Epoch 9: Batch 60/176 processed...
Epoch 9: Batch 70/176 processed...
Epoch 9: Batch 80/176 processed...
Epoch 9: Batch 90/176 processed...
Epoch 9: Batch 100/176 processed...
Epoch 9: Batch 110/176 processed...
Epoch 9: Batch 120/176 processed...
Epoch 9: Batch 130/176 processed...
Epoch 9: Batch 140/176 processed...
Epoch 9: Batch 150/176 processed...
Epoch 9: Batch 160/176 processed...
Epoch 9: Batch 170/176 processed...
Epoch 9/30 | Train Loss: 1.0399
Epoch 9/30 | Val Loss: 1.0212 | AUROC: 0.6314 | PR-AUC: 0.3008 | F1: 0.3239
Val loss improved from 1.0254 to 1.0212. Saving model
Epoch 10: Batch 0/176 processed...
Epoch 10: Batch 10/176 processed...
Epoch 10: Batch 20/176 processed...
Epoch 10: Batch 30/176 processed...
Epoch 10: Batch 40/176 processed...
Epoch 10: Batch 50/176 processed...
Epoch 10: Batch 60/176 processed...
Epoch 10: Batch 70/176 processed...
Epoch 10: Batch 80/176 processed...
Epoch 10: Batch 90/176 processed...
Epoch 10: Batch 100/176 processed...
Epoch 10: Batch 110/176 processed...
Epoch 10: Batch 120/176 processed...
Epoch 10: Batch 130/176 processed...
Epoch 10: Batch 140/176 processed...
Epoch 10: Batch 150/176 processed...
Epoch 10: Batch 160/176 processed...
Epoch 10: Batch 170/176 processed...
Epoch 10/30 | Train Loss: 1.0305
Epoch 10/30 | Val Loss: 1.0189 | AUROC: 0.6322 | PR-AUC: 0.3052 | F1: 0.3287
Val loss improved from 1.0212 to 1.0189. Saving model
Epoch 11: Batch 0/176 processed...
Epoch 11: Batch 10/176 processed...
Epoch 11: Batch 20/176 processed...
Epoch 11: Batch 30/176 processed...
Epoch 11: Batch 40/176 processed...
Epoch 11: Batch 50/176 processed...
Epoch 11: Batch 60/176 processed...
Epoch 11: Batch 70/176 processed...
Epoch 11: Batch 80/176 processed...
Epoch 11: Batch 90/176 processed...
Epoch 11: Batch 100/176 processed...
Epoch 11: Batch 110/176 processed...
Epoch 11: Batch 120/176 processed...
Epoch 11: Batch 130/176 processed...
Epoch 11: Batch 140/176 processed...
Epoch 11: Batch 150/176 processed...
Epoch 11: Batch 160/176 processed...
Epoch 11: Batch 170/176 processed...
Epoch 11/30 | Train Loss: 1.0308
Epoch 11/30 | Val Loss: 1.0180 | AUROC: 0.6379 | PR-AUC: 0.3075 | F1: 0.3208
Val loss improved from 1.0189 to 1.0180. Saving model
Epoch 12: Batch 0/176 processed...
Epoch 12: Batch 10/176 processed...
Epoch 12: Batch 20/176 processed...
Epoch 12: Batch 30/176 processed...
Epoch 12: Batch 40/176 processed...
Epoch 12: Batch 50/176 processed...
Epoch 12: Batch 60/176 processed...
Epoch 12: Batch 70/176 processed...
Epoch 12: Batch 80/176 processed...
Epoch 12: Batch 90/176 processed...
Epoch 12: Batch 100/176 processed...
Epoch 12: Batch 110/176 processed...
Epoch 12: Batch 120/176 processed...
Epoch 12: Batch 130/176 processed...
Epoch 12: Batch 140/176 processed...
Epoch 12: Batch 150/176 processed...
Epoch 12: Batch 160/176 processed...
Epoch 12: Batch 170/176 processed...
Epoch 12/30 | Train Loss: 1.0070
Epoch 12/30 | Val Loss: 1.0139 | AUROC: 0.6365 | PR-AUC: 0.3068 | F1: 0.3248
Val loss improved from 1.0180 to 1.0139. Saving model
Epoch 13: Batch 0/176 processed...
Epoch 13: Batch 10/176 processed...
Epoch 13: Batch 20/176 processed...
Epoch 13: Batch 30/176 processed...
Epoch 13: Batch 40/176 processed...
Epoch 13: Batch 50/176 processed...
Epoch 13: Batch 60/176 processed...
Epoch 13: Batch 70/176 processed...
Epoch 13: Batch 80/176 processed...
Epoch 13: Batch 90/176 processed...
Epoch 13: Batch 100/176 processed...
Epoch 13: Batch 110/176 processed...
Epoch 13: Batch 120/176 processed...
Epoch 13: Batch 130/176 processed...
Epoch 13: Batch 140/176 processed...
Epoch 13: Batch 150/176 processed...
Epoch 13: Batch 160/176 processed...
Epoch 13: Batch 170/176 processed...
Epoch 13/30 | Train Loss: 1.0138
Epoch 13/30 | Val Loss: 1.0120 | AUROC: 0.6392 | PR-AUC: 0.3118 | F1: 0.3274
Val loss improved from 1.0139 to 1.0120. Saving model
Epoch 14: Batch 0/176 processed...
Epoch 14: Batch 10/176 processed...
Epoch 14: Batch 20/176 processed...
Epoch 14: Batch 30/176 processed...
Epoch 14: Batch 40/176 processed...
Epoch 14: Batch 50/176 processed...
Epoch 14: Batch 60/176 processed...
Epoch 14: Batch 70/176 processed...
Epoch 14: Batch 80/176 processed...
Epoch 14: Batch 90/176 processed...
Epoch 14: Batch 100/176 processed...
Epoch 14: Batch 110/176 processed...
Epoch 14: Batch 120/176 processed...
Epoch 14: Batch 130/176 processed...
Epoch 14: Batch 140/176 processed...
Epoch 14: Batch 150/176 processed...
Epoch 14: Batch 160/176 processed...
Epoch 14: Batch 170/176 processed...
Epoch 14/30 | Train Loss: 0.9970
Epoch 14/30 | Val Loss: 1.0140 | AUROC: 0.6384 | PR-AUC: 0.3143 | F1: 0.3275
Epoch 15: Batch 0/176 processed...
Epoch 15: Batch 10/176 processed...
Epoch 15: Batch 20/176 processed...
Epoch 15: Batch 30/176 processed...
Epoch 15: Batch 40/176 processed...
Epoch 15: Batch 50/176 processed...
Epoch 15: Batch 60/176 processed...
Epoch 15: Batch 70/176 processed...
Epoch 15: Batch 80/176 processed...
Epoch 15: Batch 90/176 processed...
Epoch 15: Batch 100/176 processed...
Epoch 15: Batch 110/176 processed...
Epoch 15: Batch 120/176 processed...
Epoch 15: Batch 130/176 processed...
Epoch 15: Batch 140/176 processed...
Epoch 15: Batch 150/176 processed...
Epoch 15: Batch 160/176 processed...
Epoch 15: Batch 170/176 processed...
Epoch 15/30 | Train Loss: 1.0063
Epoch 15/30 | Val Loss: 1.0162 | AUROC: 0.6426 | PR-AUC: 0.3125 | F1: 0.3303
Epoch 16: Batch 0/176 processed...
Epoch 16: Batch 10/176 processed...
Epoch 16: Batch 20/176 processed...
Epoch 16: Batch 30/176 processed...
Epoch 16: Batch 40/176 processed...
Epoch 16: Batch 50/176 processed...
Epoch 16: Batch 60/176 processed...
Epoch 16: Batch 70/176 processed...
Epoch 16: Batch 80/176 processed...
Epoch 16: Batch 90/176 processed...
Epoch 16: Batch 100/176 processed...
Epoch 16: Batch 110/176 processed...
Epoch 16: Batch 120/176 processed...
Epoch 16: Batch 130/176 processed...
Epoch 16: Batch 140/176 processed...
Epoch 16: Batch 150/176 processed...
Epoch 16: Batch 160/176 processed...
Epoch 16: Batch 170/176 processed...
Epoch 16/30 | Train Loss: 1.0002
Epoch 16/30 | Val Loss: 1.0056 | AUROC: 0.6516 | PR-AUC: 0.3178 | F1: 0.3382
Val loss improved from 1.0120 to 1.0056. Saving model
Epoch 17: Batch 0/176 processed...
Epoch 17: Batch 10/176 processed...
Epoch 17: Batch 20/176 processed...
Epoch 17: Batch 30/176 processed...
Epoch 17: Batch 40/176 processed...
Epoch 17: Batch 50/176 processed...
Epoch 17: Batch 60/176 processed...
Epoch 17: Batch 70/176 processed...
Epoch 17: Batch 80/176 processed...
Epoch 17: Batch 90/176 processed...
Epoch 17: Batch 100/176 processed...
Epoch 17: Batch 110/176 processed...
Epoch 17: Batch 120/176 processed...
Epoch 17: Batch 130/176 processed...
Epoch 17: Batch 140/176 processed...
Epoch 17: Batch 150/176 processed...
Epoch 17: Batch 160/176 processed...
Epoch 17: Batch 170/176 processed...
Epoch 17/30 | Train Loss: 0.9936
Epoch 17/30 | Val Loss: 1.0067 | AUROC: 0.6491 | PR-AUC: 0.3235 | F1: 0.3232
Epoch 18: Batch 0/176 processed...
Epoch 18: Batch 10/176 processed...
Epoch 18: Batch 20/176 processed...
Epoch 18: Batch 30/176 processed...
Epoch 18: Batch 40/176 processed...
Epoch 18: Batch 50/176 processed...
Epoch 18: Batch 60/176 processed...
Epoch 18: Batch 70/176 processed...
Epoch 18: Batch 80/176 processed...
Epoch 18: Batch 90/176 processed...
Epoch 18: Batch 100/176 processed...
Epoch 18: Batch 110/176 processed...
Epoch 18: Batch 120/176 processed...
Epoch 18: Batch 130/176 processed...
Epoch 18: Batch 140/176 processed...
Epoch 18: Batch 150/176 processed...
Epoch 18: Batch 160/176 processed...
Epoch 18: Batch 170/176 processed...
Epoch 18/30 | Train Loss: 0.9920
Epoch 18/30 | Val Loss: 1.0088 | AUROC: 0.6519 | PR-AUC: 0.3227 | F1: 0.3356
Epoch 19: Batch 0/176 processed...
Epoch 19: Batch 10/176 processed...
Epoch 19: Batch 20/176 processed...
Epoch 19: Batch 30/176 processed...
Epoch 19: Batch 40/176 processed...
Epoch 19: Batch 50/176 processed...
Epoch 19: Batch 60/176 processed...
Epoch 19: Batch 70/176 processed...
Epoch 19: Batch 80/176 processed...
Epoch 19: Batch 90/176 processed...
Epoch 19: Batch 100/176 processed...
Epoch 19: Batch 110/176 processed...
Epoch 19: Batch 120/176 processed...
Epoch 19: Batch 130/176 processed...
Epoch 19: Batch 140/176 processed...
Epoch 19: Batch 150/176 processed...
Epoch 19: Batch 160/176 processed...
Epoch 19: Batch 170/176 processed...
Epoch 19/30 | Train Loss: 0.9862
Epoch 19/30 | Val Loss: 1.0032 | AUROC: 0.6553 | PR-AUC: 0.3305 | F1: 0.3359
Val loss improved from 1.0056 to 1.0032. Saving model
Epoch 20: Batch 0/176 processed...
Epoch 20: Batch 10/176 processed...
Epoch 20: Batch 20/176 processed...
Epoch 20: Batch 30/176 processed...
Epoch 20: Batch 40/176 processed...
Epoch 20: Batch 50/176 processed...
Epoch 20: Batch 60/176 processed...
Epoch 20: Batch 70/176 processed...
Epoch 20: Batch 80/176 processed...
Epoch 20: Batch 90/176 processed...
Epoch 20: Batch 100/176 processed...
Epoch 20: Batch 110/176 processed...
Epoch 20: Batch 120/176 processed...
Epoch 20: Batch 130/176 processed...
Epoch 20: Batch 140/176 processed...
Epoch 20: Batch 150/176 processed...
Epoch 20: Batch 160/176 processed...
Epoch 20: Batch 170/176 processed...
Epoch 20/30 | Train Loss: 0.9784
Epoch 20/30 | Val Loss: 1.0056 | AUROC: 0.6505 | PR-AUC: 0.3237 | F1: 0.3359
Epoch 21: Batch 0/176 processed...
Epoch 21: Batch 10/176 processed...
Epoch 21: Batch 20/176 processed...
Epoch 21: Batch 30/176 processed...
Epoch 21: Batch 40/176 processed...
Epoch 21: Batch 50/176 processed...
Epoch 21: Batch 60/176 processed...
Epoch 21: Batch 70/176 processed...
Epoch 21: Batch 80/176 processed...
Epoch 21: Batch 90/176 processed...
Epoch 21: Batch 100/176 processed...
Epoch 21: Batch 110/176 processed...
Epoch 21: Batch 120/176 processed...
Epoch 21: Batch 130/176 processed...
Epoch 21: Batch 140/176 processed...
Epoch 21: Batch 150/176 processed...
Epoch 21: Batch 160/176 processed...
Epoch 21: Batch 170/176 processed...
Epoch 21/30 | Train Loss: 0.9745
Epoch 21/30 | Val Loss: 1.0040 | AUROC: 0.6520 | PR-AUC: 0.3248 | F1: 0.3289
Epoch 22: Batch 0/176 processed...
Epoch 22: Batch 10/176 processed...
Epoch 22: Batch 20/176 processed...
Epoch 22: Batch 30/176 processed...
Epoch 22: Batch 40/176 processed...
Epoch 22: Batch 50/176 processed...
Epoch 22: Batch 60/176 processed...
Epoch 22: Batch 70/176 processed...
Epoch 22: Batch 80/176 processed...
Epoch 22: Batch 90/176 processed...
Epoch 22: Batch 100/176 processed...
Epoch 22: Batch 110/176 processed...
Epoch 22: Batch 120/176 processed...
Epoch 22: Batch 130/176 processed...
Epoch 22: Batch 140/176 processed...
Epoch 22: Batch 150/176 processed...
Epoch 22: Batch 160/176 processed...
Epoch 22: Batch 170/176 processed...
Epoch 22/30 | Train Loss: 0.9718
Epoch 22/30 | Val Loss: 1.0073 | AUROC: 0.6512 | PR-AUC: 0.3279 | F1: 0.3263
Epoch 23: Batch 0/176 processed...
Epoch 23: Batch 10/176 processed...
Epoch 23: Batch 20/176 processed...
Epoch 23: Batch 30/176 processed...
Epoch 23: Batch 40/176 processed...
Epoch 23: Batch 50/176 processed...
Epoch 23: Batch 60/176 processed...
Epoch 23: Batch 70/176 processed...
Epoch 23: Batch 80/176 processed...
Epoch 23: Batch 90/176 processed...
Epoch 23: Batch 100/176 processed...
Epoch 23: Batch 110/176 processed...
Epoch 23: Batch 120/176 processed...
Epoch 23: Batch 130/176 processed...
Epoch 23: Batch 140/176 processed...
Epoch 23: Batch 150/176 processed...
Epoch 23: Batch 160/176 processed...
Epoch 23: Batch 170/176 processed...
Epoch 23/30 | Train Loss: 0.9723
Epoch 23/30 | Val Loss: 1.0034 | AUROC: 0.6580 | PR-AUC: 0.3294 | F1: 0.3246
Epoch 24: Batch 0/176 processed...
Epoch 24: Batch 10/176 processed...
Epoch 24: Batch 20/176 processed...
Epoch 24: Batch 30/176 processed...
Epoch 24: Batch 40/176 processed...
Epoch 24: Batch 50/176 processed...
Epoch 24: Batch 60/176 processed...
Epoch 24: Batch 70/176 processed...
Epoch 24: Batch 80/176 processed...
Epoch 24: Batch 90/176 processed...
Epoch 24: Batch 100/176 processed...
Epoch 24: Batch 110/176 processed...
Epoch 24: Batch 120/176 processed...
Epoch 24: Batch 130/176 processed...
Epoch 24: Batch 140/176 processed...
Epoch 24: Batch 150/176 processed...
Epoch 24: Batch 160/176 processed...
Epoch 24: Batch 170/176 processed...
Epoch 24/30 | Train Loss: 0.9611
Epoch 24/30 | Val Loss: 1.0084 | AUROC: 0.6535 | PR-AUC: 0.3367 | F1: 0.3277
Epoch 25: Batch 0/176 processed...
Epoch 25: Batch 10/176 processed...
Epoch 25: Batch 20/176 processed...
Epoch 25: Batch 30/176 processed...
Epoch 25: Batch 40/176 processed...
Epoch 25: Batch 50/176 processed...
Epoch 25: Batch 60/176 processed...
Epoch 25: Batch 70/176 processed...
Epoch 25: Batch 80/176 processed...
Epoch 25: Batch 90/176 processed...
Epoch 25: Batch 100/176 processed...
Epoch 25: Batch 110/176 processed...
Epoch 25: Batch 120/176 processed...
Epoch 25: Batch 130/176 processed...
Epoch 25: Batch 140/176 processed...
Epoch 25: Batch 150/176 processed...
Epoch 25: Batch 160/176 processed...
Epoch 25: Batch 170/176 processed...
Epoch 25/30 | Train Loss: 0.9662
Epoch 25/30 | Val Loss: 1.0031 | AUROC: 0.6569 | PR-AUC: 0.3239 | F1: 0.3303
Val loss improved from 1.0032 to 1.0031. Saving model
Epoch 26: Batch 0/176 processed...
Epoch 26: Batch 10/176 processed...
Epoch 26: Batch 20/176 processed...
Epoch 26: Batch 30/176 processed...
Epoch 26: Batch 40/176 processed...
Epoch 26: Batch 50/176 processed...
Epoch 26: Batch 60/176 processed...
Epoch 26: Batch 70/176 processed...
Epoch 26: Batch 80/176 processed...
Epoch 26: Batch 90/176 processed...
Epoch 26: Batch 100/176 processed...
Epoch 26: Batch 110/176 processed...
Epoch 26: Batch 120/176 processed...
Epoch 26: Batch 130/176 processed...
Epoch 26: Batch 140/176 processed...
Epoch 26: Batch 150/176 processed...
Epoch 26: Batch 160/176 processed...
Epoch 26: Batch 170/176 processed...
Epoch 26/30 | Train Loss: 0.9635
Epoch 26/30 | Val Loss: 1.0042 | AUROC: 0.6590 | PR-AUC: 0.3314 | F1: 0.3298
Epoch 27: Batch 0/176 processed...
Epoch 27: Batch 10/176 processed...
Epoch 27: Batch 20/176 processed...
Epoch 27: Batch 30/176 processed...
Epoch 27: Batch 40/176 processed...
Epoch 27: Batch 50/176 processed...
Epoch 27: Batch 60/176 processed...
Epoch 27: Batch 70/176 processed...
Epoch 27: Batch 80/176 processed...
Epoch 27: Batch 90/176 processed...
Epoch 27: Batch 100/176 processed...
Epoch 27: Batch 110/176 processed...
Epoch 27: Batch 120/176 processed...
Epoch 27: Batch 130/176 processed...
Epoch 27: Batch 140/176 processed...
Epoch 27: Batch 150/176 processed...
Epoch 27: Batch 160/176 processed...
Epoch 27: Batch 170/176 processed...
Epoch 27/30 | Train Loss: 0.9640
Epoch 27/30 | Val Loss: 1.0087 | AUROC: 0.6532 | PR-AUC: 0.3281 | F1: 0.3306
Epoch 28: Batch 0/176 processed...
Epoch 28: Batch 10/176 processed...
Epoch 28: Batch 20/176 processed...
Epoch 28: Batch 30/176 processed...
Epoch 28: Batch 40/176 processed...
Epoch 28: Batch 50/176 processed...
Epoch 28: Batch 60/176 processed...
Epoch 28: Batch 70/176 processed...
Epoch 28: Batch 80/176 processed...
Epoch 28: Batch 90/176 processed...
Epoch 28: Batch 100/176 processed...
Epoch 28: Batch 110/176 processed...
Epoch 28: Batch 120/176 processed...
Epoch 28: Batch 130/176 processed...
Epoch 28: Batch 140/176 processed...
Epoch 28: Batch 150/176 processed...
Epoch 28: Batch 160/176 processed...
Epoch 28: Batch 170/176 processed...
Epoch 28/30 | Train Loss: 0.9571
Epoch 28/30 | Val Loss: 1.0074 | AUROC: 0.6566 | PR-AUC: 0.3316 | F1: 0.3245
Epoch 29: Batch 0/176 processed...
Epoch 29: Batch 10/176 processed...
Epoch 29: Batch 20/176 processed...
Epoch 29: Batch 30/176 processed...
Epoch 29: Batch 40/176 processed...
Epoch 29: Batch 50/176 processed...
Epoch 29: Batch 60/176 processed...
Epoch 29: Batch 70/176 processed...
Epoch 29: Batch 80/176 processed...
Epoch 29: Batch 90/176 processed...
Epoch 29: Batch 100/176 processed...
Epoch 29: Batch 110/176 processed...
Epoch 29: Batch 120/176 processed...
Epoch 29: Batch 130/176 processed...
Epoch 29: Batch 140/176 processed...
Epoch 29: Batch 150/176 processed...
Epoch 29: Batch 160/176 processed...
Epoch 29: Batch 170/176 processed...
Epoch 29/30 | Train Loss: 0.9361
Epoch 29/30 | Val Loss: 1.0057 | AUROC: 0.6564 | PR-AUC: 0.3253 | F1: 0.3281
Epoch 30: Batch 0/176 processed...
Epoch 30: Batch 10/176 processed...
Epoch 30: Batch 20/176 processed...
Epoch 30: Batch 30/176 processed...
Epoch 30: Batch 40/176 processed...
Epoch 30: Batch 50/176 processed...
Epoch 30: Batch 60/176 processed...
Epoch 30: Batch 70/176 processed...
Epoch 30: Batch 80/176 processed...
Epoch 30: Batch 90/176 processed...
Epoch 30: Batch 100/176 processed...
Epoch 30: Batch 110/176 processed...
Epoch 30: Batch 120/176 processed...
Epoch 30: Batch 130/176 processed...
Epoch 30: Batch 140/176 processed...
Epoch 30: Batch 150/176 processed...
Epoch 30: Batch 160/176 processed...
Epoch 30: Batch 170/176 processed...
Epoch 30/30 | Train Loss: 0.9451
Epoch 30/30 | Val Loss: 1.0073 | AUROC: 0.6557 | PR-AUC: 0.3286 | F1: 0.3254
Training Complete.
