Loading python/3.11.9-gcc-11.5.0-lcos74i
  Loading requirement: glibc/2.34-gcc-11.5.0-pvxzd7x
    gcc-runtime/11.5.0-gcc-11.5.0-ummhigh bzip2/1.0.8-gcc-11.5.0-zflzmmu
    libmd/1.0.4-gcc-11.5.0-55erl6z libbsd/0.12.2-gcc-11.5.0-vi5swmx
    expat/2.6.4-gcc-11.5.0-l7c6mcr ncurses/6.5-gcc-11.5.0-dmolxwk
    readline/8.2-gcc-11.5.0-xfzlvrx gdbm/1.23-gcc-11.5.0-az3qhor
    xz/5.4.6-gcc-11.5.0-pd2qfl7 zlib/1.3.1-gcc-11.5.0-4lchq6k
    libxml2/2.13.4-gcc-11.5.0-yqs2dzp pigz/2.8-gcc-11.5.0-4mldkdl
    zstd/1.5.6-gcc-11.5.0-rbv3mbv tar/1.34-gcc-11.5.0-cq5xmvr
    gettext/0.22.5-gcc-11.5.0-trruhow libffi/3.4.6-gcc-11.5.0-axqykin
    libxcrypt/4.4.35-gcc-11.5.0-ibrefxr openssl/3.4.0-gcc-11.5.0-jz6o2m7
    sqlite/3.46.0-gcc-11.5.0-wfqbdy2 util-linux-uuid/2.40.2-gcc-11.5.0-wl67vxg
Config: NUM_SLICES=32, FREEZE_BACKBONE=False, POOLING=attention, USE_MULTIWINDOW=True, EPOCHS=30
Finding 1000 valid volumes...
Final Counts -> Train: 702, Val: 148, Test: 150
/scratch/19335683/vlm3d_challenge/dl_env/lib64/python3.9/site-packages/monai/utils/deprecate_utils.py:321: FutureWarning: monai.transforms.spatial.dictionary Orientationd.__init__:labels: Current default value of argument `labels=(('L', 'R'), ('P', 'A'), ('I', 'S'))` was changed in version None from `labels=(('L', 'R'), ('P', 'A'), ('I', 'S'))` to `labels=None`. Default value changed to None meaning that the transform now uses the 'space' of a meta-tensor, if applicable, to determine appropriate axis labels.
  warn_deprecated(argname, msg, warning_category)
Building Slice2DClassifier (freeze_backbone=False, pooling=attention) on: cuda
Calculated Class Weights: tensor([ 9.0286,  2.3429,  7.0690, 11.1034,  2.8571,  5.6226,  4.0504,  4.2388,
         2.8152,  1.1534,  2.0000,  4.1618,  9.1739, 13.0400,  9.0286,  4.5714,
         9.1739, 13.6250], device='cuda:0')
Starting Training...
Epoch 1: Batch 0/351 processed...
Epoch 1: Batch 10/351 processed...
Epoch 1: Batch 20/351 processed...
Epoch 1: Batch 30/351 processed...
Epoch 1: Batch 40/351 processed...
Epoch 1: Batch 50/351 processed...
Epoch 1: Batch 60/351 processed...
Epoch 1: Batch 70/351 processed...
Epoch 1: Batch 80/351 processed...
Epoch 1: Batch 90/351 processed...
Epoch 1: Batch 100/351 processed...
Epoch 1: Batch 110/351 processed...
Epoch 1: Batch 120/351 processed...
Epoch 1: Batch 130/351 processed...
Epoch 1: Batch 140/351 processed...
Epoch 1: Batch 150/351 processed...
Epoch 1: Batch 160/351 processed...
Epoch 1: Batch 170/351 processed...
Epoch 1: Batch 180/351 processed...
Epoch 1: Batch 190/351 processed...
Epoch 1: Batch 200/351 processed...
Epoch 1: Batch 210/351 processed...
Epoch 1: Batch 220/351 processed...
Epoch 1: Batch 230/351 processed...
Epoch 1: Batch 240/351 processed...
Epoch 1: Batch 250/351 processed...
Epoch 1: Batch 260/351 processed...
Epoch 1: Batch 270/351 processed...
Epoch 1: Batch 280/351 processed...
Epoch 1: Batch 290/351 processed...
Epoch 1: Batch 300/351 processed...
Epoch 1: Batch 310/351 processed...
Epoch 1: Batch 320/351 processed...
Epoch 1: Batch 330/351 processed...
Epoch 1: Batch 340/351 processed...
Epoch 1: Batch 350/351 processed...
Epoch 1/30 | Train Loss: 1.0972
Epoch 1/30 | Val Loss: 0.9919 | AUROC: 0.7145 | PR-AUC: 0.3705 | F1: 0.3199
Val loss improved from inf to 0.9919. Saving model
Epoch 2: Batch 0/351 processed...
Epoch 2: Batch 10/351 processed...
Epoch 2: Batch 20/351 processed...
Epoch 2: Batch 30/351 processed...
Epoch 2: Batch 40/351 processed...
Epoch 2: Batch 50/351 processed...
Epoch 2: Batch 60/351 processed...
Epoch 2: Batch 70/351 processed...
Epoch 2: Batch 80/351 processed...
Epoch 2: Batch 90/351 processed...
Epoch 2: Batch 100/351 processed...
Epoch 2: Batch 110/351 processed...
Epoch 2: Batch 120/351 processed...
Epoch 2: Batch 130/351 processed...
Epoch 2: Batch 140/351 processed...
Epoch 2: Batch 150/351 processed...
Epoch 2: Batch 160/351 processed...
Epoch 2: Batch 170/351 processed...
Epoch 2: Batch 180/351 processed...
Epoch 2: Batch 190/351 processed...
Epoch 2: Batch 200/351 processed...
Epoch 2: Batch 210/351 processed...
Epoch 2: Batch 220/351 processed...
Epoch 2: Batch 230/351 processed...
Epoch 2: Batch 240/351 processed...
Epoch 2: Batch 250/351 processed...
Epoch 2: Batch 260/351 processed...
Epoch 2: Batch 270/351 processed...
Epoch 2: Batch 280/351 processed...
Epoch 2: Batch 290/351 processed...
Epoch 2: Batch 300/351 processed...
Epoch 2: Batch 310/351 processed...
Epoch 2: Batch 320/351 processed...
Epoch 2: Batch 330/351 processed...
Epoch 2: Batch 340/351 processed...
Epoch 2: Batch 350/351 processed...
Epoch 2/30 | Train Loss: 0.9695
Epoch 2/30 | Val Loss: 0.9376 | AUROC: 0.7490 | PR-AUC: 0.3907 | F1: 0.3943
Val loss improved from 0.9919 to 0.9376. Saving model
Epoch 3: Batch 0/351 processed...
Epoch 3: Batch 10/351 processed...
Epoch 3: Batch 20/351 processed...
Epoch 3: Batch 30/351 processed...
Epoch 3: Batch 40/351 processed...
Epoch 3: Batch 50/351 processed...
Epoch 3: Batch 60/351 processed...
Epoch 3: Batch 70/351 processed...
Epoch 3: Batch 80/351 processed...
Epoch 3: Batch 90/351 processed...
Epoch 3: Batch 100/351 processed...
Epoch 3: Batch 110/351 processed...
Epoch 3: Batch 120/351 processed...
Epoch 3: Batch 130/351 processed...
Epoch 3: Batch 140/351 processed...
Epoch 3: Batch 150/351 processed...
Epoch 3: Batch 160/351 processed...
Epoch 3: Batch 170/351 processed...
Epoch 3: Batch 180/351 processed...
Epoch 3: Batch 190/351 processed...
Epoch 3: Batch 200/351 processed...
Epoch 3: Batch 210/351 processed...
Epoch 3: Batch 220/351 processed...
Epoch 3: Batch 230/351 processed...
Epoch 3: Batch 240/351 processed...
Epoch 3: Batch 250/351 processed...
Epoch 3: Batch 260/351 processed...
Epoch 3: Batch 270/351 processed...
Epoch 3: Batch 280/351 processed...
Epoch 3: Batch 290/351 processed...
Epoch 3: Batch 300/351 processed...
Epoch 3: Batch 310/351 processed...
Epoch 3: Batch 320/351 processed...
Epoch 3: Batch 330/351 processed...
Epoch 3: Batch 340/351 processed...
Epoch 3: Batch 350/351 processed...
Epoch 3/30 | Train Loss: 0.8965
Epoch 3/30 | Val Loss: 0.9349 | AUROC: 0.7465 | PR-AUC: 0.3738 | F1: 0.3847
Val loss improved from 0.9376 to 0.9349. Saving model
Epoch 4: Batch 0/351 processed...
Epoch 4: Batch 10/351 processed...
Epoch 4: Batch 20/351 processed...
Epoch 4: Batch 30/351 processed...
Epoch 4: Batch 40/351 processed...
Epoch 4: Batch 50/351 processed...
Epoch 4: Batch 60/351 processed...
Epoch 4: Batch 70/351 processed...
Epoch 4: Batch 80/351 processed...
Epoch 4: Batch 90/351 processed...
Epoch 4: Batch 100/351 processed...
Epoch 4: Batch 110/351 processed...
Epoch 4: Batch 120/351 processed...
Epoch 4: Batch 130/351 processed...
Epoch 4: Batch 140/351 processed...
Epoch 4: Batch 150/351 processed...
Epoch 4: Batch 160/351 processed...
Epoch 4: Batch 170/351 processed...
Epoch 4: Batch 180/351 processed...
Epoch 4: Batch 190/351 processed...
Epoch 4: Batch 200/351 processed...
Epoch 4: Batch 210/351 processed...
Epoch 4: Batch 220/351 processed...
Epoch 4: Batch 230/351 processed...
Epoch 4: Batch 240/351 processed...
Epoch 4: Batch 250/351 processed...
Epoch 4: Batch 260/351 processed...
Epoch 4: Batch 270/351 processed...
Epoch 4: Batch 280/351 processed...
Epoch 4: Batch 290/351 processed...
Epoch 4: Batch 300/351 processed...
Epoch 4: Batch 310/351 processed...
Epoch 4: Batch 320/351 processed...
Epoch 4: Batch 330/351 processed...
Epoch 4: Batch 340/351 processed...
Epoch 4: Batch 350/351 processed...
Epoch 4/30 | Train Loss: 0.8320
Epoch 4/30 | Val Loss: 0.9473 | AUROC: 0.7510 | PR-AUC: 0.3824 | F1: 0.3698
Epoch 5: Batch 0/351 processed...
Epoch 5: Batch 10/351 processed...
Epoch 5: Batch 20/351 processed...
Epoch 5: Batch 30/351 processed...
Epoch 5: Batch 40/351 processed...
Epoch 5: Batch 50/351 processed...
Epoch 5: Batch 60/351 processed...
Epoch 5: Batch 70/351 processed...
Epoch 5: Batch 80/351 processed...
Epoch 5: Batch 90/351 processed...
Epoch 5: Batch 100/351 processed...
Epoch 5: Batch 110/351 processed...
Epoch 5: Batch 120/351 processed...
Epoch 5: Batch 130/351 processed...
Epoch 5: Batch 140/351 processed...
Epoch 5: Batch 150/351 processed...
Epoch 5: Batch 160/351 processed...
Epoch 5: Batch 170/351 processed...
Epoch 5: Batch 180/351 processed...
Epoch 5: Batch 190/351 processed...
Epoch 5: Batch 200/351 processed...
Epoch 5: Batch 210/351 processed...
Epoch 5: Batch 220/351 processed...
Epoch 5: Batch 230/351 processed...
Epoch 5: Batch 240/351 processed...
Epoch 5: Batch 250/351 processed...
Epoch 5: Batch 260/351 processed...
Epoch 5: Batch 270/351 processed...
Epoch 5: Batch 280/351 processed...
Epoch 5: Batch 290/351 processed...
Epoch 5: Batch 300/351 processed...
Epoch 5: Batch 310/351 processed...
Epoch 5: Batch 320/351 processed...
Epoch 5: Batch 330/351 processed...
Epoch 5: Batch 340/351 processed...
Epoch 5: Batch 350/351 processed...
Epoch 5/30 | Train Loss: 0.7869
Epoch 5/30 | Val Loss: 1.0458 | AUROC: 0.7357 | PR-AUC: 0.4222 | F1: 0.3541
Epoch 6: Batch 0/351 processed...
Epoch 6: Batch 10/351 processed...
Epoch 6: Batch 20/351 processed...
Epoch 6: Batch 30/351 processed...
Epoch 6: Batch 40/351 processed...
Epoch 6: Batch 50/351 processed...
Epoch 6: Batch 60/351 processed...
Epoch 6: Batch 70/351 processed...
Epoch 6: Batch 80/351 processed...
Epoch 6: Batch 90/351 processed...
Epoch 6: Batch 100/351 processed...
Epoch 6: Batch 110/351 processed...
Epoch 6: Batch 120/351 processed...
Epoch 6: Batch 130/351 processed...
Epoch 6: Batch 140/351 processed...
Epoch 6: Batch 150/351 processed...
Epoch 6: Batch 160/351 processed...
Epoch 6: Batch 170/351 processed...
Epoch 6: Batch 180/351 processed...
Epoch 6: Batch 190/351 processed...
Epoch 6: Batch 200/351 processed...
Epoch 6: Batch 210/351 processed...
Epoch 6: Batch 220/351 processed...
Epoch 6: Batch 230/351 processed...
Epoch 6: Batch 240/351 processed...
Epoch 6: Batch 250/351 processed...
Epoch 6: Batch 260/351 processed...
Epoch 6: Batch 270/351 processed...
Epoch 6: Batch 280/351 processed...
Epoch 6: Batch 290/351 processed...
Epoch 6: Batch 300/351 processed...
Epoch 6: Batch 310/351 processed...
Epoch 6: Batch 320/351 processed...
Epoch 6: Batch 330/351 processed...
Epoch 6: Batch 340/351 processed...
Epoch 6: Batch 350/351 processed...
Epoch 6/30 | Train Loss: 0.7146
Epoch 6/30 | Val Loss: 0.9703 | AUROC: 0.7591 | PR-AUC: 0.4143 | F1: 0.3887
Epoch 7: Batch 0/351 processed...
Epoch 7: Batch 10/351 processed...
Epoch 7: Batch 20/351 processed...
Epoch 7: Batch 30/351 processed...
Epoch 7: Batch 40/351 processed...
Epoch 7: Batch 50/351 processed...
Epoch 7: Batch 60/351 processed...
Epoch 7: Batch 70/351 processed...
Epoch 7: Batch 80/351 processed...
Epoch 7: Batch 90/351 processed...
Epoch 7: Batch 100/351 processed...
Epoch 7: Batch 110/351 processed...
Epoch 7: Batch 120/351 processed...
Epoch 7: Batch 130/351 processed...
Epoch 7: Batch 140/351 processed...
Epoch 7: Batch 150/351 processed...
Epoch 7: Batch 160/351 processed...
Epoch 7: Batch 170/351 processed...
Epoch 7: Batch 180/351 processed...
Epoch 7: Batch 190/351 processed...
Epoch 7: Batch 200/351 processed...
Epoch 7: Batch 210/351 processed...
Epoch 7: Batch 220/351 processed...
Epoch 7: Batch 230/351 processed...
Epoch 7: Batch 240/351 processed...
Epoch 7: Batch 250/351 processed...
Epoch 7: Batch 260/351 processed...
Epoch 7: Batch 270/351 processed...
Epoch 7: Batch 280/351 processed...
Epoch 7: Batch 290/351 processed...
Epoch 7: Batch 300/351 processed...
Epoch 7: Batch 310/351 processed...
Epoch 7: Batch 320/351 processed...
Epoch 7: Batch 330/351 processed...
Epoch 7: Batch 340/351 processed...
Epoch 7: Batch 350/351 processed...
Epoch 7/30 | Train Loss: 0.6605
Epoch 7/30 | Val Loss: 0.9232 | AUROC: 0.7788 | PR-AUC: 0.4391 | F1: 0.4105
Val loss improved from 0.9349 to 0.9232. Saving model
Epoch 8: Batch 0/351 processed...
Epoch 8: Batch 10/351 processed...
Epoch 8: Batch 20/351 processed...
Epoch 8: Batch 30/351 processed...
Epoch 8: Batch 40/351 processed...
Epoch 8: Batch 50/351 processed...
Epoch 8: Batch 60/351 processed...
Epoch 8: Batch 70/351 processed...
Epoch 8: Batch 80/351 processed...
Epoch 8: Batch 90/351 processed...
Epoch 8: Batch 100/351 processed...
Epoch 8: Batch 110/351 processed...
Epoch 8: Batch 120/351 processed...
Epoch 8: Batch 130/351 processed...
Epoch 8: Batch 140/351 processed...
Epoch 8: Batch 150/351 processed...
Epoch 8: Batch 160/351 processed...
Epoch 8: Batch 170/351 processed...
Epoch 8: Batch 180/351 processed...
Epoch 8: Batch 190/351 processed...
Epoch 8: Batch 200/351 processed...
Epoch 8: Batch 210/351 processed...
Epoch 8: Batch 220/351 processed...
Epoch 8: Batch 230/351 processed...
Epoch 8: Batch 240/351 processed...
Epoch 8: Batch 250/351 processed...
Epoch 8: Batch 260/351 processed...
Epoch 8: Batch 270/351 processed...
Epoch 8: Batch 280/351 processed...
Epoch 8: Batch 290/351 processed...
Epoch 8: Batch 300/351 processed...
Epoch 8: Batch 310/351 processed...
Epoch 8: Batch 320/351 processed...
Epoch 8: Batch 330/351 processed...
Epoch 8: Batch 340/351 processed...
Epoch 8: Batch 350/351 processed...
Epoch 8/30 | Train Loss: 0.6105
Epoch 8/30 | Val Loss: 1.0695 | AUROC: 0.7737 | PR-AUC: 0.4196 | F1: 0.4024
Epoch 9: Batch 0/351 processed...
Epoch 9: Batch 10/351 processed...
Epoch 9: Batch 20/351 processed...
Epoch 9: Batch 30/351 processed...
Epoch 9: Batch 40/351 processed...
Epoch 9: Batch 50/351 processed...
Epoch 9: Batch 60/351 processed...
Epoch 9: Batch 70/351 processed...
Epoch 9: Batch 80/351 processed...
Epoch 9: Batch 90/351 processed...
Epoch 9: Batch 100/351 processed...
Epoch 9: Batch 110/351 processed...
Epoch 9: Batch 120/351 processed...
Epoch 9: Batch 130/351 processed...
Epoch 9: Batch 140/351 processed...
Epoch 9: Batch 150/351 processed...
Epoch 9: Batch 160/351 processed...
Epoch 9: Batch 170/351 processed...
Epoch 9: Batch 180/351 processed...
Epoch 9: Batch 190/351 processed...
Epoch 9: Batch 200/351 processed...
Epoch 9: Batch 210/351 processed...
Epoch 9: Batch 220/351 processed...
Epoch 9: Batch 230/351 processed...
Epoch 9: Batch 240/351 processed...
Epoch 9: Batch 250/351 processed...
Epoch 9: Batch 260/351 processed...
Epoch 9: Batch 270/351 processed...
Epoch 9: Batch 280/351 processed...
Epoch 9: Batch 290/351 processed...
Epoch 9: Batch 300/351 processed...
Epoch 9: Batch 310/351 processed...
Epoch 9: Batch 320/351 processed...
Epoch 9: Batch 330/351 processed...
Epoch 9: Batch 340/351 processed...
Epoch 9: Batch 350/351 processed...
Epoch 9/30 | Train Loss: 0.5599
Epoch 9/30 | Val Loss: 1.1251 | AUROC: 0.7545 | PR-AUC: 0.3934 | F1: 0.3643
Epoch 10: Batch 0/351 processed...
Epoch 10: Batch 10/351 processed...
Epoch 10: Batch 20/351 processed...
Epoch 10: Batch 30/351 processed...
Epoch 10: Batch 40/351 processed...
Epoch 10: Batch 50/351 processed...
Epoch 10: Batch 60/351 processed...
Epoch 10: Batch 70/351 processed...
Epoch 10: Batch 80/351 processed...
Epoch 10: Batch 90/351 processed...
Epoch 10: Batch 100/351 processed...
Epoch 10: Batch 110/351 processed...
Epoch 10: Batch 120/351 processed...
Epoch 10: Batch 130/351 processed...
Epoch 10: Batch 140/351 processed...
Epoch 10: Batch 150/351 processed...
Epoch 10: Batch 160/351 processed...
Epoch 10: Batch 170/351 processed...
Epoch 10: Batch 180/351 processed...
Epoch 10: Batch 190/351 processed...
Epoch 10: Batch 200/351 processed...
Epoch 10: Batch 210/351 processed...
Epoch 10: Batch 220/351 processed...
Epoch 10: Batch 230/351 processed...
Epoch 10: Batch 240/351 processed...
Epoch 10: Batch 250/351 processed...
Epoch 10: Batch 260/351 processed...
Epoch 10: Batch 270/351 processed...
Epoch 10: Batch 280/351 processed...
Epoch 10: Batch 290/351 processed...
Epoch 10: Batch 300/351 processed...
Epoch 10: Batch 310/351 processed...
Epoch 10: Batch 320/351 processed...
Epoch 10: Batch 330/351 processed...
Epoch 10: Batch 340/351 processed...
Epoch 10: Batch 350/351 processed...
Epoch 10/30 | Train Loss: 0.5545
Epoch 10/30 | Val Loss: 1.2176 | AUROC: 0.7474 | PR-AUC: 0.3979 | F1: 0.3760
Epoch 11: Batch 0/351 processed...
Epoch 11: Batch 10/351 processed...
Epoch 11: Batch 20/351 processed...
Epoch 11: Batch 30/351 processed...
Epoch 11: Batch 40/351 processed...
Epoch 11: Batch 50/351 processed...
Epoch 11: Batch 60/351 processed...
Epoch 11: Batch 70/351 processed...
Epoch 11: Batch 80/351 processed...
Epoch 11: Batch 90/351 processed...
Epoch 11: Batch 100/351 processed...
Epoch 11: Batch 110/351 processed...
Epoch 11: Batch 120/351 processed...
Epoch 11: Batch 130/351 processed...
Epoch 11: Batch 140/351 processed...
Epoch 11: Batch 150/351 processed...
Epoch 11: Batch 160/351 processed...
Epoch 11: Batch 170/351 processed...
Epoch 11: Batch 180/351 processed...
Epoch 11: Batch 190/351 processed...
Epoch 11: Batch 200/351 processed...
Epoch 11: Batch 210/351 processed...
Epoch 11: Batch 220/351 processed...
Epoch 11: Batch 230/351 processed...
Epoch 11: Batch 240/351 processed...
Epoch 11: Batch 250/351 processed...
Epoch 11: Batch 260/351 processed...
Epoch 11: Batch 270/351 processed...
Epoch 11: Batch 280/351 processed...
Epoch 11: Batch 290/351 processed...
Epoch 11: Batch 300/351 processed...
Epoch 11: Batch 310/351 processed...
Epoch 11: Batch 320/351 processed...
Epoch 11: Batch 330/351 processed...
Epoch 11: Batch 340/351 processed...
Epoch 11: Batch 350/351 processed...
Epoch 11/30 | Train Loss: 0.4830
Epoch 11/30 | Val Loss: 1.2701 | AUROC: 0.7229 | PR-AUC: 0.3983 | F1: 0.3825
Epoch 12: Batch 0/351 processed...
Epoch 12: Batch 10/351 processed...
Epoch 12: Batch 20/351 processed...
Epoch 12: Batch 30/351 processed...
Epoch 12: Batch 40/351 processed...
Epoch 12: Batch 50/351 processed...
Epoch 12: Batch 60/351 processed...
Epoch 12: Batch 70/351 processed...
Epoch 12: Batch 80/351 processed...
Epoch 12: Batch 90/351 processed...
Epoch 12: Batch 100/351 processed...
Epoch 12: Batch 110/351 processed...
Epoch 12: Batch 120/351 processed...
Epoch 12: Batch 130/351 processed...
Epoch 12: Batch 140/351 processed...
Epoch 12: Batch 150/351 processed...
Epoch 12: Batch 160/351 processed...
Epoch 12: Batch 170/351 processed...
Epoch 12: Batch 180/351 processed...
Epoch 12: Batch 190/351 processed...
Epoch 12: Batch 200/351 processed...
Epoch 12: Batch 210/351 processed...
Epoch 12: Batch 220/351 processed...
Epoch 12: Batch 230/351 processed...
Epoch 12: Batch 240/351 processed...
Epoch 12: Batch 250/351 processed...
Epoch 12: Batch 260/351 processed...
Epoch 12: Batch 270/351 processed...
Epoch 12: Batch 280/351 processed...
Epoch 12: Batch 290/351 processed...
Epoch 12: Batch 300/351 processed...
Epoch 12: Batch 310/351 processed...
Epoch 12: Batch 320/351 processed...
Epoch 12: Batch 330/351 processed...
Epoch 12: Batch 340/351 processed...
Epoch 12: Batch 350/351 processed...
Epoch 12/30 | Train Loss: 0.4278
Epoch 12/30 | Val Loss: 1.3354 | AUROC: 0.7541 | PR-AUC: 0.3921 | F1: 0.3596
Epoch 13: Batch 0/351 processed...
Epoch 13: Batch 10/351 processed...
Epoch 13: Batch 20/351 processed...
Epoch 13: Batch 30/351 processed...
Epoch 13: Batch 40/351 processed...
Epoch 13: Batch 50/351 processed...
Epoch 13: Batch 60/351 processed...
Epoch 13: Batch 70/351 processed...
Epoch 13: Batch 80/351 processed...
Epoch 13: Batch 90/351 processed...
Epoch 13: Batch 100/351 processed...
Epoch 13: Batch 110/351 processed...
Epoch 13: Batch 120/351 processed...
Epoch 13: Batch 130/351 processed...
Epoch 13: Batch 140/351 processed...
Epoch 13: Batch 150/351 processed...
Epoch 13: Batch 160/351 processed...
Epoch 13: Batch 170/351 processed...
Epoch 13: Batch 180/351 processed...
Epoch 13: Batch 190/351 processed...
Epoch 13: Batch 200/351 processed...
Epoch 13: Batch 210/351 processed...
Epoch 13: Batch 220/351 processed...
Epoch 13: Batch 230/351 processed...
Epoch 13: Batch 240/351 processed...
Epoch 13: Batch 250/351 processed...
Epoch 13: Batch 260/351 processed...
Epoch 13: Batch 270/351 processed...
Epoch 13: Batch 280/351 processed...
Epoch 13: Batch 290/351 processed...
Epoch 13: Batch 300/351 processed...
Epoch 13: Batch 310/351 processed...
Epoch 13: Batch 320/351 processed...
Epoch 13: Batch 330/351 processed...
Epoch 13: Batch 340/351 processed...
Epoch 13: Batch 350/351 processed...
Epoch 13/30 | Train Loss: 0.4097
Epoch 13/30 | Val Loss: 1.5127 | AUROC: 0.7177 | PR-AUC: 0.3858 | F1: 0.3244
Epoch 14: Batch 0/351 processed...
Epoch 14: Batch 10/351 processed...
Epoch 14: Batch 20/351 processed...
Epoch 14: Batch 30/351 processed...
Epoch 14: Batch 40/351 processed...
Epoch 14: Batch 50/351 processed...
Epoch 14: Batch 60/351 processed...
Epoch 14: Batch 70/351 processed...
Epoch 14: Batch 80/351 processed...
Epoch 14: Batch 90/351 processed...
Epoch 14: Batch 100/351 processed...
Epoch 14: Batch 110/351 processed...
Epoch 14: Batch 120/351 processed...
Epoch 14: Batch 130/351 processed...
Epoch 14: Batch 140/351 processed...
Epoch 14: Batch 150/351 processed...
Epoch 14: Batch 160/351 processed...
Epoch 14: Batch 170/351 processed...
Epoch 14: Batch 180/351 processed...
Epoch 14: Batch 190/351 processed...
Epoch 14: Batch 200/351 processed...
Epoch 14: Batch 210/351 processed...
Epoch 14: Batch 220/351 processed...
Epoch 14: Batch 230/351 processed...
Epoch 14: Batch 240/351 processed...
Epoch 14: Batch 250/351 processed...
Epoch 14: Batch 260/351 processed...
Epoch 14: Batch 270/351 processed...
Epoch 14: Batch 280/351 processed...
Epoch 14: Batch 290/351 processed...
Epoch 14: Batch 300/351 processed...
Epoch 14: Batch 310/351 processed...
Epoch 14: Batch 320/351 processed...
Epoch 14: Batch 330/351 processed...
Epoch 14: Batch 340/351 processed...
Epoch 14: Batch 350/351 processed...
Epoch 14/30 | Train Loss: 0.3561
Epoch 14/30 | Val Loss: 1.1540 | AUROC: 0.7470 | PR-AUC: 0.3838 | F1: 0.3652
Epoch 15: Batch 0/351 processed...
Epoch 15: Batch 10/351 processed...
Epoch 15: Batch 20/351 processed...
Epoch 15: Batch 30/351 processed...
Epoch 15: Batch 40/351 processed...
Epoch 15: Batch 50/351 processed...
Epoch 15: Batch 60/351 processed...
Epoch 15: Batch 70/351 processed...
Epoch 15: Batch 80/351 processed...
Epoch 15: Batch 90/351 processed...
Epoch 15: Batch 100/351 processed...
Epoch 15: Batch 110/351 processed...
Epoch 15: Batch 120/351 processed...
Epoch 15: Batch 130/351 processed...
Epoch 15: Batch 140/351 processed...
Epoch 15: Batch 150/351 processed...
Epoch 15: Batch 160/351 processed...
Epoch 15: Batch 170/351 processed...
Epoch 15: Batch 180/351 processed...
Epoch 15: Batch 190/351 processed...
Epoch 15: Batch 200/351 processed...
Epoch 15: Batch 210/351 processed...
Epoch 15: Batch 220/351 processed...
Epoch 15: Batch 230/351 processed...
Epoch 15: Batch 240/351 processed...
Epoch 15: Batch 250/351 processed...
Epoch 15: Batch 260/351 processed...
Epoch 15: Batch 270/351 processed...
Epoch 15: Batch 280/351 processed...
Epoch 15: Batch 290/351 processed...
Epoch 15: Batch 300/351 processed...
Epoch 15: Batch 310/351 processed...
Epoch 15: Batch 320/351 processed...
Epoch 15: Batch 330/351 processed...
Epoch 15: Batch 340/351 processed...
Epoch 15: Batch 350/351 processed...
Epoch 15/30 | Train Loss: 0.3703
Epoch 15/30 | Val Loss: 1.8744 | AUROC: 0.7020 | PR-AUC: 0.3686 | F1: 0.3362
Epoch 16: Batch 0/351 processed...
Epoch 16: Batch 10/351 processed...
Epoch 16: Batch 20/351 processed...
Epoch 16: Batch 30/351 processed...
Epoch 16: Batch 40/351 processed...
Epoch 16: Batch 50/351 processed...
Epoch 16: Batch 60/351 processed...
Epoch 16: Batch 70/351 processed...
Epoch 16: Batch 80/351 processed...
Epoch 16: Batch 90/351 processed...
Epoch 16: Batch 100/351 processed...
Epoch 16: Batch 110/351 processed...
Epoch 16: Batch 120/351 processed...
Epoch 16: Batch 130/351 processed...
Epoch 16: Batch 140/351 processed...
Epoch 16: Batch 150/351 processed...
Epoch 16: Batch 160/351 processed...
Epoch 16: Batch 170/351 processed...
Epoch 16: Batch 180/351 processed...
Epoch 16: Batch 190/351 processed...
Epoch 16: Batch 200/351 processed...
Epoch 16: Batch 210/351 processed...
Epoch 16: Batch 220/351 processed...
Epoch 16: Batch 230/351 processed...
Epoch 16: Batch 240/351 processed...
Epoch 16: Batch 250/351 processed...
Epoch 16: Batch 260/351 processed...
Epoch 16: Batch 270/351 processed...
Epoch 16: Batch 280/351 processed...
Epoch 16: Batch 290/351 processed...
Epoch 16: Batch 300/351 processed...
Epoch 16: Batch 310/351 processed...
Epoch 16: Batch 320/351 processed...
Epoch 16: Batch 330/351 processed...
Epoch 16: Batch 340/351 processed...
Epoch 16: Batch 350/351 processed...
Epoch 16/30 | Train Loss: 0.3070
Epoch 16/30 | Val Loss: 1.7809 | AUROC: 0.7022 | PR-AUC: 0.4055 | F1: 0.3448
Epoch 17: Batch 0/351 processed...
Epoch 17: Batch 10/351 processed...
Epoch 17: Batch 20/351 processed...
Epoch 17: Batch 30/351 processed...
Epoch 17: Batch 40/351 processed...
Epoch 17: Batch 50/351 processed...
Epoch 17: Batch 60/351 processed...
Epoch 17: Batch 70/351 processed...
Epoch 17: Batch 80/351 processed...
Epoch 17: Batch 90/351 processed...
Epoch 17: Batch 100/351 processed...
Epoch 17: Batch 110/351 processed...
Epoch 17: Batch 120/351 processed...
Epoch 17: Batch 130/351 processed...
Epoch 17: Batch 140/351 processed...
Epoch 17: Batch 150/351 processed...
Epoch 17: Batch 160/351 processed...
Epoch 17: Batch 170/351 processed...
Epoch 17: Batch 180/351 processed...
Epoch 17: Batch 190/351 processed...
Epoch 17: Batch 200/351 processed...
Epoch 17: Batch 210/351 processed...
Epoch 17: Batch 220/351 processed...
Epoch 17: Batch 230/351 processed...
Epoch 17: Batch 240/351 processed...
Epoch 17: Batch 250/351 processed...
Epoch 17: Batch 260/351 processed...
Epoch 17: Batch 270/351 processed...
Epoch 17: Batch 280/351 processed...
Epoch 17: Batch 290/351 processed...
Epoch 17: Batch 300/351 processed...
Epoch 17: Batch 310/351 processed...
Epoch 17: Batch 320/351 processed...
Epoch 17: Batch 330/351 processed...
Epoch 17: Batch 340/351 processed...
Epoch 17: Batch 350/351 processed...
Epoch 17/30 | Train Loss: 0.2546
Epoch 17/30 | Val Loss: 1.9229 | AUROC: 0.6973 | PR-AUC: 0.3773 | F1: 0.3392
Epoch 18: Batch 0/351 processed...
Epoch 18: Batch 10/351 processed...
Epoch 18: Batch 20/351 processed...
Epoch 18: Batch 30/351 processed...
Epoch 18: Batch 40/351 processed...
Epoch 18: Batch 50/351 processed...
Epoch 18: Batch 60/351 processed...
Epoch 18: Batch 70/351 processed...
Epoch 18: Batch 80/351 processed...
Epoch 18: Batch 90/351 processed...
Epoch 18: Batch 100/351 processed...
Epoch 18: Batch 110/351 processed...
Epoch 18: Batch 120/351 processed...
Epoch 18: Batch 130/351 processed...
Epoch 18: Batch 140/351 processed...
Epoch 18: Batch 150/351 processed...
Epoch 18: Batch 160/351 processed...
Epoch 18: Batch 170/351 processed...
Epoch 18: Batch 180/351 processed...
Epoch 18: Batch 190/351 processed...
Epoch 18: Batch 200/351 processed...
Epoch 18: Batch 210/351 processed...
Epoch 18: Batch 220/351 processed...
Epoch 18: Batch 230/351 processed...
Epoch 18: Batch 240/351 processed...
Epoch 18: Batch 250/351 processed...
Epoch 18: Batch 260/351 processed...
Epoch 18: Batch 270/351 processed...
Epoch 18: Batch 280/351 processed...
Epoch 18: Batch 290/351 processed...
Epoch 18: Batch 300/351 processed...
Epoch 18: Batch 310/351 processed...
Epoch 18: Batch 320/351 processed...
Epoch 18: Batch 330/351 processed...
Epoch 18: Batch 340/351 processed...
Epoch 18: Batch 350/351 processed...
Epoch 18/30 | Train Loss: 0.2195
Epoch 18/30 | Val Loss: 1.8103 | AUROC: 0.6803 | PR-AUC: 0.4085 | F1: 0.4006
Epoch 19: Batch 0/351 processed...
Epoch 19: Batch 10/351 processed...
Epoch 19: Batch 20/351 processed...
Epoch 19: Batch 30/351 processed...
Epoch 19: Batch 40/351 processed...
Epoch 19: Batch 50/351 processed...
Epoch 19: Batch 60/351 processed...
Epoch 19: Batch 70/351 processed...
Epoch 19: Batch 80/351 processed...
Epoch 19: Batch 90/351 processed...
Epoch 19: Batch 100/351 processed...
Epoch 19: Batch 110/351 processed...
Epoch 19: Batch 120/351 processed...
Epoch 19: Batch 130/351 processed...
Epoch 19: Batch 140/351 processed...
Epoch 19: Batch 150/351 processed...
Epoch 19: Batch 160/351 processed...
Epoch 19: Batch 170/351 processed...
Epoch 19: Batch 180/351 processed...
Epoch 19: Batch 190/351 processed...
Epoch 19: Batch 200/351 processed...
Epoch 19: Batch 210/351 processed...
Epoch 19: Batch 220/351 processed...
Epoch 19: Batch 230/351 processed...
Epoch 19: Batch 240/351 processed...
Epoch 19: Batch 250/351 processed...
Epoch 19: Batch 260/351 processed...
Epoch 19: Batch 270/351 processed...
Epoch 19: Batch 280/351 processed...
Epoch 19: Batch 290/351 processed...
Epoch 19: Batch 300/351 processed...
Epoch 19: Batch 310/351 processed...
Epoch 19: Batch 320/351 processed...
Epoch 19: Batch 330/351 processed...
Epoch 19: Batch 340/351 processed...
Epoch 19: Batch 350/351 processed...
Epoch 19/30 | Train Loss: 0.2633
Epoch 19/30 | Val Loss: 2.5010 | AUROC: 0.6874 | PR-AUC: 0.3849 | F1: 0.3316
Epoch 20: Batch 0/351 processed...
Epoch 20: Batch 10/351 processed...
Epoch 20: Batch 20/351 processed...
Epoch 20: Batch 30/351 processed...
Epoch 20: Batch 40/351 processed...
Epoch 20: Batch 50/351 processed...
Epoch 20: Batch 60/351 processed...
Epoch 20: Batch 70/351 processed...
Epoch 20: Batch 80/351 processed...
Epoch 20: Batch 90/351 processed...
Epoch 20: Batch 100/351 processed...
Epoch 20: Batch 110/351 processed...
Epoch 20: Batch 120/351 processed...
Epoch 20: Batch 130/351 processed...
Epoch 20: Batch 140/351 processed...
Epoch 20: Batch 150/351 processed...
Epoch 20: Batch 160/351 processed...
Epoch 20: Batch 170/351 processed...
Epoch 20: Batch 180/351 processed...
Epoch 20: Batch 190/351 processed...
Epoch 20: Batch 200/351 processed...
Epoch 20: Batch 210/351 processed...
Epoch 20: Batch 220/351 processed...
Epoch 20: Batch 230/351 processed...
Epoch 20: Batch 240/351 processed...
Epoch 20: Batch 250/351 processed...
Epoch 20: Batch 260/351 processed...
Epoch 20: Batch 270/351 processed...
Epoch 20: Batch 280/351 processed...
Epoch 20: Batch 290/351 processed...
Epoch 20: Batch 300/351 processed...
Epoch 20: Batch 310/351 processed...
Epoch 20: Batch 320/351 processed...
Epoch 20: Batch 330/351 processed...
Epoch 20: Batch 340/351 processed...
Epoch 20: Batch 350/351 processed...
Epoch 20/30 | Train Loss: 0.2353
Epoch 20/30 | Val Loss: 1.9811 | AUROC: 0.6879 | PR-AUC: 0.3844 | F1: 0.3354
Epoch 21: Batch 0/351 processed...
Epoch 21: Batch 10/351 processed...
Epoch 21: Batch 20/351 processed...
Epoch 21: Batch 30/351 processed...
Epoch 21: Batch 40/351 processed...
Epoch 21: Batch 50/351 processed...
Epoch 21: Batch 60/351 processed...
Epoch 21: Batch 70/351 processed...
Epoch 21: Batch 80/351 processed...
Epoch 21: Batch 90/351 processed...
Epoch 21: Batch 100/351 processed...
Epoch 21: Batch 110/351 processed...
Epoch 21: Batch 120/351 processed...
Epoch 21: Batch 130/351 processed...
Epoch 21: Batch 140/351 processed...
Epoch 21: Batch 150/351 processed...
Epoch 21: Batch 160/351 processed...
Epoch 21: Batch 170/351 processed...
Epoch 21: Batch 180/351 processed...
Epoch 21: Batch 190/351 processed...
Epoch 21: Batch 200/351 processed...
Epoch 21: Batch 210/351 processed...
Epoch 21: Batch 220/351 processed...
Epoch 21: Batch 230/351 processed...
Epoch 21: Batch 240/351 processed...
Epoch 21: Batch 250/351 processed...
Epoch 21: Batch 260/351 processed...
Epoch 21: Batch 270/351 processed...
Epoch 21: Batch 280/351 processed...
Epoch 21: Batch 290/351 processed...
Epoch 21: Batch 300/351 processed...
Epoch 21: Batch 310/351 processed...
Epoch 21: Batch 320/351 processed...
Epoch 21: Batch 330/351 processed...
Epoch 21: Batch 340/351 processed...
Epoch 21: Batch 350/351 processed...
Epoch 21/30 | Train Loss: 0.2211
Epoch 21/30 | Val Loss: 2.1414 | AUROC: 0.6597 | PR-AUC: 0.3755 | F1: 0.3184
Epoch 22: Batch 0/351 processed...
Epoch 22: Batch 10/351 processed...
Epoch 22: Batch 20/351 processed...
Epoch 22: Batch 30/351 processed...
Epoch 22: Batch 40/351 processed...
Epoch 22: Batch 50/351 processed...
Epoch 22: Batch 60/351 processed...
Epoch 22: Batch 70/351 processed...
Epoch 22: Batch 80/351 processed...
Epoch 22: Batch 90/351 processed...
Epoch 22: Batch 100/351 processed...
Epoch 22: Batch 110/351 processed...
Epoch 22: Batch 120/351 processed...
Epoch 22: Batch 130/351 processed...
Epoch 22: Batch 140/351 processed...
Epoch 22: Batch 150/351 processed...
Epoch 22: Batch 160/351 processed...
Epoch 22: Batch 170/351 processed...
Epoch 22: Batch 180/351 processed...
Epoch 22: Batch 190/351 processed...
Epoch 22: Batch 200/351 processed...
Epoch 22: Batch 210/351 processed...
Epoch 22: Batch 220/351 processed...
Epoch 22: Batch 230/351 processed...
Epoch 22: Batch 240/351 processed...
Epoch 22: Batch 250/351 processed...
Epoch 22: Batch 260/351 processed...
Epoch 22: Batch 270/351 processed...
Epoch 22: Batch 280/351 processed...
Epoch 22: Batch 290/351 processed...
Epoch 22: Batch 300/351 processed...
Epoch 22: Batch 310/351 processed...
Epoch 22: Batch 320/351 processed...
Epoch 22: Batch 330/351 processed...
Epoch 22: Batch 340/351 processed...
Epoch 22: Batch 350/351 processed...
Epoch 22/30 | Train Loss: 0.2027
Epoch 22/30 | Val Loss: 2.4077 | AUROC: 0.6829 | PR-AUC: 0.3966 | F1: 0.3271
Epoch 23: Batch 0/351 processed...
Epoch 23: Batch 10/351 processed...
Epoch 23: Batch 20/351 processed...
Epoch 23: Batch 30/351 processed...
Epoch 23: Batch 40/351 processed...
Epoch 23: Batch 50/351 processed...
Epoch 23: Batch 60/351 processed...
Epoch 23: Batch 70/351 processed...
Epoch 23: Batch 80/351 processed...
Epoch 23: Batch 90/351 processed...
Epoch 23: Batch 100/351 processed...
Epoch 23: Batch 110/351 processed...
Epoch 23: Batch 120/351 processed...
Epoch 23: Batch 130/351 processed...
Epoch 23: Batch 140/351 processed...
Epoch 23: Batch 150/351 processed...
Epoch 23: Batch 160/351 processed...
Epoch 23: Batch 170/351 processed...
Epoch 23: Batch 180/351 processed...
Epoch 23: Batch 190/351 processed...
Epoch 23: Batch 200/351 processed...
Epoch 23: Batch 210/351 processed...
Epoch 23: Batch 220/351 processed...
Epoch 23: Batch 230/351 processed...
Epoch 23: Batch 240/351 processed...
Epoch 23: Batch 250/351 processed...
Epoch 23: Batch 260/351 processed...
Epoch 23: Batch 270/351 processed...
Epoch 23: Batch 280/351 processed...
Epoch 23: Batch 290/351 processed...
Epoch 23: Batch 300/351 processed...
Epoch 23: Batch 310/351 processed...
Epoch 23: Batch 320/351 processed...
Epoch 23: Batch 330/351 processed...
Epoch 23: Batch 340/351 processed...
Epoch 23: Batch 350/351 processed...
Epoch 23/30 | Train Loss: 0.1676
Epoch 23/30 | Val Loss: 2.6658 | AUROC: 0.6548 | PR-AUC: 0.3636 | F1: 0.3051
Epoch 24: Batch 0/351 processed...
Epoch 24: Batch 10/351 processed...
Epoch 24: Batch 20/351 processed...
Epoch 24: Batch 30/351 processed...
Epoch 24: Batch 40/351 processed...
Epoch 24: Batch 50/351 processed...
Epoch 24: Batch 60/351 processed...
Epoch 24: Batch 70/351 processed...
Epoch 24: Batch 80/351 processed...
Epoch 24: Batch 90/351 processed...
Epoch 24: Batch 100/351 processed...
Epoch 24: Batch 110/351 processed...
Epoch 24: Batch 120/351 processed...
Epoch 24: Batch 130/351 processed...
Epoch 24: Batch 140/351 processed...
Epoch 24: Batch 150/351 processed...
Epoch 24: Batch 160/351 processed...
Epoch 24: Batch 170/351 processed...
Epoch 24: Batch 180/351 processed...
Epoch 24: Batch 190/351 processed...
Epoch 24: Batch 200/351 processed...
Epoch 24: Batch 210/351 processed...
Epoch 24: Batch 220/351 processed...
Epoch 24: Batch 230/351 processed...
Epoch 24: Batch 240/351 processed...
Epoch 24: Batch 250/351 processed...
Epoch 24: Batch 260/351 processed...
Epoch 24: Batch 270/351 processed...
Epoch 24: Batch 280/351 processed...
Epoch 24: Batch 290/351 processed...
Epoch 24: Batch 300/351 processed...
Epoch 24: Batch 310/351 processed...
Epoch 24: Batch 320/351 processed...
Epoch 24: Batch 330/351 processed...
Epoch 24: Batch 340/351 processed...
Epoch 24: Batch 350/351 processed...
Epoch 24/30 | Train Loss: 0.1596
Epoch 24/30 | Val Loss: 2.3141 | AUROC: 0.6757 | PR-AUC: 0.3958 | F1: 0.3596
Epoch 25: Batch 0/351 processed...
Epoch 25: Batch 10/351 processed...
Epoch 25: Batch 20/351 processed...
Epoch 25: Batch 30/351 processed...
Epoch 25: Batch 40/351 processed...
Epoch 25: Batch 50/351 processed...
Epoch 25: Batch 60/351 processed...
Epoch 25: Batch 70/351 processed...
Epoch 25: Batch 80/351 processed...
Epoch 25: Batch 90/351 processed...
Epoch 25: Batch 100/351 processed...
Epoch 25: Batch 110/351 processed...
Epoch 25: Batch 120/351 processed...
Epoch 25: Batch 130/351 processed...
Epoch 25: Batch 140/351 processed...
Epoch 25: Batch 150/351 processed...
Epoch 25: Batch 160/351 processed...
Epoch 25: Batch 170/351 processed...
Epoch 25: Batch 180/351 processed...
Epoch 25: Batch 190/351 processed...
Epoch 25: Batch 200/351 processed...
Epoch 25: Batch 210/351 processed...
Epoch 25: Batch 220/351 processed...
Epoch 25: Batch 230/351 processed...
Epoch 25: Batch 240/351 processed...
Epoch 25: Batch 250/351 processed...
Epoch 25: Batch 260/351 processed...
Epoch 25: Batch 270/351 processed...
Epoch 25: Batch 280/351 processed...
Epoch 25: Batch 290/351 processed...
Epoch 25: Batch 300/351 processed...
Epoch 25: Batch 310/351 processed...
Epoch 25: Batch 320/351 processed...
Epoch 25: Batch 330/351 processed...
Epoch 25: Batch 340/351 processed...
Epoch 25: Batch 350/351 processed...
Epoch 25/30 | Train Loss: 0.1294
Epoch 25/30 | Val Loss: 2.5767 | AUROC: 0.6621 | PR-AUC: 0.3800 | F1: 0.3317
Epoch 26: Batch 0/351 processed...
Epoch 26: Batch 10/351 processed...
Epoch 26: Batch 20/351 processed...
Epoch 26: Batch 30/351 processed...
Epoch 26: Batch 40/351 processed...
Epoch 26: Batch 50/351 processed...
Epoch 26: Batch 60/351 processed...
Epoch 26: Batch 70/351 processed...
Epoch 26: Batch 80/351 processed...
Epoch 26: Batch 90/351 processed...
Epoch 26: Batch 100/351 processed...
Epoch 26: Batch 110/351 processed...
Epoch 26: Batch 120/351 processed...
Epoch 26: Batch 130/351 processed...
Epoch 26: Batch 140/351 processed...
Epoch 26: Batch 150/351 processed...
Epoch 26: Batch 160/351 processed...
Epoch 26: Batch 170/351 processed...
Epoch 26: Batch 180/351 processed...
Epoch 26: Batch 190/351 processed...
Epoch 26: Batch 200/351 processed...
Epoch 26: Batch 210/351 processed...
Epoch 26: Batch 220/351 processed...
Epoch 26: Batch 230/351 processed...
Epoch 26: Batch 240/351 processed...
Epoch 26: Batch 250/351 processed...
Epoch 26: Batch 260/351 processed...
Epoch 26: Batch 270/351 processed...
Epoch 26: Batch 280/351 processed...
Epoch 26: Batch 290/351 processed...
Epoch 26: Batch 300/351 processed...
Epoch 26: Batch 310/351 processed...
Epoch 26: Batch 320/351 processed...
Epoch 26: Batch 330/351 processed...
Epoch 26: Batch 340/351 processed...
Epoch 26: Batch 350/351 processed...
Epoch 26/30 | Train Loss: 0.1476
Epoch 26/30 | Val Loss: 2.7842 | AUROC: 0.6676 | PR-AUC: 0.3757 | F1: 0.2806
Epoch 27: Batch 0/351 processed...
Epoch 27: Batch 10/351 processed...
Epoch 27: Batch 20/351 processed...
Epoch 27: Batch 30/351 processed...
Epoch 27: Batch 40/351 processed...
Epoch 27: Batch 50/351 processed...
Epoch 27: Batch 60/351 processed...
Epoch 27: Batch 70/351 processed...
Epoch 27: Batch 80/351 processed...
Epoch 27: Batch 90/351 processed...
Epoch 27: Batch 100/351 processed...
Epoch 27: Batch 110/351 processed...
Epoch 27: Batch 120/351 processed...
Epoch 27: Batch 130/351 processed...
Epoch 27: Batch 140/351 processed...
Epoch 27: Batch 150/351 processed...
Epoch 27: Batch 160/351 processed...
Epoch 27: Batch 170/351 processed...
Epoch 27: Batch 180/351 processed...
Epoch 27: Batch 190/351 processed...
Epoch 27: Batch 200/351 processed...
Epoch 27: Batch 210/351 processed...
Epoch 27: Batch 220/351 processed...
Epoch 27: Batch 230/351 processed...
Epoch 27: Batch 240/351 processed...
Epoch 27: Batch 250/351 processed...
Epoch 27: Batch 260/351 processed...
Epoch 27: Batch 270/351 processed...
Epoch 27: Batch 280/351 processed...
Epoch 27: Batch 290/351 processed...
Epoch 27: Batch 300/351 processed...
Epoch 27: Batch 310/351 processed...
Epoch 27: Batch 320/351 processed...
Epoch 27: Batch 330/351 processed...
Epoch 27: Batch 340/351 processed...
Epoch 27: Batch 350/351 processed...
Epoch 27/30 | Train Loss: 0.1572
Epoch 27/30 | Val Loss: 2.5716 | AUROC: 0.6731 | PR-AUC: 0.3872 | F1: 0.3188
Epoch 28: Batch 0/351 processed...
Epoch 28: Batch 10/351 processed...
Epoch 28: Batch 20/351 processed...
Epoch 28: Batch 30/351 processed...
Epoch 28: Batch 40/351 processed...
Epoch 28: Batch 50/351 processed...
Epoch 28: Batch 60/351 processed...
Epoch 28: Batch 70/351 processed...
Epoch 28: Batch 80/351 processed...
Epoch 28: Batch 90/351 processed...
Epoch 28: Batch 100/351 processed...
Epoch 28: Batch 110/351 processed...
Epoch 28: Batch 120/351 processed...
Epoch 28: Batch 130/351 processed...
Epoch 28: Batch 140/351 processed...
Epoch 28: Batch 150/351 processed...
Epoch 28: Batch 160/351 processed...
Epoch 28: Batch 170/351 processed...
Epoch 28: Batch 180/351 processed...
Epoch 28: Batch 190/351 processed...
Epoch 28: Batch 200/351 processed...
Epoch 28: Batch 210/351 processed...
Epoch 28: Batch 220/351 processed...
Epoch 28: Batch 230/351 processed...
Epoch 28: Batch 240/351 processed...
Epoch 28: Batch 250/351 processed...
Epoch 28: Batch 260/351 processed...
Epoch 28: Batch 270/351 processed...
Epoch 28: Batch 280/351 processed...
Epoch 28: Batch 290/351 processed...
Epoch 28: Batch 300/351 processed...
Epoch 28: Batch 310/351 processed...
Epoch 28: Batch 320/351 processed...
Epoch 28: Batch 330/351 processed...
Epoch 28: Batch 340/351 processed...
Epoch 28: Batch 350/351 processed...
Epoch 28/30 | Train Loss: 0.1245
Epoch 28/30 | Val Loss: 2.8576 | AUROC: 0.6655 | PR-AUC: 0.3793 | F1: 0.3076
Epoch 29: Batch 0/351 processed...
Epoch 29: Batch 10/351 processed...
Epoch 29: Batch 20/351 processed...
Epoch 29: Batch 30/351 processed...
Epoch 29: Batch 40/351 processed...
Epoch 29: Batch 50/351 processed...
Epoch 29: Batch 60/351 processed...
Epoch 29: Batch 70/351 processed...
Epoch 29: Batch 80/351 processed...
Epoch 29: Batch 90/351 processed...
Epoch 29: Batch 100/351 processed...
Epoch 29: Batch 110/351 processed...
Epoch 29: Batch 120/351 processed...
Epoch 29: Batch 130/351 processed...
Epoch 29: Batch 140/351 processed...
Epoch 29: Batch 150/351 processed...
Epoch 29: Batch 160/351 processed...
Epoch 29: Batch 170/351 processed...
Epoch 29: Batch 180/351 processed...
Epoch 29: Batch 190/351 processed...
Epoch 29: Batch 200/351 processed...
Epoch 29: Batch 210/351 processed...
Epoch 29: Batch 220/351 processed...
Epoch 29: Batch 230/351 processed...
Epoch 29: Batch 240/351 processed...
Epoch 29: Batch 250/351 processed...
Epoch 29: Batch 260/351 processed...
Epoch 29: Batch 270/351 processed...
Epoch 29: Batch 280/351 processed...
Epoch 29: Batch 290/351 processed...
Epoch 29: Batch 300/351 processed...
Epoch 29: Batch 310/351 processed...
Epoch 29: Batch 320/351 processed...
Epoch 29: Batch 330/351 processed...
Epoch 29: Batch 340/351 processed...
Epoch 29: Batch 350/351 processed...
Epoch 29/30 | Train Loss: 0.0991
Epoch 29/30 | Val Loss: 2.6533 | AUROC: 0.6901 | PR-AUC: 0.4070 | F1: 0.3720
Epoch 30: Batch 0/351 processed...
Epoch 30: Batch 10/351 processed...
Epoch 30: Batch 20/351 processed...
Epoch 30: Batch 30/351 processed...
Epoch 30: Batch 40/351 processed...
Epoch 30: Batch 50/351 processed...
Epoch 30: Batch 60/351 processed...
Epoch 30: Batch 70/351 processed...
Epoch 30: Batch 80/351 processed...
Epoch 30: Batch 90/351 processed...
Epoch 30: Batch 100/351 processed...
Epoch 30: Batch 110/351 processed...
Epoch 30: Batch 120/351 processed...
Epoch 30: Batch 130/351 processed...
Epoch 30: Batch 140/351 processed...
Epoch 30: Batch 150/351 processed...
Epoch 30: Batch 160/351 processed...
Epoch 30: Batch 170/351 processed...
Epoch 30: Batch 180/351 processed...
Epoch 30: Batch 190/351 processed...
Epoch 30: Batch 200/351 processed...
Epoch 30: Batch 210/351 processed...
Epoch 30: Batch 220/351 processed...
Epoch 30: Batch 230/351 processed...
Epoch 30: Batch 240/351 processed...
Epoch 30: Batch 250/351 processed...
Epoch 30: Batch 260/351 processed...
Epoch 30: Batch 270/351 processed...
Epoch 30: Batch 280/351 processed...
Epoch 30: Batch 290/351 processed...
Epoch 30: Batch 300/351 processed...
Epoch 30: Batch 310/351 processed...
Epoch 30: Batch 320/351 processed...
Epoch 30: Batch 330/351 processed...
Epoch 30: Batch 340/351 processed...
Epoch 30: Batch 350/351 processed...
Epoch 30/30 | Train Loss: 0.1047
Epoch 30/30 | Val Loss: 2.7466 | AUROC: 0.6727 | PR-AUC: 0.3845 | F1: 0.2870
Training Complete.
